2026-04-12 12:18:40,322 [INFO] 当前使用的合约列表（共 9 个合约）：
2026-04-12 12:18:40,322 [INFO] ['ao888', 'ni888', 'pb888', 'sn888', 'ss888', 'zn888', 'al888', 'cu888', 'bc888']
2026-04-12 12:18:40,322 [INFO] 开始获取数据...
2026-04-12 12:18:40,322 [INFO] 数据获取完成！
2026-04-12 12:18:40,376 [INFO] 训练集数据预处理完成，共 576 条记录
2026-04-12 12:18:40,376 [INFO] 测试集数据预处理完成，共 738 条记录
2026-04-12 12:18:40,376 [INFO] 计算训练集目标变量...
2026-04-12 12:18:40,378 [INFO] 计算测试集目标变量...
2026-04-12 12:18:40,391 [INFO] 原始数据行数: 567
2026-04-12 12:18:40,392 [INFO] 
构造训练数据...
2026-04-12 12:18:40,396 [INFO] 特征 open 转换成功，形状: (63, 9)
2026-04-12 12:18:40,397 [INFO] 特征 close 转换成功，形状: (63, 9)
2026-04-12 12:18:40,398 [INFO] 特征 high 转换成功，形状: (63, 9)
2026-04-12 12:18:40,400 [INFO] 特征 low 转换成功，形状: (63, 9)
2026-04-12 12:18:40,401 [INFO] 特征 volume 转换成功，形状: (63, 9)
2026-04-12 12:18:40,401 [INFO] 特征 open_interest 转换成功，形状: (63, 9)
2026-04-12 12:18:40,402 [INFO] 特征 future_return 转换成功，形状: (63, 9)
2026-04-12 12:18:40,402 [INFO] 
构造测试数据...
2026-04-12 12:18:40,403 [INFO] 特征 open 转换成功，形状: (81, 9)
2026-04-12 12:18:40,405 [INFO] 特征 close 转换成功，形状: (81, 9)
2026-04-12 12:18:40,406 [INFO] 特征 high 转换成功，形状: (81, 9)
2026-04-12 12:18:40,407 [INFO] 特征 low 转换成功，形状: (81, 9)
2026-04-12 12:18:40,408 [INFO] 特征 volume 转换成功，形状: (81, 9)
2026-04-12 12:18:40,410 [INFO] 特征 open_interest 转换成功，形状: (81, 9)
2026-04-12 12:18:40,411 [INFO] 特征 future_return 转换成功，形状: (81, 9)
2026-04-12 12:18:40,411 [INFO] 
训练数据准备完成:
2026-04-12 12:18:40,411 [INFO] 时间点数量: 63
2026-04-12 12:18:40,411 [INFO] 合约数量: 9
2026-04-12 12:18:40,412 [INFO] 特征数量: 6
2026-04-12 12:18:40,412 [INFO] 特征列表: ['open', 'close', 'high', 'low', 'volume', 'open_interest']
2026-04-12 12:18:40,412 [INFO] 
测试数据准备完成:
2026-04-12 12:18:40,412 [INFO] 时间点数量: 81
2026-04-12 12:18:40,412 [INFO] 合约数量: 9
2026-04-12 12:18:40,412 [INFO] 特征数量: 6
2026-04-12 12:18:40,412 [INFO] 特征列表: ['open', 'close', 'high', 'low', 'volume', 'open_interest']
2026-04-12 12:18:40,412 [INFO] 
数据质量检查:
2026-04-12 12:18:40,412 [INFO] y中NaN比例: 0.00%
2026-04-12 12:18:40,412 [INFO] y中有效值数量: 567
2026-04-12 12:18:40,413 [INFO] 训练集最小时间: 2025-06-03 00:00:00, 最大时间: 2025-08-28 00:00:00
2026-04-12 12:18:40,413 [INFO]   open: NaN比例=0.00%
2026-04-12 12:18:40,413 [INFO]   close: NaN比例=0.00%
2026-04-12 12:18:40,413 [INFO]   high: NaN比例=0.00%
2026-04-12 12:18:40,413 [INFO]   low: NaN比例=0.00%
2026-04-12 12:18:40,413 [INFO]   volume: NaN比例=0.00%
2026-04-12 12:18:40,413 [INFO] 
测试集数据质量检查:
2026-04-12 12:18:40,413 [INFO] y_test中NaN比例: 0.00%
2026-04-12 12:18:40,413 [INFO] y_test中有效值数量: 729
2026-04-12 12:18:40,414 [INFO] 测试集最小时间: 2025-09-01 00:00:00, 最大时间: 2025-12-30 00:00:00
2026-04-12 12:18:40,414 [INFO]   open: NaN比例=0.00%
2026-04-12 12:18:40,414 [INFO]   close: NaN比例=0.00%
2026-04-12 12:18:40,414 [INFO]   high: NaN比例=0.00%
2026-04-12 12:18:40,414 [INFO]   low: NaN比例=0.00%
2026-04-12 12:18:40,414 [INFO]   volume: NaN比例=0.00%
2026-04-12 12:18:40,414 [INFO] 本次使用的随机数种子为: 4194675261
2026-04-12 12:18:40,415 [INFO] 训练前关键配置检查：
2026-04-12 12:18:40,415 [INFO]   SYMBOLS数量: 9
2026-04-12 12:18:40,415 [INFO]   训练集shape: (63, 9)
2026-04-12 12:18:40,415 [INFO]   测试集shape: (81, 9)
2026-04-12 12:18:40,415 [INFO]   IC_PERIOD: 1
2026-04-12 12:18:40,415 [INFO]   FITNESS_W_TRAIN: 0.4
2026-04-12 12:18:40,415 [INFO]   FITNESS_W_TEST: 0.6
2026-04-12 12:18:42,962 [INFO] 开始遗传规划因子挖掘...
2026-04-12 12:18:42,962 [INFO] ==============================================================================================================================================================================================================
2026-04-12 12:18:42,962 [INFO] |       种群信息       |               最优个体               |                 因子质量                 |
2026-04-12 12:18:42,962 [INFO] 
--------------------------------------------------------------------------------------------------------------------------------------------------------------------------------------------------------------
2026-04-12 12:18:42,962 [INFO] 轮次  代数    平均长度    平均适应度    最优长度    最优适应度      平均IC(训/测)       平均IR(训/测)       最优IC(训/测)       最优IR(训/测)   最优有效时点(训/测)   剩余时间  最优表达式
2026-04-12 12:18:42,962 [INFO] 
--------------------------------------------------------------------------------------------------------------------------------------------------------------------------------------------------------------
2026-04-12 12:18:42,963 [INFO]    1    1         5.2       -0.0508           3        0.0762   -0.0201/ 0.0009   -0.0613/-0.0012    0.0123/ 0.0929    0.0275/ 0.2137            48/  66         ?  BOLL_UPPER(16, 4.135717627654621)
2026-04-12 12:18:46,520 [INFO]    1    2         4.2       -0.0475           3        0.0762   -0.0197/ 0.0061   -0.0611/ 0.0091    0.0123/ 0.0929    0.0275/ 0.2137            48/  66    39.67s  BOLL_UPPER(16, 4.135717627654621)
2026-04-12 12:18:51,356 [INFO]    1    3         4.7       -0.0045           3        0.0819    0.0018/ 0.0271   -0.0004/ 0.0589    0.0161/ 0.0964    0.0358/ 0.2190            46/  64    43.75s  BOLL_LOWER(18, 1.146992804595768)
2026-04-12 12:18:55,717 [INFO]    1    4         4.7        0.0267          13        0.0911    0.0025/ 0.0545    0.0041/ 0.1208    0.0375/ 0.0681    0.1012/ 0.1464            54/  72    42.08s  TS_ZSCORE(KDJ_D(76, 7, 101.20895949082345), DIV(MACD_DEA(112.534791496693, 6, 59.1600500424799), MASS(24, 72)))
2026-04-12 12:18:59,155 [INFO]    1    5         5.1        0.0068          11        0.1068   -0.0009/ 0.0400   -0.0073/ 0.0883    0.0442/ 0.0844    0.1031/ 0.1926            38/  56    37.48s  HV(MUL(ADD(BOLL_LOWER(25, 3.703459998317858), WR(116)), BRAR_AR(12)), 15)
2026-04-12 12:19:01,910 [INFO]    1    6         4.7        0.0256           7        0.1145    0.0082/ 0.0447    0.0159/ 0.1010    0.0355/ 0.0791    0.1097/ 0.2290            63/  81    32.24s  COS(SMA(KDJ_K(21, 69), 12, 1.0))
2026-04-12 12:19:06,460 [INFO]    1    7         5.0        0.0400           7        0.1256    0.0101/ 0.0570    0.0208/ 0.1279    0.0416/ 0.0881    0.1199/ 0.2489            63/  81    29.76s  COS(SMA(KDJ_K(15, 69), 12, 1.0))
2026-04-12 12:19:10,744 [INFO]    1    8         5.5        0.0291           7        0.1256    0.0076/ 0.0485    0.0141/ 0.1084    0.0416/ 0.0881    0.1199/ 0.2489            63/  81    26.54s  COS(SMA(KDJ_K(15, 69), 12, 1.0))
2026-04-12 12:19:15,013 [INFO]    1    9         5.4        0.0209           3        0.1590    0.0038/ 0.0459    0.0066/ 0.1039    0.0619/ 0.1357    0.1452/ 0.3117            39/  57    23.06s  BOLL_LOWER(25, 45.48838525815698)
2026-04-12 12:19:19,394 [INFO]    1   10         5.9        0.0181           3        0.1590    0.0011/ 0.0438   -0.0010/ 0.1060    0.0619/ 0.1357    0.1452/ 0.3117            39/  57    19.49s  BOLL_LOWER(25, 45.48838525815698)
2026-04-12 12:19:23,797 [INFO]    1   11         5.7        0.0149           3        0.1590    0.0062/ 0.0321    0.0119/ 0.0769    0.0619/ 0.1357    0.1452/ 0.3117            39/  57    15.77s  BOLL_LOWER(25, 45.48838525815698)
2026-04-12 12:19:28,326 [INFO]    1   12         5.3        0.0320           3        0.1590    0.0099/ 0.0453    0.0200/ 0.1094    0.0619/ 0.1357    0.1452/ 0.3117            39/  57    11.98s  BOLL_LOWER(25, 45.48838525815698)
2026-04-12 12:19:32,096 [INFO]    1   13         5.1        0.0373           3        0.1590    0.0153/ 0.0481    0.0342/ 0.1116    0.0619/ 0.1357    0.1452/ 0.3117            39/  57     7.95s  BOLL_LOWER(25, 45.48838525815698)
2026-04-12 12:19:35,839 [INFO]    1   14         4.6        0.0424           3        0.1590    0.0124/ 0.0569    0.0261/ 0.1308    0.0619/ 0.1357    0.1452/ 0.3117            39/  57     3.96s  BOLL_LOWER(25, 45.48838525815698)
2026-04-12 12:19:39,532 [INFO] 检测到适应度停滞 (代数: 15)，当前最优适应度: 0.158971
2026-04-12 12:19:39,532 [INFO] 开始第 1 次自动重启...
2026-04-12 12:19:39,532 [INFO] 检测到适应度长期停滞，准备重新初始化种群...
2026-04-12 12:19:44,943 [INFO] 重启完成，继续主循环...
2026-04-12 12:19:44,943 [INFO] 
================================================================================================ 第 1 轮重启 ==================================================================================================
2026-04-12 12:19:44,943 [INFO] 开始遗传规划因子挖掘...
2026-04-12 12:19:44,944 [INFO] ==============================================================================================================================================================================================================
2026-04-12 12:19:44,944 [INFO] |       种群信息       |               最优个体               |                 因子质量                 |
2026-04-12 12:19:44,944 [INFO] 
--------------------------------------------------------------------------------------------------------------------------------------------------------------------------------------------------------------
2026-04-12 12:19:44,944 [INFO] 轮次  代数    平均长度    平均适应度    最优长度    最优适应度      平均IC(训/测)       平均IR(训/测)       最优IC(训/测)       最优IR(训/测)   最优有效时点(训/测)   剩余时间  最优表达式
2026-04-12 12:19:44,944 [INFO] 
--------------------------------------------------------------------------------------------------------------------------------------------------------------------------------------------------------------
2026-04-12 12:19:44,944 [INFO]    2    1         4.1        0.0390           4        0.1086   -0.0228/ 0.0235   -0.0671/ 0.0522    0.0510/ 0.0795    0.1141/ 0.1802            38/  56         ?  SIGNEDPOWER(BOLL_UPPER(26, 0.020333373557785858))
2026-04-12 12:19:49,541 [INFO]    2    2         4.3       -0.0273           4        0.1086   -0.0301/ 0.0343   -0.0849/ 0.0760    0.0510/ 0.0795    0.1141/ 0.1802            38/  56     7.49m  SIGNEDPOWER(BOLL_UPPER(26, 0.020333373557785858))
2026-04-12 12:19:54,457 [INFO]    2    3         4.2       -0.0083           4        0.1086   -0.0180/ 0.0431   -0.0538/ 0.0961    0.0510/ 0.0795    0.1141/ 0.1802            38/  56     4.94m  SIGNEDPOWER(BOLL_UPPER(26, 0.020333373557785858))
2026-04-12 12:19:59,261 [INFO]    2    4         4.7        0.0128           4        0.1086   -0.0069/ 0.0502   -0.0212/ 0.1129    0.0510/ 0.0795    0.1141/ 0.1802            38/  56     3.61m  SIGNEDPOWER(BOLL_UPPER(26, 0.020333373557785858))
2026-04-12 12:20:04,194 [INFO]    2    5         5.0        0.0265           4        0.1086    0.0067/ 0.0508    0.0118/ 0.1139    0.0510/ 0.0795    0.1141/ 0.1802            38/  56     2.79m  SIGNEDPOWER(BOLL_UPPER(26, 0.020333373557785858))
2026-04-12 12:20:08,329 [INFO]    2    6         4.2        0.0498           4        0.1086    0.0142/ 0.0606    0.0282/ 0.1373    0.0510/ 0.0795    0.1141/ 0.1802            38/  56     2.20m  SIGNEDPOWER(BOLL_UPPER(26, 2.6006615498325596))
2026-04-12 12:20:12,639 [INFO]    2    7         4.3        0.0389           3        0.1425    0.0104/ 0.0535    0.0161/ 0.1198    0.0365/ 0.1541    0.0808/ 0.3563            49/  67     1.76m  BOLL_LOWER(15, 53)
2026-04-12 12:20:17,731 [INFO]    2    8         4.7        0.0554           3        0.1425    0.0207/ 0.0609    0.0433/ 0.1355    0.0365/ 0.1541    0.0808/ 0.3563            49/  67     1.42m  BOLL_LOWER(15, 53)
2026-04-12 12:20:22,266 [INFO]    2    9         3.9        0.0355           3        0.1425    0.0089/ 0.0570    0.0111/ 0.1275    0.0365/ 0.1541    0.0808/ 0.3563            49/  67     1.13m  BOLL_LOWER(15, 53)
2026-04-12 12:20:25,939 [INFO]    2   10         3.9        0.0393           3        0.1425    0.0126/ 0.0594    0.0221/ 0.1322    0.0365/ 0.1541    0.0808/ 0.3563            49/  67    52.76s  BOLL_LOWER(15, 53)
2026-04-12 12:20:30,011 [INFO]    2   11         3.4        0.0391           3        0.1494    0.0053/ 0.0689    0.0044/ 0.1502    0.0336/ 0.1728    0.0771/ 0.3847            49/  67    39.85s  BOLL_LOWER(15, 42)
2026-04-12 12:20:33,750 [INFO]    2   12         3.4        0.0542           3        0.1494    0.0092/ 0.0809    0.0109/ 0.1784    0.0336/ 0.1728    0.0771/ 0.3847            49/  67    28.33s  BOLL_LOWER(15, 42)
2026-04-12 12:20:37,317 [INFO]    2   13         3.1        0.0436           4        0.1515    0.0098/ 0.0729    0.0154/ 0.1620    0.0734/ 0.1038    0.1728/ 0.2363            38/  56    17.98s  SIGNEDPOWER(BOLL_LOWER(26, 53.41418330161271))
2026-04-12 12:20:40,873 [INFO]    2   14         3.3        0.0640           4        0.1515    0.0146/ 0.0835    0.0302/ 0.1889    0.0734/ 0.1038    0.1728/ 0.2363            38/  56     8.60s  SIGNEDPOWER(BOLL_LOWER(26, 53.41418330161271))
2026-04-12 12:20:44,324 [INFO]    2   15         3.7        0.0755           4        0.1515    0.0180/ 0.0918    0.0375/ 0.2099    0.0734/ 0.1038    0.1728/ 0.2363            38/  56     0.00s  SIGNEDPOWER(BOLL_LOWER(26, 53.41418330161271))
2026-04-12 12:20:44,325 [INFO] --------------------------------------------------------------------------------------------------------------------------------------------------------------------------------------------------------------
2026-04-12 12:20:44,330 [INFO] 进化完成，共发现 2 个候选因子，开始最终评估...
2026-04-12 12:20:44,387 [INFO] 最终筛选完成，选择了 2 个最优因子
2026-04-12 12:20:44,388 [INFO] 
最优因子表达式及其绩效:
2026-04-12 12:20:44,388 [INFO] ====================================================================================================
2026-04-12 12:20:44,388 [INFO] 遗传编程训练完成，耗时: 123.97 秒
2026-04-12 12:20:44,419 [INFO] 因子 1:
2026-04-12 12:20:44,419 [INFO]   表达式: BOLL_LOWER(25, 45.48838525815698)
2026-04-12 12:20:44,419 [INFO]   适应度: 0.160971 | 训练IC: 0.061905 | 训练IR: 0.145240 | 测试IC: 0.135707 | 测试IR: 0.311713
2026-04-12 12:20:44,419 [INFO]   复杂度: 深度=2, 节点数=3, 有效时间点=39/63
2026-04-12 12:20:44,419 [INFO]   因子树形结构:
2026-04-12 12:20:44,419 [INFO]   BOLL_LOWER
2026-04-12 12:20:44,420 [INFO]   ├─ 25
2026-04-12 12:20:44,420 [INFO]   └─ 45.48838525815698
2026-04-12 12:20:44,420 [INFO] ----------------------------------------------------------------------------------------------------
2026-04-12 12:20:44,443 [INFO] 因子 2:
2026-04-12 12:20:44,444 [INFO]   表达式: BOLL_LOWER(25, 45.48838525815698)
2026-04-12 12:20:44,444 [INFO]   适应度: 0.160971 | 训练IC: 0.061905 | 训练IR: 0.145240 | 测试IC: 0.135707 | 测试IR: 0.311713
2026-04-12 12:20:44,444 [INFO]   复杂度: 深度=2, 节点数=3, 有效时间点=39/63
2026-04-12 12:20:44,444 [INFO]   因子树形结构:
2026-04-12 12:20:44,444 [INFO]   BOLL_LOWER
2026-04-12 12:20:44,444 [INFO]   ├─ 25
2026-04-12 12:20:44,445 [INFO]   └─ 45.48838525815698
2026-04-12 12:20:44,445 [INFO] ----------------------------------------------------------------------------------------------------
