2026-04-12 17:02:52,344 [INFO] 当前使用的合约列表（共 9 个合约）：
2026-04-12 17:02:52,345 [INFO] ['ao888', 'ni888', 'pb888', 'sn888', 'ss888', 'zn888', 'al888', 'cu888', 'bc888']
2026-04-12 17:02:52,345 [INFO] 开始获取数据...
2026-04-12 17:02:52,345 [INFO] 数据获取完成！
2026-04-12 17:02:52,345 [INFO] ====================================================================================================
2026-04-12 17:02:52,345 [INFO] 本地脚本模式：因子挖掘启动
2026-04-12 17:02:52,345 [INFO] ====================================================================================================
2026-04-12 17:02:52,345 [INFO] 本次合约数量: 9
2026-04-12 17:02:52,345 [INFO] ['ao888', 'ni888', 'pb888', 'sn888', 'ss888', 'zn888', 'al888', 'cu888', 'bc888']
2026-04-12 17:02:52,345 [INFO] 训练区间: 2025-06-01 ~ 2025-08-31 | 测试区间: 2025-09-01 ~ 2025-12-31 | 周期: 1天
2026-04-12 17:02:52,346 [INFO] [Mining][get_futures_data] symbol=ao888 symbol_cycle='1天' normalized_cycle='1天' mapped_cycle='1D' used_default_cycle=False
2026-04-12 17:02:52,351 [INFO] [Mining][get_futures_data] symbol=ni888 symbol_cycle='1天' normalized_cycle='1天' mapped_cycle='1D' used_default_cycle=False
2026-04-12 17:02:52,354 [INFO] [Mining][get_futures_data] symbol=pb888 symbol_cycle='1天' normalized_cycle='1天' mapped_cycle='1D' used_default_cycle=False
2026-04-12 17:02:52,358 [INFO] [Mining][get_futures_data] symbol=sn888 symbol_cycle='1天' normalized_cycle='1天' mapped_cycle='1D' used_default_cycle=False
2026-04-12 17:02:52,361 [INFO] [Mining][get_futures_data] symbol=ss888 symbol_cycle='1天' normalized_cycle='1天' mapped_cycle='1D' used_default_cycle=False
2026-04-12 17:02:52,366 [INFO] [Mining][get_futures_data] symbol=zn888 symbol_cycle='1天' normalized_cycle='1天' mapped_cycle='1D' used_default_cycle=False
2026-04-12 17:02:52,370 [INFO] [Mining][get_futures_data] symbol=al888 symbol_cycle='1天' normalized_cycle='1天' mapped_cycle='1D' used_default_cycle=False
2026-04-12 17:02:52,372 [INFO] [Mining][get_futures_data] symbol=cu888 symbol_cycle='1天' normalized_cycle='1天' mapped_cycle='1D' used_default_cycle=False
2026-04-12 17:02:52,375 [INFO] [Mining][get_futures_data] symbol=bc888 symbol_cycle='1天' normalized_cycle='1天' mapped_cycle='1D' used_default_cycle=False
2026-04-12 17:02:52,393 [INFO] [Mining][get_futures_data] symbol=ao888 symbol_cycle='1天' normalized_cycle='1天' mapped_cycle='1D' used_default_cycle=False
2026-04-12 17:02:52,396 [INFO] [Mining][get_futures_data] symbol=ni888 symbol_cycle='1天' normalized_cycle='1天' mapped_cycle='1D' used_default_cycle=False
2026-04-12 17:02:52,399 [INFO] [Mining][get_futures_data] symbol=pb888 symbol_cycle='1天' normalized_cycle='1天' mapped_cycle='1D' used_default_cycle=False
2026-04-12 17:02:52,401 [INFO] [Mining][get_futures_data] symbol=sn888 symbol_cycle='1天' normalized_cycle='1天' mapped_cycle='1D' used_default_cycle=False
2026-04-12 17:02:52,405 [INFO] [Mining][get_futures_data] symbol=ss888 symbol_cycle='1天' normalized_cycle='1天' mapped_cycle='1D' used_default_cycle=False
2026-04-12 17:02:52,408 [INFO] [Mining][get_futures_data] symbol=zn888 symbol_cycle='1天' normalized_cycle='1天' mapped_cycle='1D' used_default_cycle=False
2026-04-12 17:02:52,411 [INFO] [Mining][get_futures_data] symbol=al888 symbol_cycle='1天' normalized_cycle='1天' mapped_cycle='1D' used_default_cycle=False
2026-04-12 17:02:52,414 [INFO] [Mining][get_futures_data] symbol=cu888 symbol_cycle='1天' normalized_cycle='1天' mapped_cycle='1D' used_default_cycle=False
2026-04-12 17:02:52,415 [INFO] [Mining][get_futures_data] symbol=bc888 symbol_cycle='1天' normalized_cycle='1天' mapped_cycle='1D' used_default_cycle=False
2026-04-12 17:02:52,431 [INFO] 训练集面板形状(close): (63, 9)
2026-04-12 17:02:52,432 [INFO] 测试集面板形状(close): (81, 9)
2026-04-12 17:02:52,432 [INFO] 本次使用的随机数种子为: 1027324115
2026-04-12 17:02:54,834 [INFO] 开始遗传规划因子挖掘...
2026-04-12 17:02:54,834 [INFO] ==============================================================================================================================================================================================================
2026-04-12 17:02:54,834 [INFO] |       种群信息       |               最优个体               |                 因子质量                 |
2026-04-12 17:02:54,834 [INFO] 
--------------------------------------------------------------------------------------------------------------------------------------------------------------------------------------------------------------
2026-04-12 17:02:54,834 [INFO] 轮次  代数    平均长度    平均适应度    最优长度    最优适应度      平均IC(训/测)       平均IR(训/测)       最优IC(训/测)       最优IR(训/测)   最优有效时点(训/测)   剩余时间  最优表达式
2026-04-12 17:02:54,834 [INFO] 
--------------------------------------------------------------------------------------------------------------------------------------------------------------------------------------------------------------
2026-04-12 17:02:54,835 [INFO]    1    1         5.1       -0.0311           4        0.0912   -0.0140/ 0.0195   -0.0416/ 0.0419    0.0447/ 0.0616    0.1065/ 0.1358            62/  80         ?  LN(INV(TRIX(9)))
2026-04-12 17:02:57,947 [INFO]    1    2         4.7       -0.0101           4        0.0912   -0.0124/ 0.0329   -0.0376/ 0.0735    0.0447/ 0.0616    0.1065/ 0.1358            62/  80    35.83s  LN(INV(TRIX(9)))
2026-04-12 17:03:00,469 [INFO]    1    3         4.4        0.0184           4        0.0912    0.0040/ 0.0425    0.0046/ 0.0968    0.0447/ 0.0616    0.1065/ 0.1358            62/  80    32.14s  LN(INV(TRIX(9)))
2026-04-12 17:03:04,286 [INFO]    1    4         4.8        0.0358          15        0.0972    0.0120/ 0.0536    0.0258/ 0.1222    0.0156/ 0.0992    0.0537/ 0.2566            44/  62    32.59s  MA(DMA(COS(MUL(MACD_DIF(106, 21), RANK(SLOPE(MTM(30.802142663818145), 18), 1))), 0.45336686610249055), 17)
2026-04-12 17:03:06,290 [INFO]    1    5         5.2        0.0436          15        0.0972    0.0089/ 0.0619    0.0182/ 0.1400    0.0156/ 0.0992    0.0537/ 0.2566            44/  62    27.71s  MA(DMA(COS(MUL(MACD_DIF(106, 21), RANK(SLOPE(MTM(30.802142663818145), 18), 1))), 0.45336686610249055), 17)
2026-04-12 17:03:08,536 [INFO]    1    6         4.5        0.0397          15        0.0972    0.0080/ 0.0603    0.0147/ 0.1384    0.0156/ 0.0992    0.0537/ 0.2566            44/  62    24.15s  MA(DMA(COS(MUL(MACD_DIF(106, 21), RANK(SLOPE(MTM(30.802142663818145), 18), 1))), 0.45336686610249055), 17)
2026-04-12 17:03:11,001 [INFO]    1    7         4.6        0.0518          12        0.1471    0.0085/ 0.0720    0.0166/ 0.1664    0.0560/ 0.1111    0.1467/ 0.2708            49/  51    21.22s  DIV(SCALE(KDJ_J(32, 50, 62), KDJ_D(72, 70, 86)), MFI(15))
2026-04-12 17:03:13,541 [INFO]    1    8         4.2        0.0373          12        0.1471    0.0021/ 0.0631   -0.0023/ 0.1454    0.0560/ 0.1111    0.1467/ 0.2708            49/  51    18.47s  DIV(SCALE(KDJ_J(32, 50, 62), KDJ_D(72, 70, 86)), MFI(15))
2026-04-12 17:03:15,405 [INFO]    1    9         4.2        0.0220          12        0.1471   -0.0034/ 0.0539   -0.0136/ 0.1265    0.0560/ 0.1111    0.1467/ 0.2708            49/  51    15.31s  DIV(SCALE(KDJ_J(32, 50, 62), KDJ_D(72, 70, 86)), MFI(15))
2026-04-12 17:03:18,346 [INFO]    1   10         4.7        0.0257          12        0.1499   -0.0081/ 0.0631   -0.0261/ 0.1503    0.0600/ 0.1083    0.1539/ 0.2696            49/  51    12.96s  DIV(SCALE(KDJ_J(71.07029027566433, 21.782702378169176, 62), KDJ_D(72, 7.88948959170558, 86)), MFI(15))
2026-04-12 17:03:21,709 [INFO]    1   11         6.3        0.0269          12        0.1521   -0.0038/ 0.0633   -0.0137/ 0.1490    0.0560/ 0.1203    0.1467/ 0.2866            49/  51    10.65s  DIV(SCALE(KDJ_J(32, 50, 33), KDJ_D(72, 70, 86)), MFI(15))
2026-04-12 17:03:23,955 [INFO]    1   12         6.9        0.0649          12        0.1521    0.0141/ 0.0769    0.0329/ 0.1849    0.0560/ 0.1203    0.1467/ 0.2866            49/  51     7.88s  DIV(SCALE(KDJ_J(32, 50, 33), KDJ_D(72, 70, 86)), MFI(15))
2026-04-12 17:03:27,348 [INFO]    1   13         7.5        0.0375          12        0.1521    0.0051/ 0.0610    0.0110/ 0.1450    0.0560/ 0.1203    0.1467/ 0.2866            49/  51     5.37s  DIV(SCALE(KDJ_J(32, 50, 33), KDJ_D(72, 70, 86)), MFI(15))
2026-04-12 17:03:31,137 [INFO]    1   14         8.7        0.0369          12        0.1684    0.0054/ 0.0655    0.0100/ 0.1583    0.0511/ 0.1448    0.1431/ 0.3549            42/  51     2.76s  DIV(SCALE(KDJ_J(48, 50, 62), KDJ_D(2.541852487165566, 110, 86)), MFI(22))
2026-04-12 17:03:34,734 [INFO]    1   15         7.7        0.0332          12        0.1684    0.0040/ 0.0588    0.0062/ 0.1435    0.0511/ 0.1448    0.1431/ 0.3549            42/  51     0.00s  DIV(SCALE(KDJ_J(48, 50, 62), KDJ_D(2.541852487165566, 110, 86)), MFI(22))
2026-04-12 17:03:34,734 [INFO] --------------------------------------------------------------------------------------------------------------------------------------------------------------------------------------------------------------
2026-04-12 17:03:34,742 [INFO] 进化完成，共发现 1 个候选因子，开始最终评估...
2026-04-12 17:03:34,778 [INFO] 最终筛选完成，选择了 1 个最优因子
2026-04-12 17:03:34,778 [INFO] ====================================================================================================
2026-04-12 17:03:34,778 [INFO] 训练完成，耗时: 42.35 秒，输出因子数量: 1
2026-04-12 17:03:34,812 [INFO] ----------------------------------------------------------------------------------------------------
2026-04-12 17:03:34,812 [INFO] 因子 1: DIV(SCALE(KDJ_J(48, 50, 62), KDJ_D(2.541852487165566, 110, 86)), MFI(22))
2026-04-12 17:03:34,814 [INFO] fitness=0.168358 | train_ic=0.051066 train_ir=0.143075 | test_ic=0.144810 test_ir=0.354914
2026-04-12 17:03:34,814 [INFO] 树结构:
2026-04-12 17:03:34,814 [INFO]   DIV
2026-04-12 17:03:34,814 [INFO]   ├─ SCALE
2026-04-12 17:03:34,814 [INFO]   │  ├─ KDJ_J
2026-04-12 17:03:34,814 [INFO]   │  │  ├─ 48
2026-04-12 17:03:34,814 [INFO]   │  │  ├─ 50
2026-04-12 17:03:34,814 [INFO]   │  │  └─ 62
2026-04-12 17:03:34,814 [INFO]   │  └─ KDJ_D
2026-04-12 17:03:34,814 [INFO]   │     ├─ 2.541852487165566
2026-04-12 17:03:34,814 [INFO]   │     ├─ 110
2026-04-12 17:03:34,814 [INFO]   │     └─ 86
2026-04-12 17:03:34,814 [INFO]   └─ MFI
2026-04-12 17:03:34,814 [INFO]      └─ 22
2026-04-12 17:03:34,814 [INFO] ====================================================================================================
