2026-04-11 22:53:01,413 [INFO] 当前使用的合约列表（共 9 个合约）：
2026-04-11 22:53:01,414 [INFO] ['ao888', 'ni888', 'pb888', 'sn888', 'ss888', 'zn888', 'al888', 'cu888', 'bc888']
2026-04-11 22:53:01,414 [INFO] 开始获取数据...
2026-04-11 22:53:01,414 [INFO] 数据获取完成！
2026-04-11 22:53:01,414 [INFO] 警告：qmf_data 不可用，ao888 无法获取数据
2026-04-11 22:53:01,415 [INFO] 警告：qmf_data 不可用，ao888 无法获取数据
2026-04-11 22:53:01,415 [INFO] 警告：qmf_data 不可用，ni888 无法获取数据
2026-04-11 22:53:01,416 [INFO] 警告：qmf_data 不可用，ni888 无法获取数据
2026-04-11 22:53:01,416 [INFO] 警告：qmf_data 不可用，pb888 无法获取数据
2026-04-11 22:53:01,416 [INFO] 警告：qmf_data 不可用，pb888 无法获取数据
2026-04-11 22:53:01,417 [INFO] 警告：qmf_data 不可用，sn888 无法获取数据
2026-04-11 22:53:01,417 [INFO] 警告：qmf_data 不可用，sn888 无法获取数据
2026-04-11 22:53:01,417 [INFO] 警告：qmf_data 不可用，ss888 无法获取数据
2026-04-11 22:53:01,418 [INFO] 警告：qmf_data 不可用，ss888 无法获取数据
2026-04-11 22:53:01,418 [INFO] 警告：qmf_data 不可用，zn888 无法获取数据
2026-04-11 22:53:01,418 [INFO] 警告：qmf_data 不可用，zn888 无法获取数据
2026-04-11 22:53:01,419 [INFO] 警告：qmf_data 不可用，al888 无法获取数据
2026-04-11 22:53:01,419 [INFO] 警告：qmf_data 不可用，al888 无法获取数据
2026-04-11 22:53:01,419 [INFO] 警告：qmf_data 不可用，cu888 无法获取数据
2026-04-11 22:53:01,419 [INFO] 警告：qmf_data 不可用，cu888 无法获取数据
2026-04-11 22:53:01,420 [INFO] 警告：qmf_data 不可用，bc888 无法获取数据
2026-04-11 22:53:01,420 [INFO] 警告：qmf_data 不可用，bc888 无法获取数据
2026-04-11 22:53:01,420 [INFO] 警告：qmf_data 不可用，将使用空数据集继续
2026-04-11 22:53:01,420 [INFO] 警告：qmf_data 不可用，将使用空数据集继续
2026-04-11 22:53:01,423 [INFO] 训练集数据预处理完成，共 0 条记录
2026-04-11 22:53:01,423 [INFO] 测试集数据预处理完成，共 0 条记录
2026-04-11 22:53:01,423 [INFO] 计算训练集目标变量...
2026-04-11 22:53:01,424 [INFO] 计算测试集目标变量...
2026-04-11 22:53:01,427 [INFO] 原始数据行数: 0
2026-04-11 22:53:01,428 [INFO] 
构造训练数据...
2026-04-11 22:53:01,430 [INFO] 特征 open 转换成功，形状: (0, 0)
2026-04-11 22:53:01,430 [INFO] 特征 close 转换成功，形状: (0, 0)
2026-04-11 22:53:01,431 [INFO] 特征 high 转换成功，形状: (0, 0)
2026-04-11 22:53:01,432 [INFO] 特征 low 转换成功，形状: (0, 0)
2026-04-11 22:53:01,432 [INFO] 特征 volume 转换成功，形状: (0, 0)
2026-04-11 22:53:01,433 [INFO] 特征 open_interest 转换成功，形状: (0, 0)
2026-04-11 22:53:01,433 [INFO] 特征 future_return 转换成功，形状: (0, 0)
2026-04-11 22:53:01,433 [INFO] 
构造测试数据...
2026-04-11 22:53:01,435 [INFO] 特征 open 转换成功，形状: (0, 0)
2026-04-11 22:53:01,435 [INFO] 特征 close 转换成功，形状: (0, 0)
2026-04-11 22:53:01,436 [INFO] 特征 high 转换成功，形状: (0, 0)
2026-04-11 22:53:01,436 [INFO] 特征 low 转换成功，形状: (0, 0)
2026-04-11 22:53:01,437 [INFO] 特征 volume 转换成功，形状: (0, 0)
2026-04-11 22:53:01,438 [INFO] 特征 open_interest 转换成功，形状: (0, 0)
2026-04-11 22:53:01,438 [INFO] 特征 future_return 转换成功，形状: (0, 0)
2026-04-11 22:53:01,438 [INFO] 
训练数据准备完成:
2026-04-11 22:53:01,438 [INFO] 时间点数量: 0
2026-04-11 22:53:01,438 [INFO] 合约数量: 0
2026-04-11 22:53:01,438 [INFO] 特征数量: 6
2026-04-11 22:53:01,438 [INFO] 特征列表: ['open', 'close', 'high', 'low', 'volume', 'open_interest']
2026-04-11 22:53:01,438 [INFO] 
测试数据准备完成:
2026-04-11 22:53:01,438 [INFO] 时间点数量: 0
2026-04-11 22:53:01,438 [INFO] 合约数量: 0
2026-04-11 22:53:01,438 [INFO] 特征数量: 6
2026-04-11 22:53:01,439 [INFO] 特征列表: ['open', 'close', 'high', 'low', 'volume', 'open_interest']
2026-04-11 22:53:01,439 [INFO] 
数据质量检查:
2026-04-11 22:53:01,439 [INFO] y中NaN比例: nan%
2026-04-11 22:53:01,439 [INFO] y中有效值数量: 0
2026-04-11 22:53:01,439 [INFO]   open: NaN比例=nan%
2026-04-11 22:53:01,439 [INFO]   close: NaN比例=nan%
2026-04-11 22:53:01,439 [INFO]   high: NaN比例=nan%
2026-04-11 22:53:01,439 [INFO]   low: NaN比例=nan%
2026-04-11 22:53:01,439 [INFO]   volume: NaN比例=nan%
2026-04-11 22:53:01,439 [INFO] 
测试集数据质量检查:
2026-04-11 22:53:01,439 [INFO] y_test中NaN比例: nan%
2026-04-11 22:53:01,439 [INFO] y_test中有效值数量: 0
2026-04-11 22:53:01,439 [INFO]   open: NaN比例=nan%
2026-04-11 22:53:01,439 [INFO]   close: NaN比例=nan%
2026-04-11 22:53:01,439 [INFO]   high: NaN比例=nan%
2026-04-11 22:53:01,439 [INFO]   low: NaN比例=nan%
2026-04-11 22:53:01,439 [INFO]   volume: NaN比例=nan%
2026-04-11 22:53:01,440 [INFO] 本次使用的随机数种子为: 1054218322
2026-04-11 22:53:01,440 [INFO] 训练前关键配置检查：
2026-04-11 22:53:01,440 [INFO]   SYMBOLS数量: 9
2026-04-11 22:53:01,440 [INFO]   训练集shape: (0, 0)
2026-04-11 22:53:01,440 [INFO]   测试集shape: (0, 0)
2026-04-11 22:53:01,440 [INFO]   IC_PERIOD: 1
2026-04-11 22:53:01,440 [INFO]   FITNESS_W_TRAIN: 0.4
2026-04-11 22:53:01,440 [INFO]   FITNESS_W_TEST: 0.6
2026-04-11 22:53:01,448 [INFO] 开始遗传规划因子挖掘...
2026-04-11 22:53:01,448 [INFO] ==============================================================================================================================================================================================================
2026-04-11 22:53:01,448 [INFO] |       种群信息       |               最优个体               |                 因子质量                 |
2026-04-11 22:53:01,448 [INFO] 
--------------------------------------------------------------------------------------------------------------------------------------------------------------------------------------------------------------
2026-04-11 22:53:01,448 [INFO] 轮次  代数    平均长度    平均适应度    最优长度    最优适应度      平均IC(训/测)       平均IR(训/测)       最优IC(训/测)       最优IR(训/测)   最优有效时点(训/测)   剩余时间  最优表达式
2026-04-11 22:53:01,448 [INFO] 
--------------------------------------------------------------------------------------------------------------------------------------------------------------------------------------------------------------
2026-04-11 22:53:01,448 [INFO]    1    1         5.0          -inf           3          -inf       nan/    nan       nan/    nan       nan/    nan       nan/    nan             0/   0         ?  KDJ_K(72, 40)
2026-04-11 22:53:01,473 [INFO]    1    2         5.5          -inf          10          -inf       nan/    nan       nan/    nan       nan/    nan       nan/    nan             0/   0     0.20s  SLOPE(RANK(MASS(54, 63), SUB(TR(), BRAR_AR(20))), 1)
2026-04-11 22:53:01,500 [INFO]    1    3         5.4          -inf           2          -inf       nan/    nan       nan/    nan       nan/    nan       nan/    nan             0/   0     0.23s  MFI(80)
2026-04-11 22:53:01,512 [INFO]    1    4         5.1          -inf          29          -inf       nan/    nan       nan/    nan       nan/    nan       nan/    nan             0/   0     0.19s  ADD(SCALE(LLV(REF(MACD_DEA(60, 15, 66), 8), 3), TS_RANK(BOLL_UPPER(64, 1.0958330170599315), MUL(SCALE(RSI(95), BRAR_BR(72)), BBI(3, 116, 64, 56)))), DIV(WR(116), TR()))
2026-04-11 22:53:01,524 [INFO]    1    5         5.4          -inf           9          -inf       nan/    nan       nan/    nan       nan/    nan       nan/    nan             0/   0     0.16s  DIV(KDJ_J(79, 65, 37.286469778256944), SCALE(low, ATR(97)))
2026-04-11 22:53:01,534 [INFO]    1    6         5.4          -inf           5          -inf       nan/    nan       nan/    nan       nan/    nan       nan/    nan             0/   0     0.14s  RANK(RANK(open, 96.51139349719477), 90.67008494541493)
2026-04-11 22:53:01,545 [INFO] 检测到适应度停滞 (代数: 7)，当前最优适应度: -inf
2026-04-11 22:53:01,545 [INFO] 开始第 1 次自动重启...
2026-04-11 22:53:01,545 [INFO] 检测到适应度长期停滞，准备重新初始化种群...
2026-04-11 22:53:01,553 [INFO] 重启完成，继续主循环...
2026-04-11 22:53:01,553 [INFO] 
================================================================================================ 第 1 轮重启 ==================================================================================================
2026-04-11 22:53:01,554 [INFO] 开始遗传规划因子挖掘...
2026-04-11 22:53:01,554 [INFO] ==============================================================================================================================================================================================================
2026-04-11 22:53:01,554 [INFO] |       种群信息       |               最优个体               |                 因子质量                 |
2026-04-11 22:53:01,554 [INFO] 
--------------------------------------------------------------------------------------------------------------------------------------------------------------------------------------------------------------
2026-04-11 22:53:01,554 [INFO] 轮次  代数    平均长度    平均适应度    最优长度    最优适应度      平均IC(训/测)       平均IR(训/测)       最优IC(训/测)       最优IR(训/测)   最优有效时点(训/测)   剩余时间  最优表达式
2026-04-11 22:53:01,554 [INFO] 
--------------------------------------------------------------------------------------------------------------------------------------------------------------------------------------------------------------
2026-04-11 22:53:01,554 [INFO]    2    1         5.0          -inf           3          -inf       nan/    nan       nan/    nan       nan/    nan       nan/    nan             0/   0         ?  KDJ_K(73, 39)
2026-04-11 22:53:01,566 [INFO]    2    2         5.5          -inf          14          -inf       nan/    nan       nan/    nan       nan/    nan       nan/    nan             0/   0     0.80s  REF(RANK(MFI(19), DIFF(RANK(BRAR_AR(24), SAR(44, 112.98050634459156, 37)), 5)), 2)
2026-04-11 22:53:01,578 [INFO]    2    3         5.0          -inf           6          -inf       nan/    nan       nan/    nan       nan/    nan       nan/    nan             0/   0     0.54s  SUB(MACD_DIF(35, 103), ROC(7))
2026-04-11 22:53:01,591 [INFO]    2    4         4.3          -inf           2          -inf       nan/    nan       nan/    nan       nan/    nan       nan/    nan             0/   0     0.41s  BIAS(63)
2026-04-11 22:53:01,610 [INFO]    2    5         4.6          -inf           3          -inf       nan/    nan       nan/    nan       nan/    nan       nan/    nan             0/   0     0.34s  KDJ_K(28.70413098605678, 59.563550094309136)
2026-04-11 22:53:01,621 [INFO]    2    6         4.3          -inf           3          -inf       nan/    nan       nan/    nan       nan/    nan       nan/    nan             0/   0     0.27s  TS_RANK(open_interest, TR())
2026-04-11 22:53:01,631 [INFO]    2    7         4.1          -inf           5          -inf       nan/    nan       nan/    nan       nan/    nan       nan/    nan             0/   0     0.22s  ABS(FORCAST(CR(8), 19))
2026-04-11 22:53:01,641 [INFO] 检测到适应度停滞 (代数: 8)，当前最优适应度: -inf
2026-04-11 22:53:01,641 [INFO] 开始第 2 次自动重启...
2026-04-11 22:53:01,641 [INFO] 检测到适应度长期停滞，准备重新初始化种群...
2026-04-11 22:53:01,647 [INFO] 重启完成，继续主循环...
2026-04-11 22:53:01,647 [INFO] 
================================================================================================ 第 2 轮重启 ==================================================================================================
2026-04-11 22:53:01,647 [INFO] 开始遗传规划因子挖掘...
2026-04-11 22:53:01,647 [INFO] ==============================================================================================================================================================================================================
2026-04-11 22:53:01,648 [INFO] |       种群信息       |               最优个体               |                 因子质量                 |
2026-04-11 22:53:01,648 [INFO] 
--------------------------------------------------------------------------------------------------------------------------------------------------------------------------------------------------------------
2026-04-11 22:53:01,648 [INFO] 轮次  代数    平均长度    平均适应度    最优长度    最优适应度      平均IC(训/测)       平均IR(训/测)       最优IC(训/测)       最优IR(训/测)   最优有效时点(训/测)   剩余时间  最优表达式
2026-04-11 22:53:01,648 [INFO] 
--------------------------------------------------------------------------------------------------------------------------------------------------------------------------------------------------------------
2026-04-11 22:53:01,648 [INFO]    3    1         4.4          -inf           4          -inf       nan/    nan       nan/    nan       nan/    nan       nan/    nan             0/   0         ?  COS(MASS(68, 112))
2026-04-11 22:53:01,659 [INFO]    3    2         4.8          -inf           1          -inf       nan/    nan       nan/    nan       nan/    nan       nan/    nan             0/   0     1.41s  TR()
2026-04-11 22:53:01,669 [INFO]    3    3         5.0          -inf          12          -inf       nan/    nan       nan/    nan       nan/    nan       nan/    nan             0/   0     0.91s  WMA(TR(), RANK_SUB(RANK_DIV(ATR(73), BIAS(20), 5), MTM(38), 16))
2026-04-11 22:53:01,681 [INFO]    3    4         4.6          -inf           2          -inf       nan/    nan       nan/    nan       nan/    nan       nan/    nan             0/   0     0.65s  VR(76)
2026-04-11 22:53:01,691 [INFO]    3    5         4.9          -inf           2          -inf       nan/    nan       nan/    nan       nan/    nan       nan/    nan             0/   0     0.50s  MTM(72)
2026-04-11 22:53:01,703 [INFO]    3    6         5.0          -inf           4          -inf       nan/    nan       nan/    nan       nan/    nan       nan/    nan             0/   0     0.39s  DIFMA(75, 27, 108.92845875715717)
2026-04-11 22:53:01,714 [INFO]    3    7         4.8          -inf           5          -inf       nan/    nan       nan/    nan       nan/    nan       nan/    nan             0/   0     0.31s  TS_ZSCORE(ROC(95), MFI(51))
2026-04-11 22:53:01,726 [INFO] 检测到适应度停滞 (代数: 8)，当前最优适应度: -inf
2026-04-11 22:53:01,726 [INFO] 开始第 3 次自动重启...
2026-04-11 22:53:01,726 [INFO] 检测到适应度长期停滞，准备重新初始化种群...
2026-04-11 22:53:01,742 [INFO] 重启完成，继续主循环...
2026-04-11 22:53:01,742 [INFO] 
================================================================================================ 第 3 轮重启 ==================================================================================================
2026-04-11 22:53:01,742 [INFO] 开始遗传规划因子挖掘...
2026-04-11 22:53:01,742 [INFO] ==============================================================================================================================================================================================================
2026-04-11 22:53:01,742 [INFO] |       种群信息       |               最优个体               |                 因子质量                 |
2026-04-11 22:53:01,742 [INFO] 
--------------------------------------------------------------------------------------------------------------------------------------------------------------------------------------------------------------
2026-04-11 22:53:01,742 [INFO] 轮次  代数    平均长度    平均适应度    最优长度    最优适应度      平均IC(训/测)       平均IR(训/测)       最优IC(训/测)       最优IR(训/测)   最优有效时点(训/测)   剩余时间  最优表达式
2026-04-11 22:53:01,742 [INFO] 
--------------------------------------------------------------------------------------------------------------------------------------------------------------------------------------------------------------
2026-04-11 22:53:01,742 [INFO]    4    1         5.1          -inf           2          -inf       nan/    nan       nan/    nan       nan/    nan       nan/    nan             0/   0         ?  BIAS(78)
2026-04-11 22:53:01,742 [INFO] --------------------------------------------------------------------------------------------------------------------------------------------------------------------------------------------------------------
2026-04-11 22:53:01,761 [INFO]    4    2         4.2          -inf           8          -inf       nan/    nan       nan/    nan       nan/    nan       nan/    nan             0/   0     2.07s  LLV(SIN(LLVBARS(SQRT(MFI(105)), 3)), 12)
2026-04-11 22:53:01,761 [INFO] --------------------------------------------------------------------------------------------------------------------------------------------------------------------------------------------------------------
2026-04-11 22:53:01,770 [INFO]    4    3         4.4          -inf           5          -inf       nan/    nan       nan/    nan       nan/    nan       nan/    nan             0/   0     1.31s  BBI(64, 87.99740223367434, 11, 81)
2026-04-11 22:53:01,770 [INFO] --------------------------------------------------------------------------------------------------------------------------------------------------------------------------------------------------------------
2026-04-11 22:53:01,780 [INFO]    4    4         4.5          -inf          10          -inf       nan/    nan       nan/    nan       nan/    nan       nan/    nan             0/   0     0.93s  COVA(BBI(58, 58, 112, 42), MTM(99), ROC(7))
2026-04-11 22:53:01,780 [INFO] --------------------------------------------------------------------------------------------------------------------------------------------------------------------------------------------------------------
2026-04-11 22:53:01,791 [INFO]    4    5         4.6          -inf          15          -inf       nan/    nan       nan/    nan       nan/    nan       nan/    nan             0/   0     0.70s  ABS(DIV(DIV(WR(26.22204935707161), MUL(close, 50.63017219862208)), DIV(LN(open), KDJ_D(3.2489109084560925, 100, 113))))
2026-04-11 22:53:01,791 [INFO] --------------------------------------------------------------------------------------------------------------------------------------------------------------------------------------------------------------
2026-04-11 22:53:01,800 [INFO]    4    6         4.6          -inf          10          -inf       nan/    nan       nan/    nan       nan/    nan       nan/    nan             0/   0     0.54s  COVA(BBI(58, 116, 112, 42), MTM(99), ROC(7))
2026-04-11 22:53:01,800 [INFO] --------------------------------------------------------------------------------------------------------------------------------------------------------------------------------------------------------------
2026-04-11 22:53:01,811 [INFO]    4    7         4.2          -inf           2          -inf       nan/    nan       nan/    nan       nan/    nan       nan/    nan             0/   0     0.42s  BIAS(9)
2026-04-11 22:53:01,811 [INFO] --------------------------------------------------------------------------------------------------------------------------------------------------------------------------------------------------------------
2026-04-11 22:53:01,820 [INFO] 检测到适应度停滞 (代数: 8)，当前最优适应度: -inf
2026-04-11 22:53:01,820 [INFO] 已达到最大重启次数，停止重启
2026-04-11 22:53:01,820 [INFO] 进化完成，共发现 0 个候选因子，开始最终评估...
2026-04-11 22:53:01,820 [INFO] 最终筛选完成，选择了 0 个最优因子
2026-04-11 22:53:01,820 [INFO] 
最优因子表达式及其绩效:
2026-04-11 22:53:01,820 [INFO] ====================================================================================================
2026-04-11 22:53:01,820 [INFO] 遗传编程训练完成，耗时: 0.38 秒
