2026-04-12 10:56:25,629 [INFO] 当前使用的合约列表（共 9 个合约）：
2026-04-12 10:56:25,629 [INFO] ['ao888', 'ni888', 'pb888', 'sn888', 'ss888', 'zn888', 'al888', 'cu888', 'bc888']
2026-04-12 10:56:25,629 [INFO] 开始获取数据...
2026-04-12 10:56:25,629 [INFO] 数据获取完成！
2026-04-12 10:56:26,095 [INFO] 训练集数据预处理完成，共 17865 条记录
2026-04-12 10:56:26,097 [INFO] 测试集数据预处理完成，共 22419 条记录
2026-04-12 10:56:26,097 [INFO] 计算训练集目标变量...
2026-04-12 10:56:26,101 [INFO] 计算测试集目标变量...
2026-04-12 10:56:26,127 [INFO] 原始数据行数: 17847
2026-04-12 10:56:26,129 [INFO] 
构造训练数据...
2026-04-12 10:56:26,135 [INFO] 特征 open 转换成功，形状: (1983, 9)
2026-04-12 10:56:26,141 [INFO] 特征 close 转换成功，形状: (1983, 9)
2026-04-12 10:56:26,144 [INFO] 特征 high 转换成功，形状: (1983, 9)
2026-04-12 10:56:26,148 [INFO] 特征 low 转换成功，形状: (1983, 9)
2026-04-12 10:56:26,152 [INFO] 特征 volume 转换成功，形状: (1983, 9)
2026-04-12 10:56:26,157 [INFO] 特征 open_interest 转换成功，形状: (1983, 9)
2026-04-12 10:56:26,160 [INFO] 特征 future_return 转换成功，形状: (1983, 9)
2026-04-12 10:56:26,161 [INFO] 
构造测试数据...
2026-04-12 10:56:26,165 [INFO] 特征 open 转换成功，形状: (2489, 9)
2026-04-12 10:56:26,170 [INFO] 特征 close 转换成功，形状: (2489, 9)
2026-04-12 10:56:26,174 [INFO] 特征 high 转换成功，形状: (2489, 9)
2026-04-12 10:56:26,179 [INFO] 特征 low 转换成功，形状: (2489, 9)
2026-04-12 10:56:26,183 [INFO] 特征 volume 转换成功，形状: (2489, 9)
2026-04-12 10:56:26,187 [INFO] 特征 open_interest 转换成功，形状: (2489, 9)
2026-04-12 10:56:26,191 [INFO] 特征 future_return 转换成功，形状: (2489, 9)
2026-04-12 10:56:26,191 [INFO] 
训练数据准备完成:
2026-04-12 10:56:26,191 [INFO] 时间点数量: 1983
2026-04-12 10:56:26,192 [INFO] 合约数量: 9
2026-04-12 10:56:26,192 [INFO] 特征数量: 6
2026-04-12 10:56:26,192 [INFO] 特征列表: ['open', 'close', 'high', 'low', 'volume', 'open_interest']
2026-04-12 10:56:26,192 [INFO] 
测试数据准备完成:
2026-04-12 10:56:26,192 [INFO] 时间点数量: 2489
2026-04-12 10:56:26,192 [INFO] 合约数量: 9
2026-04-12 10:56:26,192 [INFO] 特征数量: 6
2026-04-12 10:56:26,194 [INFO] 特征列表: ['open', 'close', 'high', 'low', 'volume', 'open_interest']
2026-04-12 10:56:26,194 [INFO] 
数据质量检查:
2026-04-12 10:56:26,194 [INFO] y中NaN比例: 0.00%
2026-04-12 10:56:26,194 [INFO] y中有效值数量: 17847
2026-04-12 10:56:26,194 [INFO] 训练集最小时间: 2025-06-03 09:00:00, 最大时间: 2025-08-30 00:30:00
2026-04-12 10:56:26,194 [INFO]   open: NaN比例=0.00%
2026-04-12 10:56:26,194 [INFO]   close: NaN比例=0.00%
2026-04-12 10:56:26,194 [INFO]   high: NaN比例=0.00%
2026-04-12 10:56:26,194 [INFO]   low: NaN比例=0.00%
2026-04-12 10:56:26,194 [INFO]   volume: NaN比例=0.00%
2026-04-12 10:56:26,194 [INFO] 
测试集数据质量检查:
2026-04-12 10:56:26,194 [INFO] y_test中NaN比例: 0.00%
2026-04-12 10:56:26,194 [INFO] y_test中有效值数量: 22401
2026-04-12 10:56:26,194 [INFO] 测试集最小时间: 2025-09-01 09:00:00, 最大时间: 2025-12-30 23:30:00
2026-04-12 10:56:26,194 [INFO]   open: NaN比例=0.00%
2026-04-12 10:56:26,194 [INFO]   close: NaN比例=0.00%
2026-04-12 10:56:26,194 [INFO]   high: NaN比例=0.00%
2026-04-12 10:56:26,194 [INFO]   low: NaN比例=0.00%
2026-04-12 10:56:26,194 [INFO]   volume: NaN比例=0.00%
2026-04-12 10:56:26,196 [INFO] 本次使用的随机数种子为: 45319737
2026-04-12 10:56:26,196 [INFO] 训练前关键配置检查：
2026-04-12 10:56:26,196 [INFO]   SYMBOLS数量: 9
2026-04-12 10:56:26,196 [INFO]   训练集shape: (1983, 9)
2026-04-12 10:56:26,196 [INFO]   测试集shape: (2489, 9)
2026-04-12 10:56:26,196 [INFO]   IC_PERIOD: 1
2026-04-12 10:56:26,196 [INFO]   FITNESS_W_TRAIN: 0.4
2026-04-12 10:56:26,196 [INFO]   FITNESS_W_TEST: 0.6
2026-04-12 10:59:15,504 [INFO] 开始遗传规划因子挖掘...
2026-04-12 10:59:15,505 [INFO] ==============================================================================================================================================================================================================
2026-04-12 10:59:15,505 [INFO] |       种群信息       |               最优个体               |                 因子质量                 |
2026-04-12 10:59:15,505 [INFO] 
--------------------------------------------------------------------------------------------------------------------------------------------------------------------------------------------------------------
2026-04-12 10:59:15,505 [INFO] 轮次  代数    平均长度    平均适应度    最优长度    最优适应度      平均IC(训/测)       平均IR(训/测)       最优IC(训/测)       最优IR(训/测)   最优有效时点(训/测)   剩余时间  最优表达式
2026-04-12 10:59:15,505 [INFO] 
--------------------------------------------------------------------------------------------------------------------------------------------------------------------------------------------------------------
2026-04-12 10:59:15,505 [INFO]    1    1         4.3       -0.0184           3        0.0596   -0.0082/-0.0001   -0.0216/-0.0017    0.0417/ 0.0318    0.1127/ 0.0723          1982/2488         ?  MACD_DIF(11, 3)
2026-04-12 11:01:36,133 [INFO]    1    2         4.4       -0.0002           3        0.1180    0.0002/ 0.0079    0.0006/ 0.0169    0.0634/ 0.0616    0.1695/ 0.1577          1774/2244    33.58m  LOWRANGE(BIAS(110))
2026-04-12 11:04:58,820 [INFO]    1    3         4.2        0.0074           3        0.1235    0.0053/ 0.0104    0.0139/ 0.0238    0.0642/ 0.0655    0.1716/ 0.1661          1825/2309    34.17m  LOWRANGE(BIAS(45))
