2026-04-12 11:25:14,784 [INFO] 当前使用的合约列表（共 9 个合约）：
2026-04-12 11:25:14,784 [INFO] ['ao888', 'ni888', 'pb888', 'sn888', 'ss888', 'zn888', 'al888', 'cu888', 'bc888']
2026-04-12 11:25:14,784 [INFO] 开始获取数据...
2026-04-12 11:25:14,784 [INFO] 数据获取完成！
2026-04-12 11:25:14,852 [INFO] 训练集数据预处理完成，共 576 条记录
2026-04-12 11:25:14,852 [INFO] 测试集数据预处理完成，共 738 条记录
2026-04-12 11:25:14,852 [INFO] 计算训练集目标变量...
2026-04-12 11:25:14,853 [INFO] 计算测试集目标变量...
2026-04-12 11:25:14,867 [INFO] 原始数据行数: 567
2026-04-12 11:25:14,868 [INFO] 
构造训练数据...
2026-04-12 11:25:14,870 [INFO] 特征 open 转换成功，形状: (63, 9)
2026-04-12 11:25:14,871 [INFO] 特征 close 转换成功，形状: (63, 9)
2026-04-12 11:25:14,873 [INFO] 特征 high 转换成功，形状: (63, 9)
2026-04-12 11:25:14,874 [INFO] 特征 low 转换成功，形状: (63, 9)
2026-04-12 11:25:14,875 [INFO] 特征 volume 转换成功，形状: (63, 9)
2026-04-12 11:25:14,876 [INFO] 特征 open_interest 转换成功，形状: (63, 9)
2026-04-12 11:25:14,877 [INFO] 特征 future_return 转换成功，形状: (63, 9)
2026-04-12 11:25:14,877 [INFO] 
构造测试数据...
2026-04-12 11:25:14,878 [INFO] 特征 open 转换成功，形状: (81, 9)
2026-04-12 11:25:14,880 [INFO] 特征 close 转换成功，形状: (81, 9)
2026-04-12 11:25:14,881 [INFO] 特征 high 转换成功，形状: (81, 9)
2026-04-12 11:25:14,883 [INFO] 特征 low 转换成功，形状: (81, 9)
2026-04-12 11:25:14,884 [INFO] 特征 volume 转换成功，形状: (81, 9)
2026-04-12 11:25:14,885 [INFO] 特征 open_interest 转换成功，形状: (81, 9)
2026-04-12 11:25:14,887 [INFO] 特征 future_return 转换成功，形状: (81, 9)
2026-04-12 11:25:14,887 [INFO] 
训练数据准备完成:
2026-04-12 11:25:14,887 [INFO] 时间点数量: 63
2026-04-12 11:25:14,887 [INFO] 合约数量: 9
2026-04-12 11:25:14,887 [INFO] 特征数量: 6
2026-04-12 11:25:14,887 [INFO] 特征列表: ['open', 'close', 'high', 'low', 'volume', 'open_interest']
2026-04-12 11:25:14,887 [INFO] 
测试数据准备完成:
2026-04-12 11:25:14,887 [INFO] 时间点数量: 81
2026-04-12 11:25:14,887 [INFO] 合约数量: 9
2026-04-12 11:25:14,887 [INFO] 特征数量: 6
2026-04-12 11:25:14,888 [INFO] 特征列表: ['open', 'close', 'high', 'low', 'volume', 'open_interest']
2026-04-12 11:25:14,888 [INFO] 
数据质量检查:
2026-04-12 11:25:14,888 [INFO] y中NaN比例: 0.00%
2026-04-12 11:25:14,888 [INFO] y中有效值数量: 567
2026-04-12 11:25:14,888 [INFO] 训练集最小时间: 2025-06-03 00:00:00, 最大时间: 2025-08-28 00:00:00
2026-04-12 11:25:14,889 [INFO]   open: NaN比例=0.00%
2026-04-12 11:25:14,889 [INFO]   close: NaN比例=0.00%
2026-04-12 11:25:14,889 [INFO]   high: NaN比例=0.00%
2026-04-12 11:25:14,889 [INFO]   low: NaN比例=0.00%
2026-04-12 11:25:14,889 [INFO]   volume: NaN比例=0.00%
2026-04-12 11:25:14,889 [INFO] 
测试集数据质量检查:
2026-04-12 11:25:14,890 [INFO] y_test中NaN比例: 0.00%
2026-04-12 11:25:14,890 [INFO] y_test中有效值数量: 729
2026-04-12 11:25:14,890 [INFO] 测试集最小时间: 2025-09-01 00:00:00, 最大时间: 2025-12-30 00:00:00
2026-04-12 11:25:14,890 [INFO]   open: NaN比例=0.00%
2026-04-12 11:25:14,890 [INFO]   close: NaN比例=0.00%
2026-04-12 11:25:14,890 [INFO]   high: NaN比例=0.00%
2026-04-12 11:25:14,890 [INFO]   low: NaN比例=0.00%
2026-04-12 11:25:14,890 [INFO]   volume: NaN比例=0.00%
2026-04-12 11:25:14,891 [INFO] 本次使用的随机数种子为: 1234926401
2026-04-12 11:25:14,891 [INFO] 训练前关键配置检查：
2026-04-12 11:25:14,891 [INFO]   SYMBOLS数量: 9
2026-04-12 11:25:14,891 [INFO]   训练集shape: (63, 9)
2026-04-12 11:25:14,891 [INFO]   测试集shape: (81, 9)
2026-04-12 11:25:14,891 [INFO]   IC_PERIOD: 1
2026-04-12 11:25:14,891 [INFO]   FITNESS_W_TRAIN: 0.4
2026-04-12 11:25:14,891 [INFO]   FITNESS_W_TEST: 0.6
2026-04-12 11:25:17,581 [INFO] 开始遗传规划因子挖掘...
2026-04-12 11:25:17,581 [INFO] ==============================================================================================================================================================================================================
2026-04-12 11:25:17,581 [INFO] |       种群信息       |               最优个体               |                 因子质量                 |
2026-04-12 11:25:17,582 [INFO] 
--------------------------------------------------------------------------------------------------------------------------------------------------------------------------------------------------------------
2026-04-12 11:25:17,582 [INFO] 轮次  代数    平均长度    平均适应度    最优长度    最优适应度      平均IC(训/测)       平均IR(训/测)       最优IC(训/测)       最优IR(训/测)   最优有效时点(训/测)   剩余时间  最优表达式
2026-04-12 11:25:17,582 [INFO] 
--------------------------------------------------------------------------------------------------------------------------------------------------------------------------------------------------------------
2026-04-12 11:25:17,582 [INFO]    1    1         5.4       -0.0557           4        0.0763   -0.0345/ 0.0149   -0.0993/ 0.0329    0.0075/ 0.0994    0.0168/ 0.2225            62/  80         ?  MACD_DEA(20, 109, 91)
2026-04-12 11:25:20,224 [INFO]    1    2         4.3       -0.0202           9        0.0856   -0.0210/ 0.0369   -0.0602/ 0.0826    0.0314/ 0.0740    0.0717/ 0.1703            62/  80    34.65s  SUB(LLV(open, 13), MIN(WR(41.132912819677514), RSI(85.20502551259783)))
2026-04-12 11:25:23,118 [INFO]    1    3         4.5       -0.0221           9        0.0856   -0.0133/ 0.0395   -0.0392/ 0.0889    0.0314/ 0.0740    0.0717/ 0.1703            62/  80    32.90s  SUB(LLV(open, 13), MIN(WR(41.132912819677514), RSI(85.20502551259783)))
2026-04-12 11:25:26,055 [INFO]    1    4         4.1        0.0109           9        0.0856   -0.0013/ 0.0431   -0.0033/ 0.0980    0.0314/ 0.0740    0.0717/ 0.1703            62/  80    30.70s  SUB(LLV(open, 51.53555104889355), MIN(WR(41.132912819677514), RSI(28.12358055533751)))
2026-04-12 11:25:29,692 [INFO]    1    5         4.7        0.0201           9        0.0856    0.0129/ 0.0361    0.0311/ 0.0816    0.0314/ 0.0740    0.0717/ 0.1703            62/  80    29.60s  SUB(LLV(open, 13), MIN(WR(41.132912819677514), RSI(85.20502551259783)))
2026-04-12 11:25:33,301 [INFO]    1    6         4.8        0.0202           4        0.1086    0.0112/ 0.0409    0.0248/ 0.0890    0.0510/ 0.0795    0.1141/ 0.1802            38/  56    27.61s  SAR(26, 9.075816903787118, 90)
2026-04-12 11:25:35,851 [INFO]    1    7         5.7        0.0339           4        0.1086    0.0139/ 0.0477    0.0313/ 0.1059    0.0510/ 0.0795    0.1141/ 0.1802            38/  56    23.95s  SAR(26, 9.075816903787118, 90)
2026-04-12 11:25:38,565 [INFO]    1    8         6.5        0.0309           4        0.1086    0.0056/ 0.0511    0.0100/ 0.1160    0.0510/ 0.0795    0.1141/ 0.1802            38/  56    20.71s  SAR(26, 9.075816903787118, 90)
2026-04-12 11:25:41,484 [INFO]    1    9         6.3        0.0405           4        0.1086    0.0145/ 0.0539    0.0301/ 0.1221    0.0510/ 0.0795    0.1141/ 0.1802            38/  56    17.73s  SAR(26, 9.075816903787118, 90)
2026-04-12 11:25:44,047 [INFO]    1   10         5.4        0.0551           4        0.1086    0.0265/ 0.0557    0.0590/ 0.1274    0.0510/ 0.0795    0.1141/ 0.1802            38/  56    14.58s  SAR(26, 45.79337411653862, 90)
2026-04-12 11:25:46,294 [INFO]    1   11         4.5        0.0409           4        0.1086    0.0196/ 0.0485    0.0395/ 0.1089    0.0510/ 0.0795    0.1141/ 0.1802            38/  56    11.42s  SAR(26, 45.79337411653862, 90)
2026-04-12 11:25:48,585 [INFO] 检测到适应度停滞 (代数: 12)，当前最优适应度: 0.108637
2026-04-12 11:25:48,585 [INFO] 开始第 1 次自动重启...
2026-04-12 11:25:48,585 [INFO] 检测到适应度长期停滞，准备重新初始化种群...
2026-04-12 11:25:51,964 [INFO] 重启完成，继续主循环...
2026-04-12 11:25:51,964 [INFO] 
================================================================================================ 第 1 轮重启 ==================================================================================================
2026-04-12 11:25:51,965 [INFO] 开始遗传规划因子挖掘...
2026-04-12 11:25:51,965 [INFO] ==============================================================================================================================================================================================================
2026-04-12 11:25:51,965 [INFO] |       种群信息       |               最优个体               |                 因子质量                 |
2026-04-12 11:25:51,965 [INFO] 
--------------------------------------------------------------------------------------------------------------------------------------------------------------------------------------------------------------
2026-04-12 11:25:51,965 [INFO] 轮次  代数    平均长度    平均适应度    最优长度    最优适应度      平均IC(训/测)       平均IR(训/测)       最优IC(训/测)       最优IR(训/测)   最优有效时点(训/测)   剩余时间  最优表达式
2026-04-12 11:25:51,965 [INFO] 
--------------------------------------------------------------------------------------------------------------------------------------------------------------------------------------------------------------
2026-04-12 11:25:51,965 [INFO]    2    1         4.8        0.0757           4        0.0910   -0.0316/ 0.0336   -0.0885/ 0.0749    0.0217/ 0.0975    0.0488/ 0.2231            47/  65         ?  SAR(17, 59.212683706340755, 45)
2026-04-12 11:25:55,050 [INFO]    2    2         4.6       -0.0059           4        0.0910   -0.0231/ 0.0460   -0.0657/ 0.1044    0.0217/ 0.0975    0.0488/ 0.2231            47/  65     4.35m  SAR(17, 59.212683706340755, 45)
2026-04-12 11:25:57,952 [INFO]    2    3         4.4        0.0005           4        0.0910   -0.0085/ 0.0463   -0.0262/ 0.1028    0.0217/ 0.0975    0.0488/ 0.2231            47/  65     2.87m  SAR(17, 98.36379683132597, 45)
2026-04-12 11:25:59,902 [INFO]    2    4         4.6        0.0436           4        0.1149    0.0131/ 0.0646    0.0288/ 0.1481    0.0190/ 0.1075    0.0529/ 0.3191            46/  64     2.06m  RANK_SUB(low, volume, 18)
2026-04-12 11:26:01,640 [INFO]    2    5         4.0        0.0481           4        0.1149    0.0056/ 0.0698    0.0090/ 0.1612    0.0190/ 0.1075    0.0529/ 0.3191            46/  64     1.56m  RANK_SUB(low, volume, 18)
2026-04-12 11:26:03,476 [INFO]    2    6         4.1        0.0461           3        0.1200    0.0043/ 0.0711    0.0038/ 0.1626    0.0386/ 0.1149    0.0838/ 0.2744            50/  68     1.21m  BOLL_LOWER(14, 62.04112094001975)
2026-04-12 11:26:06,038 [INFO]    2    7         4.1        0.0477           3        0.1200    0.0079/ 0.0688    0.0107/ 0.1567    0.0386/ 0.1149    0.0838/ 0.2744            50/  68    58.45s  BOLL_LOWER(14, 62.04112094001975)
2026-04-12 11:26:07,757 [INFO]    2    8         3.9        0.0373           3        0.1200   -0.0039/ 0.0695   -0.0178/ 0.1579    0.0386/ 0.1149    0.0838/ 0.2744            50/  68    46.26s  BOLL_LOWER(14, 62.04112094001975)
2026-04-12 11:26:09,709 [INFO]    2    9         3.7        0.0395           5        0.1320    0.0033/ 0.0657    0.0021/ 0.1494    0.0331/ 0.1289    0.1041/ 0.2828            49/  67    36.54s  TS_ZSCORE(KDJ_K(72, 90), 15)
2026-04-12 11:26:11,635 [INFO]    2   10         3.8        0.0455           3        0.1379    0.0071/ 0.0707    0.0135/ 0.1577    0.0330/ 0.1596    0.0751/ 0.3443            50/  68    28.37s  BOLL_LOWER(14, 48.15744299169258)
2026-04-12 11:26:13,530 [INFO]    2   11         3.7        0.0609           3        0.1571    0.0102/ 0.0810    0.0193/ 0.1852    0.0670/ 0.0764    0.1983/ 0.2569            50/  68    21.32s  TAN(MFI(14))
2026-04-12 11:26:15,623 [INFO]    2   12         3.8        0.0621           3        0.1571    0.0166/ 0.0794    0.0378/ 0.1781    0.0670/ 0.0764    0.1983/ 0.2569            50/  68    15.18s  TAN(MFI(14))
2026-04-12 11:26:17,606 [INFO]    2   13         3.7        0.0409           3        0.1571    0.0094/ 0.0651    0.0177/ 0.1459    0.0670/ 0.0764    0.1983/ 0.2569            50/  68     9.65s  TAN(MFI(14))
2026-04-12 11:26:19,675 [INFO]    2   14         4.0        0.0707           3        0.1571    0.0239/ 0.0797    0.0587/ 0.1802    0.0670/ 0.0764    0.1983/ 0.2569            50/  68     4.63s  TAN(MFI(14))
2026-04-12 11:26:21,599 [INFO]    2   15         4.1        0.0544           7        0.1799    0.0199/ 0.0682    0.0465/ 0.1575    0.0877/ 0.0876    0.2390/ 0.2571            62/  80     0.00s  FORCAST(SIN(MACD_MACD(2, 31, 112)), 1)
2026-04-12 11:26:21,599 [INFO] --------------------------------------------------------------------------------------------------------------------------------------------------------------------------------------------------------------
2026-04-12 11:26:21,605 [INFO] 进化完成，共发现 2 个候选因子，开始最终评估...
2026-04-12 11:26:21,672 [INFO] 最终筛选完成，选择了 2 个最优因子
2026-04-12 11:26:21,672 [INFO] 
最优因子表达式及其绩效:
2026-04-12 11:26:21,672 [INFO] ====================================================================================================
2026-04-12 11:26:21,672 [INFO] 遗传编程训练完成，耗时: 66.78 秒
2026-04-12 11:26:21,684 [INFO] 因子 1:
2026-04-12 11:26:21,684 [INFO]   表达式: SAR(26, 9.075816903787118, 90)
2026-04-12 11:26:21,685 [INFO]   适应度: 0.108637 | 训练IC: 0.051015 | 训练IR: 0.114084 | 测试IC: 0.079483 | 测试IR: 0.180191
2026-04-12 11:26:21,685 [INFO]   复杂度: 深度=2, 节点数=4, 有效时间点=38/63
2026-04-12 11:26:21,685 [INFO]   因子树形结构:
2026-04-12 11:26:21,685 [INFO]   SAR
2026-04-12 11:26:21,685 [INFO]   ├─ 26
2026-04-12 11:26:21,685 [INFO]   ├─ 9.075816903787118
2026-04-12 11:26:21,686 [INFO]   └─ 90
2026-04-12 11:26:21,686 [INFO] ----------------------------------------------------------------------------------------------------
2026-04-12 11:26:21,741 [INFO] 因子 2:
2026-04-12 11:26:21,741 [INFO]   表达式: FORCAST(SIN(MACD_MACD(2, 31, 112)), 1)
2026-04-12 11:26:21,741 [INFO]   适应度: 0.179867 | 训练IC: 0.087667 | 训练IR: 0.238967 | 测试IC: 0.087594 | 测试IR: 0.257122
2026-04-12 11:26:21,741 [INFO]   复杂度: 深度=4, 节点数=7, 有效时间点=62/63
2026-04-12 11:26:21,741 [INFO]   因子树形结构:
2026-04-12 11:26:21,742 [INFO]   FORCAST
2026-04-12 11:26:21,742 [INFO]   ├─ SIN
2026-04-12 11:26:21,742 [INFO]   │  └─ MACD_MACD
2026-04-12 11:26:21,742 [INFO]   │     ├─ 2
2026-04-12 11:26:21,742 [INFO]   │     ├─ 31
2026-04-12 11:26:21,742 [INFO]   │     └─ 112
2026-04-12 11:26:21,742 [INFO]   └─ 1
2026-04-12 11:26:21,742 [INFO] ----------------------------------------------------------------------------------------------------
