2026-04-11 22:53:52,579 [INFO] 当前使用的合约列表（共 9 个合约）：
2026-04-11 22:53:52,579 [INFO] ['ao888', 'ni888', 'pb888', 'sn888', 'ss888', 'zn888', 'al888', 'cu888', 'bc888']
2026-04-11 22:53:52,579 [INFO] 开始获取数据...
2026-04-11 22:53:52,579 [INFO] 数据获取完成！
2026-04-11 22:53:52,579 [INFO] 警告：qmf_data 不可用，ao888 无法获取数据
2026-04-11 22:53:52,580 [INFO] 警告：qmf_data 不可用，ao888 无法获取数据
2026-04-11 22:53:52,581 [INFO] 警告：qmf_data 不可用，ni888 无法获取数据
2026-04-11 22:53:52,581 [INFO] 警告：qmf_data 不可用，ni888 无法获取数据
2026-04-11 22:53:52,582 [INFO] 警告：qmf_data 不可用，pb888 无法获取数据
2026-04-11 22:53:52,582 [INFO] 警告：qmf_data 不可用，pb888 无法获取数据
2026-04-11 22:53:52,582 [INFO] 警告：qmf_data 不可用，sn888 无法获取数据
2026-04-11 22:53:52,583 [INFO] 警告：qmf_data 不可用，sn888 无法获取数据
2026-04-11 22:53:52,583 [INFO] 警告：qmf_data 不可用，ss888 无法获取数据
2026-04-11 22:53:52,583 [INFO] 警告：qmf_data 不可用，ss888 无法获取数据
2026-04-11 22:53:52,584 [INFO] 警告：qmf_data 不可用，zn888 无法获取数据
2026-04-11 22:53:52,584 [INFO] 警告：qmf_data 不可用，zn888 无法获取数据
2026-04-11 22:53:52,584 [INFO] 警告：qmf_data 不可用，al888 无法获取数据
2026-04-11 22:53:52,584 [INFO] 警告：qmf_data 不可用，al888 无法获取数据
2026-04-11 22:53:52,585 [INFO] 警告：qmf_data 不可用，cu888 无法获取数据
2026-04-11 22:53:52,585 [INFO] 警告：qmf_data 不可用，cu888 无法获取数据
2026-04-11 22:53:52,585 [INFO] 警告：qmf_data 不可用，bc888 无法获取数据
2026-04-11 22:53:52,586 [INFO] 警告：qmf_data 不可用，bc888 无法获取数据
2026-04-11 22:53:52,586 [INFO] 警告：qmf_data 不可用，将使用空数据集继续
2026-04-11 22:53:52,586 [INFO] 警告：qmf_data 不可用，将使用空数据集继续
2026-04-11 22:53:52,588 [INFO] 训练集数据预处理完成，共 0 条记录
2026-04-11 22:53:52,590 [INFO] 测试集数据预处理完成，共 0 条记录
2026-04-11 22:53:52,590 [INFO] 计算训练集目标变量...
2026-04-11 22:53:52,591 [INFO] 计算测试集目标变量...
2026-04-11 22:53:52,593 [INFO] 原始数据行数: 0
2026-04-11 22:53:52,594 [INFO] 
构造训练数据...
2026-04-11 22:53:52,595 [INFO] 特征 open 转换成功，形状: (0, 0)
2026-04-11 22:53:52,596 [INFO] 特征 close 转换成功，形状: (0, 0)
2026-04-11 22:53:52,597 [INFO] 特征 high 转换成功，形状: (0, 0)
2026-04-11 22:53:52,597 [INFO] 特征 low 转换成功，形状: (0, 0)
2026-04-11 22:53:52,598 [INFO] 特征 volume 转换成功，形状: (0, 0)
2026-04-11 22:53:52,598 [INFO] 特征 open_interest 转换成功，形状: (0, 0)
2026-04-11 22:53:52,599 [INFO] 特征 future_return 转换成功，形状: (0, 0)
2026-04-11 22:53:52,599 [INFO] 
构造测试数据...
2026-04-11 22:53:52,600 [INFO] 特征 open 转换成功，形状: (0, 0)
2026-04-11 22:53:52,600 [INFO] 特征 close 转换成功，形状: (0, 0)
2026-04-11 22:53:52,601 [INFO] 特征 high 转换成功，形状: (0, 0)
2026-04-11 22:53:52,602 [INFO] 特征 low 转换成功，形状: (0, 0)
2026-04-11 22:53:52,602 [INFO] 特征 volume 转换成功，形状: (0, 0)
2026-04-11 22:53:52,603 [INFO] 特征 open_interest 转换成功，形状: (0, 0)
2026-04-11 22:53:52,603 [INFO] 特征 future_return 转换成功，形状: (0, 0)
2026-04-11 22:53:52,603 [INFO] 
训练数据准备完成:
2026-04-11 22:53:52,603 [INFO] 时间点数量: 0
2026-04-11 22:53:52,604 [INFO] 合约数量: 0
2026-04-11 22:53:52,604 [INFO] 特征数量: 6
2026-04-11 22:53:52,604 [INFO] 特征列表: ['open', 'close', 'high', 'low', 'volume', 'open_interest']
2026-04-11 22:53:52,604 [INFO] 
测试数据准备完成:
2026-04-11 22:53:52,604 [INFO] 时间点数量: 0
2026-04-11 22:53:52,604 [INFO] 合约数量: 0
2026-04-11 22:53:52,604 [INFO] 特征数量: 6
2026-04-11 22:53:52,604 [INFO] 特征列表: ['open', 'close', 'high', 'low', 'volume', 'open_interest']
2026-04-11 22:53:52,604 [INFO] 
数据质量检查:
2026-04-11 22:53:52,604 [INFO] y中NaN比例: nan%
2026-04-11 22:53:52,604 [INFO] y中有效值数量: 0
2026-04-11 22:53:52,604 [INFO]   open: NaN比例=nan%
2026-04-11 22:53:52,604 [INFO]   close: NaN比例=nan%
2026-04-11 22:53:52,604 [INFO]   high: NaN比例=nan%
2026-04-11 22:53:52,604 [INFO]   low: NaN比例=nan%
2026-04-11 22:53:52,604 [INFO]   volume: NaN比例=nan%
2026-04-11 22:53:52,604 [INFO] 
测试集数据质量检查:
2026-04-11 22:53:52,604 [INFO] y_test中NaN比例: nan%
2026-04-11 22:53:52,604 [INFO] y_test中有效值数量: 0
2026-04-11 22:53:52,604 [INFO]   open: NaN比例=nan%
2026-04-11 22:53:52,604 [INFO]   close: NaN比例=nan%
2026-04-11 22:53:52,604 [INFO]   high: NaN比例=nan%
2026-04-11 22:53:52,604 [INFO]   low: NaN比例=nan%
2026-04-11 22:53:52,604 [INFO]   volume: NaN比例=nan%
2026-04-11 22:53:52,605 [INFO] 本次使用的随机数种子为: 1654700720
2026-04-11 22:53:52,605 [INFO] 训练前关键配置检查：
2026-04-11 22:53:52,605 [INFO]   SYMBOLS数量: 9
2026-04-11 22:53:52,605 [INFO]   训练集shape: (0, 0)
2026-04-11 22:53:52,605 [INFO]   测试集shape: (0, 0)
2026-04-11 22:53:52,605 [INFO]   IC_PERIOD: 1
2026-04-11 22:53:52,605 [INFO]   FITNESS_W_TRAIN: 0.4
2026-04-11 22:53:52,605 [INFO]   FITNESS_W_TEST: 0.6
2026-04-11 22:53:52,624 [INFO] 开始遗传规划因子挖掘...
2026-04-11 22:53:52,624 [INFO] ==============================================================================================================================================================================================================
2026-04-11 22:53:52,625 [INFO] |       种群信息       |               最优个体               |                 因子质量                 |
2026-04-11 22:53:52,625 [INFO] 
--------------------------------------------------------------------------------------------------------------------------------------------------------------------------------------------------------------
2026-04-11 22:53:52,625 [INFO] 轮次  代数    平均长度    平均适应度    最优长度    最优适应度      平均IC(训/测)       平均IR(训/测)       最优IC(训/测)       最优IR(训/测)   最优有效时点(训/测)   剩余时间  最优表达式
2026-04-11 22:53:52,625 [INFO] 
--------------------------------------------------------------------------------------------------------------------------------------------------------------------------------------------------------------
2026-04-11 22:53:52,625 [INFO]    1    1         5.1          -inf           6          -inf       nan/    nan       nan/    nan       nan/    nan       nan/    nan             0/   0         ?  MUL(BOLL_LOWER(59, 4.666778989716403), ROC(27))
2026-04-11 22:53:52,638 [INFO]    1    2         4.7          -inf          11          -inf       nan/    nan       nan/    nan       nan/    nan       nan/    nan             0/   0     0.17s  AVEDEV(SCALE(KDJ_K(77, 52), FORCAST(ADX(64, 78), 6)), 8)
2026-04-11 22:53:52,648 [INFO]    1    3         5.2          -inf           3          -inf       nan/    nan       nan/    nan       nan/    nan       nan/    nan             0/   0     0.15s  KDJ_K(116, 23)
2026-04-11 22:53:52,659 [INFO]    1    4         4.9          -inf           7          -inf       nan/    nan       nan/    nan       nan/    nan       nan/    nan             0/   0     0.13s  TS_ZSCORE(MACD_DIF(91.27380230030874, 85), DPO(94, 62))
2026-04-11 22:53:52,671 [INFO]    1    5         5.0          -inf           4          -inf       nan/    nan       nan/    nan       nan/    nan       nan/    nan             0/   0     0.12s  MACD_MACD(47, 71, 14)
2026-04-11 22:53:52,682 [INFO]    1    6         5.1          -inf           6          -inf       nan/    nan       nan/    nan       nan/    nan       nan/    nan             0/   0     0.11s  SCALE(MACD_MACD(102, 115, 43.36306769030835), 5)
2026-04-11 22:53:52,694 [INFO] 检测到适应度停滞 (代数: 7)，当前最优适应度: -inf
2026-04-11 22:53:52,694 [INFO] 开始第 1 次自动重启...
2026-04-11 22:53:52,694 [INFO] 检测到适应度长期停滞，准备重新初始化种群...
2026-04-11 22:53:52,700 [INFO] 重启完成，继续主循环...
2026-04-11 22:53:52,701 [INFO] 
================================================================================================ 第 1 轮重启 ==================================================================================================
2026-04-11 22:53:52,701 [INFO] 开始遗传规划因子挖掘...
2026-04-11 22:53:52,701 [INFO] ==============================================================================================================================================================================================================
2026-04-11 22:53:52,701 [INFO] |       种群信息       |               最优个体               |                 因子质量                 |
2026-04-11 22:53:52,701 [INFO] 
--------------------------------------------------------------------------------------------------------------------------------------------------------------------------------------------------------------
2026-04-11 22:53:52,701 [INFO] 轮次  代数    平均长度    平均适应度    最优长度    最优适应度      平均IC(训/测)       平均IR(训/测)       最优IC(训/测)       最优IR(训/测)   最优有效时点(训/测)   剩余时间  最优表达式
2026-04-11 22:53:52,701 [INFO] 
--------------------------------------------------------------------------------------------------------------------------------------------------------------------------------------------------------------
2026-04-11 22:53:52,701 [INFO]    2    1         5.2          -inf           3          -inf       nan/    nan       nan/    nan       nan/    nan       nan/    nan             0/   0         ?  MACD_DIF(10, 53)
2026-04-11 22:53:52,714 [INFO]    2    2         4.3          -inf          10          -inf       nan/    nan       nan/    nan       nan/    nan       nan/    nan             0/   0     0.66s  RANK_SUB(TRIX(74), LV(BOLL_UPPER(101, 1.246841728938149), 5), MTM(66))
2026-04-11 22:53:52,729 [INFO]    2    3         4.9          -inf           2          -inf       nan/    nan       nan/    nan       nan/    nan       nan/    nan             0/   0     0.47s  ATR(36)
2026-04-11 22:53:52,748 [INFO]    2    4         4.4          -inf           3          -inf       nan/    nan       nan/    nan       nan/    nan       nan/    nan             0/   0     0.38s  MASS(12, 87)
2026-04-11 22:53:52,764 [INFO]    2    5         4.6          -inf           2          -inf       nan/    nan       nan/    nan       nan/    nan       nan/    nan             0/   0     0.31s  CR(74.87983626001127)
2026-04-11 22:53:52,776 [INFO]    2    6         4.8          -inf           3          -inf       nan/    nan       nan/    nan       nan/    nan       nan/    nan             0/   0     0.25s  SCALE(high, low)
2026-04-11 22:53:52,786 [INFO]    2    7         4.8          -inf          15          -inf       nan/    nan       nan/    nan       nan/    nan       nan/    nan             0/   0     0.20s  MUL(MUL(TOPRANGE(TAN(LV(open_interest, 19))), SCALE(SMA(BIAS(78), 13, 1.0), 1)), OBV())
2026-04-11 22:53:52,797 [INFO] 检测到适应度停滞 (代数: 8)，当前最优适应度: -inf
2026-04-11 22:53:52,797 [INFO] 开始第 2 次自动重启...
2026-04-11 22:53:52,797 [INFO] 检测到适应度长期停滞，准备重新初始化种群...
2026-04-11 22:53:52,805 [INFO] 重启完成，继续主循环...
2026-04-11 22:53:52,806 [INFO] 
================================================================================================ 第 2 轮重启 ==================================================================================================
2026-04-11 22:53:52,806 [INFO] 开始遗传规划因子挖掘...
2026-04-11 22:53:52,806 [INFO] ==============================================================================================================================================================================================================
2026-04-11 22:53:52,806 [INFO] |       种群信息       |               最优个体               |                 因子质量                 |
2026-04-11 22:53:52,806 [INFO] 
--------------------------------------------------------------------------------------------------------------------------------------------------------------------------------------------------------------
2026-04-11 22:53:52,806 [INFO] 轮次  代数    平均长度    平均适应度    最优长度    最优适应度      平均IC(训/测)       平均IR(训/测)       最优IC(训/测)       最优IR(训/测)   最优有效时点(训/测)   剩余时间  最优表达式
2026-04-11 22:53:52,806 [INFO] 
--------------------------------------------------------------------------------------------------------------------------------------------------------------------------------------------------------------
2026-04-11 22:53:52,806 [INFO]    3    1         3.9          -inf           5          -inf       nan/    nan       nan/    nan       nan/    nan       nan/    nan             0/   0         ?  AVEDEV(BOLL_UPPER(65, 1.01576170950878), 3)
2026-04-11 22:53:52,818 [INFO]    3    2         4.9          -inf           4          -inf       nan/    nan       nan/    nan       nan/    nan       nan/    nan             0/   0     1.34s  KDJ_J(74, 32, 106)
2026-04-11 22:53:52,830 [INFO]    3    3         5.0          -inf           2          -inf       nan/    nan       nan/    nan       nan/    nan       nan/    nan             0/   0     0.88s  BRAR_AR(84)
2026-04-11 22:53:52,843 [INFO]    3    4         5.2          -inf          25          -inf       nan/    nan       nan/    nan       nan/    nan       nan/    nan             0/   0     0.64s  TS_ZSCORE(BOLL_LOWER(107.718730047585, 3.028108271507682), RANK(TS_ZSCORE(OBV(), RANK(RSI(95.8558685172506), BIAS(40))), RANK(KDJ_K(55, 50.668666265544566), DIV(ATR(91), INV(DIV(BRAR_AR(36.5198829503413), PSY(30)))))))
2026-04-11 22:53:52,855 [INFO]    3    5         4.8          -inf           5          -inf       nan/    nan       nan/    nan       nan/    nan       nan/    nan             0/   0     0.49s  BBI(102, 59.67965343922914, 115.48864736780017, 61.675342112675104)
2026-04-11 22:53:52,868 [INFO]    3    6         4.5          -inf           3          -inf       nan/    nan       nan/    nan       nan/    nan       nan/    nan             0/   0     0.39s  DPO(25, 106)
2026-04-11 22:53:52,881 [INFO]    3    7         4.8          -inf           3          -inf       nan/    nan       nan/    nan       nan/    nan       nan/    nan             0/   0     0.31s  ADX(61.58462167452123, 49)
2026-04-11 22:53:52,892 [INFO] 检测到适应度停滞 (代数: 8)，当前最优适应度: -inf
2026-04-11 22:53:52,892 [INFO] 开始第 3 次自动重启...
2026-04-11 22:53:52,892 [INFO] 检测到适应度长期停滞，准备重新初始化种群...
2026-04-11 22:53:52,899 [INFO] 重启完成，继续主循环...
2026-04-11 22:53:52,900 [INFO] 
================================================================================================ 第 3 轮重启 ==================================================================================================
2026-04-11 22:53:52,900 [INFO] 开始遗传规划因子挖掘...
2026-04-11 22:53:52,900 [INFO] ==============================================================================================================================================================================================================
2026-04-11 22:53:52,900 [INFO] |       种群信息       |               最优个体               |                 因子质量                 |
2026-04-11 22:53:52,900 [INFO] 
--------------------------------------------------------------------------------------------------------------------------------------------------------------------------------------------------------------
2026-04-11 22:53:52,900 [INFO] 轮次  代数    平均长度    平均适应度    最优长度    最优适应度      平均IC(训/测)       平均IR(训/测)       最优IC(训/测)       最优IR(训/测)   最优有效时点(训/测)   剩余时间  最优表达式
2026-04-11 22:53:52,900 [INFO] 
--------------------------------------------------------------------------------------------------------------------------------------------------------------------------------------------------------------
2026-04-11 22:53:52,900 [INFO]    4    1         4.2          -inf           2          -inf       nan/    nan       nan/    nan       nan/    nan       nan/    nan             0/   0         ?  RSI(101)
2026-04-11 22:53:52,900 [INFO] --------------------------------------------------------------------------------------------------------------------------------------------------------------------------------------------------------------
2026-04-11 22:53:52,916 [INFO]    4    2         5.2          -inf           6          -inf       nan/    nan       nan/    nan       nan/    nan       nan/    nan             0/   0     1.98s  MUL(ADX(43, 54), TRIX(99))
2026-04-11 22:53:52,916 [INFO] --------------------------------------------------------------------------------------------------------------------------------------------------------------------------------------------------------------
2026-04-11 22:53:52,930 [INFO]    4    3         4.7          -inf           3          -inf       nan/    nan       nan/    nan       nan/    nan       nan/    nan             0/   0     1.27s  BOLL_UPPER(108, 4.125017029461948)
2026-04-11 22:53:52,930 [INFO] --------------------------------------------------------------------------------------------------------------------------------------------------------------------------------------------------------------
2026-04-11 22:53:52,943 [INFO]    4    4         4.5          -inf           2          -inf       nan/    nan       nan/    nan       nan/    nan       nan/    nan             0/   0     0.91s  ASI(32.69319034924301)
2026-04-11 22:53:52,943 [INFO] --------------------------------------------------------------------------------------------------------------------------------------------------------------------------------------------------------------
2026-04-11 22:53:52,955 [INFO]    4    5         3.9          -inf           4          -inf       nan/    nan       nan/    nan       nan/    nan       nan/    nan             0/   0     0.69s  MACD_DEA(30, 116, 116)
2026-04-11 22:53:52,955 [INFO] --------------------------------------------------------------------------------------------------------------------------------------------------------------------------------------------------------------
2026-04-11 22:53:52,967 [INFO]    4    6         4.2          -inf           2          -inf       nan/    nan       nan/    nan       nan/    nan       nan/    nan             0/   0     0.53s  BRAR_AR(45)
2026-04-11 22:53:52,967 [INFO] --------------------------------------------------------------------------------------------------------------------------------------------------------------------------------------------------------------
2026-04-11 22:53:52,975 [INFO]    4    7         4.0          -inf           7          -inf       nan/    nan       nan/    nan       nan/    nan       nan/    nan             0/   0     0.42s  DMA(RANK(LV(open, open), 81.91206862579341), volume)
2026-04-11 22:53:52,976 [INFO] --------------------------------------------------------------------------------------------------------------------------------------------------------------------------------------------------------------
2026-04-11 22:53:52,984 [INFO] 检测到适应度停滞 (代数: 8)，当前最优适应度: -inf
2026-04-11 22:53:52,985 [INFO] 已达到最大重启次数，停止重启
2026-04-11 22:53:52,985 [INFO] 进化完成，共发现 0 个候选因子，开始最终评估...
2026-04-11 22:53:52,985 [INFO] 最终筛选完成，选择了 0 个最优因子
2026-04-11 22:53:52,985 [INFO] 
最优因子表达式及其绩效:
2026-04-11 22:53:52,985 [INFO] ====================================================================================================
2026-04-11 22:53:52,985 [INFO] 遗传编程训练完成，耗时: 0.38 秒
