2026-04-10 21:04:33,392 [INFO] 当前使用的合约列表（共 9 个合约）：
2026-04-10 21:04:33,393 [INFO] ['ao888', 'ni888', 'pb888', 'sn888', 'ss888', 'zn888', 'al888', 'cu888', 'bc888']
2026-04-10 21:04:33,393 [INFO] 开始获取数据...
2026-04-10 21:04:33,393 [INFO] 数据获取完成！
2026-04-10 21:04:33,999 [INFO] 训练集数据预处理完成，共 17865 条记录
2026-04-10 21:04:33,999 [INFO] 测试集数据预处理完成，共 22419 条记录
2026-04-10 21:04:34,000 [INFO] 计算训练集目标变量...
2026-04-10 21:04:34,004 [INFO] 计算测试集目标变量...
2026-04-10 21:04:34,020 [INFO] 原始数据行数: 17847
2026-04-10 21:04:34,023 [INFO] 
构造训练数据...
2026-04-10 21:04:34,029 [INFO] 特征 open 转换成功，形状: (1983, 9)
2026-04-10 21:04:34,033 [INFO] 特征 close 转换成功，形状: (1983, 9)
2026-04-10 21:04:34,038 [INFO] 特征 high 转换成功，形状: (1983, 9)
2026-04-10 21:04:34,041 [INFO] 特征 low 转换成功，形状: (1983, 9)
2026-04-10 21:04:34,044 [INFO] 特征 volume 转换成功，形状: (1983, 9)
2026-04-10 21:04:34,047 [INFO] 特征 open_interest 转换成功，形状: (1983, 9)
2026-04-10 21:04:34,051 [INFO] 特征 future_return 转换成功，形状: (1983, 9)
2026-04-10 21:04:34,051 [INFO] 
构造测试数据...
2026-04-10 21:04:34,056 [INFO] 特征 open 转换成功，形状: (2489, 9)
2026-04-10 21:04:34,059 [INFO] 特征 close 转换成功，形状: (2489, 9)
2026-04-10 21:04:34,063 [INFO] 特征 high 转换成功，形状: (2489, 9)
2026-04-10 21:04:34,068 [INFO] 特征 low 转换成功，形状: (2489, 9)
2026-04-10 21:04:34,071 [INFO] 特征 volume 转换成功，形状: (2489, 9)
2026-04-10 21:04:34,077 [INFO] 特征 open_interest 转换成功，形状: (2489, 9)
2026-04-10 21:04:34,081 [INFO] 特征 future_return 转换成功，形状: (2489, 9)
2026-04-10 21:04:34,081 [INFO] 
训练数据准备完成:
2026-04-10 21:04:34,082 [INFO] 时间点数量: 1983
2026-04-10 21:04:34,082 [INFO] 合约数量: 9
2026-04-10 21:04:34,082 [INFO] 特征数量: 6
2026-04-10 21:04:34,082 [INFO] 特征列表: ['open', 'close', 'high', 'low', 'volume', 'open_interest']
2026-04-10 21:04:34,082 [INFO] 
测试数据准备完成:
2026-04-10 21:04:34,082 [INFO] 时间点数量: 2489
2026-04-10 21:04:34,082 [INFO] 合约数量: 9
2026-04-10 21:04:34,082 [INFO] 特征数量: 6
2026-04-10 21:04:34,082 [INFO] 特征列表: ['open', 'close', 'high', 'low', 'volume', 'open_interest']
2026-04-10 21:04:34,082 [INFO] 
数据质量检查:
2026-04-10 21:04:34,082 [INFO] y中NaN比例: 0.00%
2026-04-10 21:04:34,083 [INFO] y中有效值数量: 17847
2026-04-10 21:04:34,083 [INFO] 训练集最小时间: 2025-06-03 09:00:00, 最大时间: 2025-08-30 00:30:00
2026-04-10 21:04:34,083 [INFO]   open: NaN比例=0.00%
2026-04-10 21:04:34,083 [INFO]   close: NaN比例=0.00%
2026-04-10 21:04:34,083 [INFO]   high: NaN比例=0.00%
2026-04-10 21:04:34,084 [INFO]   low: NaN比例=0.00%
2026-04-10 21:04:34,084 [INFO]   volume: NaN比例=0.00%
2026-04-10 21:04:34,084 [INFO] 
测试集数据质量检查:
2026-04-10 21:04:34,084 [INFO] y_test中NaN比例: 0.00%
2026-04-10 21:04:34,085 [INFO] y_test中有效值数量: 22401
2026-04-10 21:04:34,085 [INFO] 测试集最小时间: 2025-09-01 09:00:00, 最大时间: 2025-12-30 23:30:00
2026-04-10 21:04:34,085 [INFO]   open: NaN比例=0.00%
2026-04-10 21:04:34,085 [INFO]   close: NaN比例=0.00%
2026-04-10 21:04:34,085 [INFO]   high: NaN比例=0.00%
2026-04-10 21:04:34,086 [INFO]   low: NaN比例=0.00%
2026-04-10 21:04:34,086 [INFO]   volume: NaN比例=0.00%
2026-04-10 21:04:34,086 [INFO] 本次使用的随机数种子为: 697120106
2026-04-10 21:04:34,086 [INFO] 训练前关键配置检查：
2026-04-10 21:04:34,086 [INFO]   SYMBOLS数量: 9
2026-04-10 21:04:34,086 [INFO]   训练集shape: (1983, 9)
2026-04-10 21:04:34,086 [INFO]   测试集shape: (2489, 9)
2026-04-10 21:04:34,087 [INFO]   IC_PERIOD: 1
2026-04-10 21:04:34,087 [INFO]   FITNESS_W_TRAIN: 0.4
2026-04-10 21:04:34,087 [INFO]   FITNESS_W_TEST: 0.6
2026-04-10 21:06:28,646 [INFO] 开始遗传规划因子挖掘...
2026-04-10 21:06:28,646 [INFO] ==============================================================================================================================================================================================================
2026-04-10 21:06:28,647 [INFO] |       种群信息       |               最优个体               |                 因子质量                 |
2026-04-10 21:06:28,647 [INFO] 
--------------------------------------------------------------------------------------------------------------------------------------------------------------------------------------------------------------
2026-04-10 21:06:28,647 [INFO] 轮次  代数    平均长度    平均适应度    最优长度    最优适应度      平均IC(训/测)       平均IR(训/测)       最优IC(训/测)       最优IR(训/测)   最优有效时点(训/测)   剩余时间  最优表达式
2026-04-10 21:06:28,647 [INFO] 
--------------------------------------------------------------------------------------------------------------------------------------------------------------------------------------------------------------
2026-04-10 21:06:28,647 [INFO]    1    1         4.1       -0.0139           4        0.1302   -0.0070/ 0.0005   -0.0183/ 0.0001    0.0705/ 0.0661    0.1879/ 0.1707          1982/2488         ?  SLOPE(WR(33), 1)
2026-04-10 21:08:20,609 [INFO]    1    2         4.6        0.0037           4        0.1333    0.0041/ 0.0096    0.0108/ 0.0226    0.0706/ 0.0683    0.1903/ 0.1752          1982/2488    24.54m  SLOPE(WR(97), 1)
2026-04-10 21:10:07,234 [INFO]    1    3         3.9        0.0222           4        0.1343    0.0152/ 0.0162    0.0401/ 0.0398    0.0740/ 0.0684    0.1979/ 0.1747          1982/2488    22.21m  SLOPE(WR(68), 1)
2026-04-10 21:13:05,491 [INFO]    1    4         4.6        0.0144           4        0.1343    0.0143/ 0.0147    0.0383/ 0.0370    0.0740/ 0.0684    0.1979/ 0.1747          1982/2488    23.44m  SLOPE(WR(68), 1)
2026-04-10 21:15:45,648 [INFO]    1    5         4.5        0.0238           4        0.1350    0.0154/ 0.0173    0.0412/ 0.0434    0.0763/ 0.0683    0.2051/ 0.1741          1982/2488    22.39m  SLOPE(WR(74), 1)
2026-04-10 21:18:22,327 [INFO]    1    6         4.3        0.0314           4        0.1350    0.0201/ 0.0199    0.0533/ 0.0500    0.0763/ 0.0683    0.2051/ 0.1741          1982/2488    20.71m  SLOPE(WR(74), 1)
2026-04-10 21:20:40,305 [INFO]    1    7         4.5        0.0404           2        0.1435    0.0262/ 0.0234    0.0695/ 0.0590    0.1010/ 0.0727    0.2727/ 0.1858          1983/2489    18.40m  WR(3)
2026-04-10 21:23:15,602 [INFO]    1    8         4.5        0.0288           2        0.1606    0.0188/ 0.0183    0.0498/ 0.0471    0.1003/ 0.0835    0.2725/ 0.2156          1983/2489    16.36m  WR(1.0)
2026-04-10 21:26:29,826 [INFO]    1    9         4.9        0.0360           2        0.1606    0.0235/ 0.0223    0.0622/ 0.0562    0.1003/ 0.0835    0.2725/ 0.2156          1983/2489    14.62m  WR(1.0)
2026-04-10 21:28:49,156 [INFO]    1   10         4.8        0.0431           2        0.1606    0.0279/ 0.0254    0.0740/ 0.0642    0.1003/ 0.0835    0.2725/ 0.2156          1983/2489    12.13m  WR(1.0)
2026-04-10 21:30:56,667 [INFO]    1   11         5.1        0.0357           2        0.1606    0.0342/ 0.0290    0.0911/ 0.0739    0.1003/ 0.0835    0.2725/ 0.2156          1983/2489     9.59m  WR(1.0)
2026-04-10 21:33:38,633 [INFO]    1   12         4.6        0.0439           2        0.1606    0.0306/ 0.0267    0.0819/ 0.0678    0.1003/ 0.0835    0.2725/ 0.2156          1983/2489     7.27m  WR(1.0)
2026-04-10 21:35:46,926 [INFO]    1   13         4.1        0.0528           2        0.1606    0.0370/ 0.0307    0.0986/ 0.0774    0.1003/ 0.0835    0.2725/ 0.2156          1983/2489     4.80m  WR(1.0)
2026-04-10 21:38:24,763 [INFO] 检测到适应度停滞 (代数: 14)，当前最优适应度: 0.160590
2026-04-10 21:38:24,763 [INFO] 开始第 1 次自动重启...
2026-04-10 21:38:24,763 [INFO] 检测到适应度长期停滞，准备重新初始化种群...
2026-04-10 21:41:37,818 [INFO] 重启完成，继续主循环...
2026-04-10 21:41:37,819 [INFO] 
================================================================================================ 第 1 轮重启 ==================================================================================================
2026-04-10 21:41:37,820 [INFO] 开始遗传规划因子挖掘...
2026-04-10 21:41:37,820 [INFO] ==============================================================================================================================================================================================================
2026-04-10 21:41:37,820 [INFO] |       种群信息       |               最优个体               |                 因子质量                 |
2026-04-10 21:41:37,820 [INFO] 
--------------------------------------------------------------------------------------------------------------------------------------------------------------------------------------------------------------
2026-04-10 21:41:37,820 [INFO] 轮次  代数    平均长度    平均适应度    最优长度    最优适应度      平均IC(训/测)       平均IR(训/测)       最优IC(训/测)       最优IR(训/测)   最优有效时点(训/测)   剩余时间  最优表达式
2026-04-10 21:41:37,820 [INFO] 
--------------------------------------------------------------------------------------------------------------------------------------------------------------------------------------------------------------
2026-04-10 21:41:37,820 [INFO]    2    1         4.4        0.0549           8        0.0889   -0.0079/ 0.0003   -0.0208/-0.0008    0.0441/ 0.0483    0.1160/ 0.1215          1855/2361         ?  SUB(LOWRANGE(DPO(57, 57)), MASS(55, 21))
2026-04-10 21:43:24,146 [INFO]    2    2         4.5       -0.0035           4        0.1021   -0.0007/ 0.0050   -0.0018/ 0.0106    0.0480/ 0.0584    0.1278/ 0.1489          1768/2249   252.42m  LOWRANGE(DPO(57, 57))
2026-04-10 21:45:45,013 [INFO]    2    3         4.2        0.0079           4        0.1021    0.0064/ 0.0107    0.0166/ 0.0251    0.0480/ 0.0584    0.1278/ 0.1489          1768/2249   164.73m  LOWRANGE(DPO(57, 57))
2026-04-10 21:47:38,001 [INFO]    2    4         4.1        0.0144           2        0.1217    0.0114/ 0.0132    0.0298/ 0.0323    0.0813/ 0.0636    0.2212/ 0.1612          1983/2489   118.43m  WR(5.863150509863085)
2026-04-10 21:49:08,011 [INFO]    2    5         4.0        0.0259           2        0.1217    0.0173/ 0.0185    0.0459/ 0.0457    0.0813/ 0.0636    0.2212/ 0.1612          1983/2489    89.13m  WR(5.863150509863085)
2026-04-10 21:51:17,138 [INFO]    2    6         4.1        0.0280           4        0.1259    0.0198/ 0.0197    0.0528/ 0.0495    0.0701/ 0.0635    0.1860/ 0.1637          1712/2202    70.08m  LOWRANGE(DPO(57, 111))
2026-04-10 21:53:52,681 [INFO]    2    7         3.7        0.0315           2        0.1382    0.0204/ 0.0206    0.0547/ 0.0523    0.0940/ 0.0716    0.2535/ 0.1811          1983/2489    56.35m  WR(4)
2026-04-10 21:55:51,872 [INFO]    2    8         3.9        0.0270           2        0.1382    0.0176/ 0.0189    0.0468/ 0.0479    0.0940/ 0.0716    0.2535/ 0.1811          1983/2489    44.88m  WR(4)
2026-04-10 21:57:41,992 [INFO]    2    9         3.6        0.0304           2        0.1382    0.0192/ 0.0194    0.0514/ 0.0497    0.0940/ 0.0716    0.2535/ 0.1811          1983/2489    35.42m  WR(4)
2026-04-10 21:59:33,776 [INFO]    2   10         4.1        0.0321           2        0.1382    0.0207/ 0.0228    0.0554/ 0.0582    0.0940/ 0.0716    0.2535/ 0.1811          1983/2489    27.50m  WR(4)
2026-04-10 22:01:44,498 [INFO]    2   11         4.1        0.0242           2        0.1382    0.0166/ 0.0197    0.0447/ 0.0499    0.0940/ 0.0716    0.2535/ 0.1811          1983/2489    20.79m  WR(4)
2026-04-10 22:03:43,041 [INFO]    2   12         3.5        0.0288           2        0.1382    0.0192/ 0.0197    0.0518/ 0.0501    0.0940/ 0.0716    0.2535/ 0.1811          1983/2489    14.79m  WR(4)
2026-04-10 22:05:16,619 [INFO] 检测到适应度停滞 (代数: 13)，当前最优适应度: 0.138214
2026-04-10 22:05:16,619 [INFO] 开始第 2 次自动重启...
2026-04-10 22:05:16,619 [INFO] 检测到适应度长期停滞，准备重新初始化种群...
2026-04-10 22:08:19,701 [INFO] 重启完成，继续主循环...
2026-04-10 22:08:19,702 [INFO] 
================================================================================================ 第 2 轮重启 ==================================================================================================
2026-04-10 22:08:19,703 [INFO] 开始遗传规划因子挖掘...
2026-04-10 22:08:19,703 [INFO] ==============================================================================================================================================================================================================
2026-04-10 22:08:19,703 [INFO] |       种群信息       |               最优个体               |                 因子质量                 |
2026-04-10 22:08:19,703 [INFO] 
--------------------------------------------------------------------------------------------------------------------------------------------------------------------------------------------------------------
2026-04-10 22:08:19,703 [INFO] 轮次  代数    平均长度    平均适应度    最优长度    最优适应度      平均IC(训/测)       平均IR(训/测)       最优IC(训/测)       最优IR(训/测)   最优有效时点(训/测)   剩余时间  最优表达式
2026-04-10 22:08:19,703 [INFO] 
--------------------------------------------------------------------------------------------------------------------------------------------------------------------------------------------------------------
2026-04-10 22:08:19,703 [INFO]    3    1         3.4        0.0348          13        0.1192   -0.0095/-0.0027   -0.0248/-0.0076    0.0683/ 0.0601    0.1831/ 0.1528          1980/2486         ?  TS_ZSCORE(WR(110), FORCAST(TS_ZSCORE(DIFMA(99, 90, 52), BOLL_UPPER(93, 2.2347009971409393)), 18))
2026-04-10 22:11:19,445 [INFO]    3    2         4.3        0.0051          13        0.1192    0.0036/ 0.0101    0.0095/ 0.0235    0.0683/ 0.0601    0.1831/ 0.1528          1980/2486   433.91m  TS_ZSCORE(WR(110), FORCAST(TS_ZSCORE(DIFMA(99, 90, 52), BOLL_UPPER(93, 2.2347009971409393)), 18))
2026-04-10 22:14:00,486 [INFO]    3    3         4.2        0.0165          13        0.1192    0.0113/ 0.0151    0.0303/ 0.0364    0.0683/ 0.0601    0.1831/ 0.1528          1980/2486   277.76m  TS_ZSCORE(WR(110), FORCAST(TS_ZSCORE(DIFMA(99, 90, 73.29012224159816), DIV(volume, 94.71567912723731)), 31.11271419339806))
2026-04-10 22:16:58,965 [INFO]    3    4         4.8        0.0245          13        0.1192    0.0171/ 0.0181    0.0457/ 0.0447    0.0683/ 0.0601    0.1831/ 0.1528          1980/2486   199.14m  TS_ZSCORE(WR(110), FORCAST(TS_ZSCORE(DIFMA(99, 90, 73.29012224159816), DIV(volume, 94.71567912723731)), 31.11271419339806))
2026-04-10 22:19:51,931 [INFO]    3    5         5.9        0.0308           2        0.1251    0.0225/ 0.0210    0.0600/ 0.0526    0.0824/ 0.0661    0.2225/ 0.1662          1983/2489   150.59m  WR(5)
2026-04-10 22:23:05,061 [INFO]    3    6         7.3        0.0492          13        0.1278    0.0324/ 0.0278    0.0863/ 0.0704    0.0702/ 0.0648    0.1891/ 0.1662          1980/2486   117.77m  TS_ZSCORE(WR(103.86520179087472), HV(TS_ZSCORE(DIFMA(99, 41.17803865274485, 52), MUL(volume, 2.2347009971409393)), 18))
2026-04-10 22:26:16,053 [INFO]    3    7         8.3        0.0463          13        0.1278    0.0304/ 0.0273    0.0812/ 0.0690    0.0702/ 0.0648    0.1891/ 0.1662          1980/2486    93.37m  TS_ZSCORE(WR(103.86520179087472), HV(TS_ZSCORE(DIFMA(99, 41.17803865274485, 52), MUL(volume, 2.2347009971409393)), 18))
2026-04-10 22:29:27,433 [INFO]    3    8         8.0        0.0431          13        0.1278    0.0277/ 0.0259    0.0743/ 0.0662    0.0702/ 0.0648    0.1891/ 0.1662          1980/2486    74.28m  TS_ZSCORE(WR(103.86520179087472), HV(TS_ZSCORE(DIFMA(97, 41.17803865274485, 52), MUL(volume, 2.2347009971409393)), 18))
2026-04-10 22:32:56,360 [INFO]    3    9         8.2        0.0481          13        0.1316    0.0306/ 0.0283    0.0815/ 0.0717    0.0754/ 0.0663    0.2020/ 0.1691          1982/2488    58.91m  SLOPE(WR(84.44103450170273), HV(RANK(MACD_DEA(99, 68, 76), MUL(volume, open_interest)), 47.41701722538798))
2026-04-10 22:36:06,536 [INFO]    3   10         9.1        0.0478           4        0.1545    0.0339/ 0.0303    0.0906/ 0.0772    0.0976/ 0.0756    0.2620/ 0.1936          1902/2408    45.77m  TS_ZSCORE(WR(3.444059334291512), 82.43833295228492)
2026-04-10 22:39:06,426 [INFO]    3   11         8.6        0.0499           4        0.1545    0.0347/ 0.0303    0.0928/ 0.0771    0.0976/ 0.0756    0.2620/ 0.1936          1902/2408    34.38m  TS_ZSCORE(WR(3.444059334291512), 82.43833295228492)
2026-04-10 22:42:51,134 [INFO]    3   12         9.0        0.0458           6        0.1563    0.0326/ 0.0279    0.0874/ 0.0709    0.0994/ 0.0763    0.2679/ 0.1952          1864/2370    24.57m  TS_ZSCORE(WR(3.444059334291512), MUL(volume, 2.2347009971409393))
2026-04-10 22:46:15,444 [INFO]    3   13         8.8        0.0320           4        0.1620    0.0373/ 0.0325    0.1000/ 0.0826    0.0923/ 0.0813    0.2495/ 0.2098          1938/2444    15.64m  TS_ZSCORE(WR(2), 46.33280033239628)
2026-04-10 22:49:30,517 [INFO]    3   14         7.2        0.0426           4        0.1620    0.0294/ 0.0257    0.0788/ 0.0653    0.0923/ 0.0813    0.2495/ 0.2098          1938/2444     7.50m  TS_ZSCORE(WR(2), 46.33280033239628)
2026-04-10 22:52:56,062 [INFO]    3   15         5.7        0.0492           4        0.1686    0.0325/ 0.0276    0.0874/ 0.0701    0.1003/ 0.0835    0.2725/ 0.2156          1983/2489     0.00s  MUL(WR(2), 46.33280033239628)
2026-04-10 22:52:56,062 [INFO] --------------------------------------------------------------------------------------------------------------------------------------------------------------------------------------------------------------
2026-04-10 22:52:56,070 [INFO] 进化完成，共发现 3 个候选因子，开始最终评估...
2026-04-10 22:52:57,616 [INFO] 最终筛选完成，选择了 3 个最优因子
2026-04-10 22:52:57,617 [INFO] 
最优因子表达式及其绩效:
2026-04-10 22:52:57,617 [INFO] ====================================================================================================
2026-04-10 22:52:57,617 [INFO] 遗传编程训练完成，耗时: 6503.53 秒
2026-04-10 22:52:58,137 [INFO] 因子 1:
2026-04-10 22:52:58,138 [INFO]   表达式: WR(1.0)
2026-04-10 22:52:58,138 [INFO]   适应度: 0.168590 | 训练IC: 0.100260 | 训练IR: 0.272488 | 测试IC: 0.083535 | 测试IR: 0.215625
2026-04-10 22:52:58,138 [INFO]   复杂度: 深度=2, 节点数=2, 有效时间点=1983/1983
2026-04-10 22:52:58,138 [INFO]   因子树形结构:
2026-04-10 22:52:58,138 [INFO]   WR
2026-04-10 22:52:58,139 [INFO]   └─ 1.0
2026-04-10 22:52:58,139 [INFO] ----------------------------------------------------------------------------------------------------
2026-04-10 22:52:58,667 [INFO] 因子 2:
2026-04-10 22:52:58,667 [INFO]   表达式: WR(1.0)
2026-04-10 22:52:58,669 [INFO]   适应度: 0.168590 | 训练IC: 0.100260 | 训练IR: 0.272488 | 测试IC: 0.083535 | 测试IR: 0.215625
2026-04-10 22:52:58,669 [INFO]   复杂度: 深度=2, 节点数=2, 有效时间点=1983/1983
2026-04-10 22:52:58,669 [INFO]   因子树形结构:
2026-04-10 22:52:58,669 [INFO]   WR
2026-04-10 22:52:58,669 [INFO]   └─ 1.0
2026-04-10 22:52:58,669 [INFO] ----------------------------------------------------------------------------------------------------
2026-04-10 22:52:59,166 [INFO] 因子 3:
2026-04-10 22:52:59,166 [INFO]   表达式: MUL(WR(2), 46.33280033239628)
2026-04-10 22:52:59,167 [INFO]   适应度: 0.168590 | 训练IC: 0.100260 | 训练IR: 0.272488 | 测试IC: 0.083535 | 测试IR: 0.215625
2026-04-10 22:52:59,167 [INFO]   复杂度: 深度=3, 节点数=4, 有效时间点=1983/1983
2026-04-10 22:52:59,167 [INFO]   因子树形结构:
2026-04-10 22:52:59,167 [INFO]   MUL
2026-04-10 22:52:59,167 [INFO]   ├─ WR
2026-04-10 22:52:59,167 [INFO]   │  └─ 2
2026-04-10 22:52:59,167 [INFO]   └─ 46.33280033239628
2026-04-10 22:52:59,167 [INFO] ----------------------------------------------------------------------------------------------------
2026-04-10 22:52:59,171 [INFO] 警告：未知的板块选择 '有色金属'，使用手动指定的合约列表
2026-04-10 23:14:00,541 [INFO] 警告：未知的板块选择 '有色金属'，使用手动指定的合约列表
