2026-04-09 11:53:33,316 [INFO] 当前使用的合约列表（共 9 个合约）：
2026-04-09 11:53:33,316 [INFO] ['ao888', 'ni888', 'pb888', 'sn888', 'ss888', 'zn888', 'al888', 'cu888', 'bc888']
2026-04-09 11:53:33,316 [INFO] 开始获取数据...
2026-04-09 11:53:33,316 [INFO] 数据获取完成！
2026-04-09 11:53:33,316 [INFO] 警告：qmf_data 不可用，ao888 无法获取数据
2026-04-09 11:53:33,328 [INFO] 警告：qmf_data 不可用，ao888 无法获取数据
2026-04-09 11:53:33,328 [INFO] 警告：qmf_data 不可用，ni888 无法获取数据
2026-04-09 11:53:33,328 [INFO] 警告：qmf_data 不可用，ni888 无法获取数据
2026-04-09 11:53:33,329 [INFO] 警告：qmf_data 不可用，pb888 无法获取数据
2026-04-09 11:53:33,346 [INFO] 警告：qmf_data 不可用，pb888 无法获取数据
2026-04-09 11:53:33,348 [INFO] 警告：qmf_data 不可用，sn888 无法获取数据
2026-04-09 11:53:33,348 [INFO] 警告：qmf_data 不可用，sn888 无法获取数据
2026-04-09 11:53:33,348 [INFO] 警告：qmf_data 不可用，ss888 无法获取数据
2026-04-09 11:53:33,349 [INFO] 警告：qmf_data 不可用，ss888 无法获取数据
2026-04-09 11:53:33,349 [INFO] 警告：qmf_data 不可用，zn888 无法获取数据
2026-04-09 11:53:33,349 [INFO] 警告：qmf_data 不可用，zn888 无法获取数据
2026-04-09 11:53:33,351 [INFO] 警告：qmf_data 不可用，al888 无法获取数据
2026-04-09 11:53:33,351 [INFO] 警告：qmf_data 不可用，al888 无法获取数据
2026-04-09 11:53:33,351 [INFO] 警告：qmf_data 不可用，cu888 无法获取数据
2026-04-09 11:53:33,351 [INFO] 警告：qmf_data 不可用，cu888 无法获取数据
2026-04-09 11:53:33,352 [INFO] 警告：qmf_data 不可用，bc888 无法获取数据
2026-04-09 11:53:33,352 [INFO] 警告：qmf_data 不可用，bc888 无法获取数据
