2026-04-12 11:35:39,323 [INFO] 当前使用的合约列表（共 9 个合约）：
2026-04-12 11:35:39,323 [INFO] ['ao888', 'ni888', 'pb888', 'sn888', 'ss888', 'zn888', 'al888', 'cu888', 'bc888']
2026-04-12 11:35:39,323 [INFO] 开始获取数据...
2026-04-12 11:35:39,323 [INFO] 数据获取完成！
2026-04-12 11:35:39,392 [INFO] 训练集数据预处理完成，共 576 条记录
2026-04-12 11:35:39,392 [INFO] 测试集数据预处理完成，共 738 条记录
2026-04-12 11:35:39,392 [INFO] 计算训练集目标变量...
2026-04-12 11:35:39,394 [INFO] 计算测试集目标变量...
2026-04-12 11:35:39,409 [INFO] 原始数据行数: 567
2026-04-12 11:35:39,410 [INFO] 
构造训练数据...
2026-04-12 11:35:39,413 [INFO] 特征 open 转换成功，形状: (63, 9)
2026-04-12 11:35:39,414 [INFO] 特征 close 转换成功，形状: (63, 9)
2026-04-12 11:35:39,416 [INFO] 特征 high 转换成功，形状: (63, 9)
2026-04-12 11:35:39,417 [INFO] 特征 low 转换成功，形状: (63, 9)
2026-04-12 11:35:39,418 [INFO] 特征 volume 转换成功，形状: (63, 9)
2026-04-12 11:35:39,419 [INFO] 特征 open_interest 转换成功，形状: (63, 9)
2026-04-12 11:35:39,420 [INFO] 特征 future_return 转换成功，形状: (63, 9)
2026-04-12 11:35:39,420 [INFO] 
构造测试数据...
2026-04-12 11:35:39,421 [INFO] 特征 open 转换成功，形状: (81, 9)
2026-04-12 11:35:39,422 [INFO] 特征 close 转换成功，形状: (81, 9)
2026-04-12 11:35:39,423 [INFO] 特征 high 转换成功，形状: (81, 9)
2026-04-12 11:35:39,424 [INFO] 特征 low 转换成功，形状: (81, 9)
2026-04-12 11:35:39,426 [INFO] 特征 volume 转换成功，形状: (81, 9)
2026-04-12 11:35:39,428 [INFO] 特征 open_interest 转换成功，形状: (81, 9)
2026-04-12 11:35:39,429 [INFO] 特征 future_return 转换成功，形状: (81, 9)
2026-04-12 11:35:39,429 [INFO] 
训练数据准备完成:
2026-04-12 11:35:39,429 [INFO] 时间点数量: 63
2026-04-12 11:35:39,430 [INFO] 合约数量: 9
2026-04-12 11:35:39,430 [INFO] 特征数量: 6
2026-04-12 11:35:39,430 [INFO] 特征列表: ['open', 'close', 'high', 'low', 'volume', 'open_interest']
2026-04-12 11:35:39,430 [INFO] 
测试数据准备完成:
2026-04-12 11:35:39,430 [INFO] 时间点数量: 81
2026-04-12 11:35:39,430 [INFO] 合约数量: 9
2026-04-12 11:35:39,430 [INFO] 特征数量: 6
2026-04-12 11:35:39,430 [INFO] 特征列表: ['open', 'close', 'high', 'low', 'volume', 'open_interest']
2026-04-12 11:35:39,430 [INFO] 
数据质量检查:
2026-04-12 11:35:39,430 [INFO] y中NaN比例: 0.00%
2026-04-12 11:35:39,430 [INFO] y中有效值数量: 567
2026-04-12 11:35:39,431 [INFO] 训练集最小时间: 2025-06-03 00:00:00, 最大时间: 2025-08-28 00:00:00
2026-04-12 11:35:39,431 [INFO]   open: NaN比例=0.00%
2026-04-12 11:35:39,431 [INFO]   close: NaN比例=0.00%
2026-04-12 11:35:39,431 [INFO]   high: NaN比例=0.00%
2026-04-12 11:35:39,431 [INFO]   low: NaN比例=0.00%
2026-04-12 11:35:39,431 [INFO]   volume: NaN比例=0.00%
2026-04-12 11:35:39,431 [INFO] 
测试集数据质量检查:
2026-04-12 11:35:39,431 [INFO] y_test中NaN比例: 0.00%
2026-04-12 11:35:39,431 [INFO] y_test中有效值数量: 729
2026-04-12 11:35:39,431 [INFO] 测试集最小时间: 2025-09-01 00:00:00, 最大时间: 2025-12-30 00:00:00
2026-04-12 11:35:39,432 [INFO]   open: NaN比例=0.00%
2026-04-12 11:35:39,432 [INFO]   close: NaN比例=0.00%
2026-04-12 11:35:39,432 [INFO]   high: NaN比例=0.00%
2026-04-12 11:35:39,432 [INFO]   low: NaN比例=0.00%
2026-04-12 11:35:39,432 [INFO]   volume: NaN比例=0.00%
2026-04-12 11:35:39,433 [INFO] 本次使用的随机数种子为: 923106071
2026-04-12 11:35:39,433 [INFO] 训练前关键配置检查：
2026-04-12 11:35:39,433 [INFO]   SYMBOLS数量: 9
2026-04-12 11:35:39,433 [INFO]   训练集shape: (63, 9)
2026-04-12 11:35:39,433 [INFO]   测试集shape: (81, 9)
2026-04-12 11:35:39,433 [INFO]   IC_PERIOD: 1
2026-04-12 11:35:39,433 [INFO]   FITNESS_W_TRAIN: 0.4
2026-04-12 11:35:39,433 [INFO]   FITNESS_W_TEST: 0.6
2026-04-12 11:35:43,998 [INFO] 开始遗传规划因子挖掘...
2026-04-12 11:35:43,998 [INFO] ==============================================================================================================================================================================================================
2026-04-12 11:35:43,998 [INFO] |       种群信息       |               最优个体               |                 因子质量                 |
2026-04-12 11:35:43,998 [INFO] 
--------------------------------------------------------------------------------------------------------------------------------------------------------------------------------------------------------------
2026-04-12 11:35:43,999 [INFO] 轮次  代数    平均长度    平均适应度    最优长度    最优适应度      平均IC(训/测)       平均IR(训/测)       最优IC(训/测)       最优IR(训/测)   最优有效时点(训/测)   剩余时间  最优表达式
2026-04-12 11:35:43,999 [INFO] 
--------------------------------------------------------------------------------------------------------------------------------------------------------------------------------------------------------------
2026-04-12 11:35:43,999 [INFO]    1    1         5.7       -0.0438           6        0.0840   -0.0269/ 0.0195   -0.0776/ 0.0429    0.0216/ 0.0686    0.0665/ 0.1852            44/  62         ?  DIFF(LV(RSI(103), 17), 12)
2026-04-12 11:35:48,797 [INFO]    1    2         4.8       -0.0175           4        0.1019   -0.0122/ 0.0301   -0.0409/ 0.0661    0.0476/ 0.0740    0.1076/ 0.1685            39/  57     1.01m  SAR(25, 97.62980984876418, 92)
2026-04-12 11:35:50,828 [INFO]    1    3         4.2        0.0211           4        0.1019    0.0070/ 0.0474    0.0129/ 0.1064    0.0476/ 0.0740    0.1076/ 0.1685            39/  57    45.56s  SAR(25, 97.62980984876418, 92)
2026-04-12 11:35:54,191 [INFO]    1    4         4.6        0.0145           9        0.1260    0.0040/ 0.0422    0.0059/ 0.0949    0.0317/ 0.1021    0.1080/ 0.2702            62/  80    40.57s  HV(HHV(TAN(low), MACD_DEA(9, 49, 105)), 17)
2026-04-12 11:35:57,367 [INFO]    1    5         4.7        0.0229           8        0.1473    0.0116/ 0.0399    0.0274/ 0.0917    0.0258/ 0.1346    0.0822/ 0.3945            62/  80    35.86s  HV(HHV(TAN(low), 7), COS(MTM(30)))
2026-04-12 11:35:59,701 [INFO]    1    6         4.9        0.0394           8        0.1473    0.0151/ 0.0475    0.0352/ 0.1107    0.0258/ 0.1346    0.0822/ 0.3945            62/  80    30.39s  HV(HHV(TAN(low), 7), COS(MTM(30)))
2026-04-12 11:36:02,349 [INFO]    1    7         6.0        0.0507           8        0.1473    0.0123/ 0.0590    0.0296/ 0.1430    0.0258/ 0.1346    0.0822/ 0.3945            62/  80    26.18s  HV(HHV(TAN(low), 7), COS(MTM(30)))
2026-04-12 11:36:06,398 [INFO]    1    8         6.6        0.0473           8        0.1473    0.0111/ 0.0542    0.0327/ 0.1316    0.0258/ 0.1346    0.0822/ 0.3945            62/  80    23.59s  HV(HHV(TAN(low), 7), COS(MTM(35.06865708951031)))
2026-04-12 11:36:10,425 [INFO]    1    9         6.4        0.0574           8        0.1473    0.0175/ 0.0606    0.0508/ 0.1477    0.0258/ 0.1346    0.0822/ 0.3945            62/  80    20.66s  HV(HHV(TAN(low), 7), COS(MTM(30)))
2026-04-12 11:36:14,718 [INFO]    1   10         6.4        0.0524           8        0.1473    0.0167/ 0.0556    0.0460/ 0.1368    0.0258/ 0.1346    0.0822/ 0.3945            62/  80    17.64s  HV(HHV(TAN(low), 7), COS(MTM(35.06865708951031)))
2026-04-12 11:36:18,910 [INFO]    1   11         6.7        0.0503           9        0.1642    0.0156/ 0.0575    0.0455/ 0.1455    0.0598/ 0.1029    0.1994/ 0.2666            62/  80    14.35s  HV(HHV(TAN(low), MACD_DEA(50, 59, 15.259080193491807)), 18.123235965824367)
2026-04-12 11:36:23,579 [INFO]    1   12         7.3        0.0529           9        0.1642    0.0130/ 0.0572    0.0414/ 0.1496    0.0598/ 0.1029    0.1994/ 0.2666            62/  80    11.04s  HV(HHV(TAN(low), MACD_DEA(50, 59, 15.259080193491807)), 18.123235965824367)
2026-04-12 11:36:29,069 [INFO]    1   13         7.1        0.0498           9        0.1642    0.0203/ 0.0524    0.0586/ 0.1351    0.0598/ 0.1029    0.1994/ 0.2666            62/  80     7.64s  HV(HHV(TAN(low), MACD_DEA(50, 59, 15.259080193491807)), 18.123235965824367)
2026-04-12 11:36:33,203 [INFO]    1   14         7.0        0.0571           9        0.1642    0.0190/ 0.0574    0.0582/ 0.1525    0.0598/ 0.1029    0.1994/ 0.2666            62/  80     3.84s  HV(HHV(TAN(low), MACD_DEA(50, 59, 15.259080193491807)), 18.123235965824367)
2026-04-12 11:36:36,765 [INFO]    1   15         7.4        0.0634           9        0.1642    0.0209/ 0.0572    0.0675/ 0.1499    0.0598/ 0.1029    0.1994/ 0.2666            62/  80     0.00s  HV(HHV(TAN(low), MACD_DEA(50, 59, 15.259080193491807)), 18.123235965824367)
2026-04-12 11:36:36,765 [INFO] --------------------------------------------------------------------------------------------------------------------------------------------------------------------------------------------------------------
2026-04-12 11:36:36,774 [INFO] 进化完成，共发现 1 个候选因子，开始最终评估...
2026-04-12 11:36:36,815 [INFO] 最终筛选完成，选择了 1 个最优因子
2026-04-12 11:36:36,815 [INFO] 
最优因子表达式及其绩效:
2026-04-12 11:36:36,815 [INFO] ====================================================================================================
2026-04-12 11:36:36,815 [INFO] 遗传编程训练完成，耗时: 57.38 秒
2026-04-12 11:36:36,852 [INFO] 因子 1:
2026-04-12 11:36:36,852 [INFO]   表达式: HV(HHV(TAN(low), MACD_DEA(50, 59, 15.259080193491807)), 18.123235965824367)
2026-04-12 11:36:36,854 [INFO]   适应度: 0.164181 | 训练IC: 0.059805 | 训练IR: 0.199368 | 测试IC: 0.102945 | 测试IR: 0.266645
2026-04-12 11:36:36,854 [INFO]   复杂度: 深度=4, 节点数=9, 有效时间点=62/63
2026-04-12 11:36:36,854 [INFO]   因子树形结构:
2026-04-12 11:36:36,854 [INFO]   HV
2026-04-12 11:36:36,854 [INFO]   ├─ HHV
2026-04-12 11:36:36,854 [INFO]   │  ├─ TAN
2026-04-12 11:36:36,854 [INFO]   │  │  └─ low
2026-04-12 11:36:36,854 [INFO]   │  └─ MACD_DEA
2026-04-12 11:36:36,854 [INFO]   │     ├─ 50
2026-04-12 11:36:36,855 [INFO]   │     ├─ 59
2026-04-12 11:36:36,855 [INFO]   │     └─ 15.259080193491807
2026-04-12 11:36:36,855 [INFO]   └─ 18.123235965824367
2026-04-12 11:36:36,855 [INFO] ----------------------------------------------------------------------------------------------------
