2026-04-12 16:03:34,119 [INFO] 当前使用的合约列表（共 9 个合约）：
2026-04-12 16:03:34,120 [INFO] ['ao888', 'ni888', 'pb888', 'sn888', 'ss888', 'zn888', 'al888', 'cu888', 'bc888']
2026-04-12 16:03:34,120 [INFO] 开始获取数据...
2026-04-12 16:03:34,120 [INFO] 数据获取完成！
2026-04-12 16:03:34,646 [INFO] [Mining][get_futures_data] caller=<module> symbol=ao888 symbol_cycle='1小时' mapped_cycle='1H' used_default_cycle=True
2026-04-12 16:04:00,405 [INFO] 当前使用的合约列表（共 9 个合约）：
2026-04-12 16:04:00,405 [INFO] ['ao888', 'ni888', 'pb888', 'sn888', 'ss888', 'zn888', 'al888', 'cu888', 'bc888']
2026-04-12 16:04:00,405 [INFO] 开始获取数据...
2026-04-12 16:04:00,405 [INFO] 数据获取完成！
2026-04-12 16:04:00,433 [INFO] [Mining][get_futures_data] caller=<module> symbol=ao888 symbol_cycle='1天' mapped_cycle='1D' used_default_cycle=True
2026-04-12 16:04:00,463 [INFO] [Mining][get_futures_data] caller=<module> symbol=ao888 symbol_cycle='1天' mapped_cycle='1D' used_default_cycle=True
2026-04-12 16:04:00,489 [INFO] [Mining][get_futures_data] caller=<module> symbol=ni888 symbol_cycle='1天' mapped_cycle='1D' used_default_cycle=True
2026-04-12 16:04:00,517 [INFO] [Mining][get_futures_data] caller=<module> symbol=ni888 symbol_cycle='1天' mapped_cycle='1D' used_default_cycle=True
2026-04-12 16:04:00,544 [INFO] [Mining][get_futures_data] caller=<module> symbol=pb888 symbol_cycle='1天' mapped_cycle='1D' used_default_cycle=True
2026-04-12 16:04:00,567 [INFO] [Mining][get_futures_data] caller=<module> symbol=pb888 symbol_cycle='1天' mapped_cycle='1D' used_default_cycle=True
2026-04-12 16:04:00,592 [INFO] [Mining][get_futures_data] caller=<module> symbol=sn888 symbol_cycle='1天' mapped_cycle='1D' used_default_cycle=True
2026-04-12 16:04:00,621 [INFO] [Mining][get_futures_data] caller=<module> symbol=sn888 symbol_cycle='1天' mapped_cycle='1D' used_default_cycle=True
2026-04-12 16:04:00,643 [INFO] [Mining][get_futures_data] caller=<module> symbol=ss888 symbol_cycle='1天' mapped_cycle='1D' used_default_cycle=True
2026-04-12 16:04:00,667 [INFO] [Mining][get_futures_data] caller=<module> symbol=ss888 symbol_cycle='1天' mapped_cycle='1D' used_default_cycle=True
2026-04-12 16:04:00,692 [INFO] [Mining][get_futures_data] caller=<module> symbol=zn888 symbol_cycle='1天' mapped_cycle='1D' used_default_cycle=True
2026-04-12 16:04:00,716 [INFO] [Mining][get_futures_data] caller=<module> symbol=zn888 symbol_cycle='1天' mapped_cycle='1D' used_default_cycle=True
2026-04-12 16:04:00,744 [INFO] [Mining][get_futures_data] caller=<module> symbol=al888 symbol_cycle='1天' mapped_cycle='1D' used_default_cycle=True
2026-04-12 16:04:00,778 [INFO] [Mining][get_futures_data] caller=<module> symbol=al888 symbol_cycle='1天' mapped_cycle='1D' used_default_cycle=True
2026-04-12 16:04:00,819 [INFO] [Mining][get_futures_data] caller=<module> symbol=cu888 symbol_cycle='1天' mapped_cycle='1D' used_default_cycle=True
2026-04-12 16:04:00,867 [INFO] [Mining][get_futures_data] caller=<module> symbol=cu888 symbol_cycle='1天' mapped_cycle='1D' used_default_cycle=True
2026-04-12 16:04:00,891 [INFO] [Mining][get_futures_data] caller=<module> symbol=bc888 symbol_cycle='1天' mapped_cycle='1D' used_default_cycle=True
2026-04-12 16:04:00,946 [INFO] [Mining][get_futures_data] caller=<module> symbol=bc888 symbol_cycle='1天' mapped_cycle='1D' used_default_cycle=True
2026-04-12 16:04:00,956 [INFO] 训练集数据预处理完成，共 576 条记录
2026-04-12 16:04:00,956 [INFO] 测试集数据预处理完成，共 738 条记录
2026-04-12 16:04:00,956 [INFO] 计算训练集目标变量...
2026-04-12 16:04:00,960 [INFO] 计算测试集目标变量...
2026-04-12 16:04:00,964 [INFO] 原始数据行数: 567
2026-04-12 16:04:00,965 [INFO] 
构造训练数据...
2026-04-12 16:04:00,968 [INFO] 特征 open 转换成功，形状: (63, 9)
2026-04-12 16:04:00,968 [INFO] 特征 close 转换成功，形状: (63, 9)
2026-04-12 16:04:00,970 [INFO] 特征 high 转换成功，形状: (63, 9)
2026-04-12 16:04:00,971 [INFO] 特征 low 转换成功，形状: (63, 9)
2026-04-12 16:04:00,972 [INFO] 特征 volume 转换成功，形状: (63, 9)
2026-04-12 16:04:00,973 [INFO] 特征 open_interest 转换成功，形状: (63, 9)
2026-04-12 16:04:00,975 [INFO] 特征 future_return 转换成功，形状: (63, 9)
2026-04-12 16:04:00,975 [INFO] 
构造测试数据...
2026-04-12 16:04:00,977 [INFO] 特征 open 转换成功，形状: (81, 9)
2026-04-12 16:04:00,978 [INFO] 特征 close 转换成功，形状: (81, 9)
2026-04-12 16:04:00,980 [INFO] 特征 high 转换成功，形状: (81, 9)
2026-04-12 16:04:00,981 [INFO] 特征 low 转换成功，形状: (81, 9)
2026-04-12 16:04:00,982 [INFO] 特征 volume 转换成功，形状: (81, 9)
2026-04-12 16:04:00,983 [INFO] 特征 open_interest 转换成功，形状: (81, 9)
2026-04-12 16:04:00,984 [INFO] 特征 future_return 转换成功，形状: (81, 9)
2026-04-12 16:04:00,984 [INFO] 
训练数据准备完成:
2026-04-12 16:04:00,984 [INFO] 时间点数量: 63
2026-04-12 16:04:00,984 [INFO] 合约数量: 9
2026-04-12 16:04:00,985 [INFO] 特征数量: 6
2026-04-12 16:04:00,985 [INFO] 特征列表: ['open', 'close', 'high', 'low', 'volume', 'open_interest']
2026-04-12 16:04:00,985 [INFO] 
测试数据准备完成:
2026-04-12 16:04:00,985 [INFO] 时间点数量: 81
2026-04-12 16:04:00,985 [INFO] 合约数量: 9
2026-04-12 16:04:00,985 [INFO] 特征数量: 6
2026-04-12 16:04:00,985 [INFO] 特征列表: ['open', 'close', 'high', 'low', 'volume', 'open_interest']
2026-04-12 16:04:00,985 [INFO] 
数据质量检查:
2026-04-12 16:04:00,985 [INFO] y中NaN比例: 0.00%
2026-04-12 16:04:00,985 [INFO] y中有效值数量: 567
2026-04-12 16:04:00,985 [INFO] 训练集最小时间: 2025-06-03 00:00:00, 最大时间: 2025-08-28 00:00:00
2026-04-12 16:04:00,985 [INFO]   open: NaN比例=0.00%
2026-04-12 16:04:00,985 [INFO]   close: NaN比例=0.00%
2026-04-12 16:04:00,985 [INFO]   high: NaN比例=0.00%
2026-04-12 16:04:00,985 [INFO]   low: NaN比例=0.00%
2026-04-12 16:04:00,985 [INFO]   volume: NaN比例=0.00%
2026-04-12 16:04:00,985 [INFO] 
测试集数据质量检查:
2026-04-12 16:04:00,985 [INFO] y_test中NaN比例: 0.00%
2026-04-12 16:04:00,985 [INFO] y_test中有效值数量: 729
2026-04-12 16:04:00,985 [INFO] 测试集最小时间: 2025-09-01 00:00:00, 最大时间: 2025-12-30 00:00:00
2026-04-12 16:04:00,985 [INFO]   open: NaN比例=0.00%
2026-04-12 16:04:00,987 [INFO]   close: NaN比例=0.00%
2026-04-12 16:04:00,987 [INFO]   high: NaN比例=0.00%
2026-04-12 16:04:00,987 [INFO]   low: NaN比例=0.00%
2026-04-12 16:04:00,987 [INFO]   volume: NaN比例=0.00%
2026-04-12 16:04:00,987 [INFO] 本次使用的随机数种子为: 1981400381
2026-04-12 16:04:00,987 [INFO] 训练前关键配置检查：
2026-04-12 16:04:00,987 [INFO]   SYMBOLS数量: 9
2026-04-12 16:04:00,987 [INFO]   训练集shape: (63, 9)
2026-04-12 16:04:00,987 [INFO]   测试集shape: (81, 9)
2026-04-12 16:04:00,988 [INFO]   IC_PERIOD: 1
2026-04-12 16:04:00,988 [INFO]   FITNESS_W_TRAIN: 0.4
2026-04-12 16:04:00,988 [INFO]   FITNESS_W_TEST: 0.6
2026-04-12 16:04:02,967 [INFO] 开始遗传规划因子挖掘...
2026-04-12 16:04:02,967 [INFO] ==============================================================================================================================================================================================================
2026-04-12 16:04:02,968 [INFO] |       种群信息       |               最优个体               |                 因子质量                 |
2026-04-12 16:04:02,968 [INFO] 
--------------------------------------------------------------------------------------------------------------------------------------------------------------------------------------------------------------
2026-04-12 16:04:02,968 [INFO] 轮次  代数    平均长度    平均适应度    最优长度    最优适应度      平均IC(训/测)       平均IR(训/测)       最优IC(训/测)       最优IR(训/测)   最优有效时点(训/测)   剩余时间  最优表达式
2026-04-12 16:04:02,968 [INFO] 
--------------------------------------------------------------------------------------------------------------------------------------------------------------------------------------------------------------
2026-04-12 16:04:02,968 [INFO]    1    1         4.3       -0.0384           3        0.0826   -0.0308/ 0.0242   -0.0866/ 0.0498    0.0240/ 0.0863    0.0526/ 0.1946            44/  62         ?  BOLL_LOWER(20, 4.758646024550818)
2026-04-12 16:04:04,915 [INFO]    1    2         4.5       -0.0332           3        0.0826   -0.0211/ 0.0240   -0.0588/ 0.0473    0.0240/ 0.0863    0.0526/ 0.1946            44/  62    25.52s  BOLL_LOWER(20, 4.758646024550818)
2026-04-12 16:04:07,715 [INFO]    1    3         4.2       -0.0228           3        0.0826   -0.0157/ 0.0257   -0.0441/ 0.0547    0.0240/ 0.0863    0.0526/ 0.1946            44/  62    26.91s  BOLL_LOWER(20, 4.758646024550818)
2026-04-12 16:04:11,407 [INFO]    1    4         4.2        0.0173           9        0.0843   -0.0087/ 0.0593   -0.0258/ 0.1317    0.0283/ 0.0778    0.0648/ 0.1758            42/  60    28.65s  MAX(LV(KDJ_K(59, 107), 4), BOLL_LOWER(22, 2.5497753826169682))
2026-04-12 16:04:15,253 [INFO]    1    5         4.2        0.0304           4        0.0843    0.0022/ 0.0590    0.0016/ 0.1317    0.0283/ 0.0778    0.0648/ 0.1758            42/  60    28.53s  SAR(22, 55.4941183475397, 59.743992914367524)
2026-04-12 16:04:17,908 [INFO]    1    6         4.7        0.0382           4        0.0843    0.0037/ 0.0634    0.0043/ 0.1424    0.0283/ 0.0778    0.0648/ 0.1758            42/  60    25.38s  SAR(22, 55.4941183475397, 59.743992914367524)
2026-04-12 16:04:20,331 [INFO]    1    7         4.7        0.0331           9        0.1329    0.0071/ 0.0555    0.0142/ 0.1251    0.0847/ 0.0631    0.2310/ 0.1654            45/  63    22.11s  MAX(MUL(KDJ_K(56, 60), 4), BOLL_LOWER(18.855200804630957, 92.93384219183082))
2026-04-12 16:04:22,889 [INFO]    1    8         4.5        0.0372           9        0.1329    0.0083/ 0.0575    0.0140/ 0.1307    0.0847/ 0.0631    0.2310/ 0.1654            45/  63    19.16s  MAX(MUL(KDJ_K(56, 60), 4), BOLL_LOWER(18.855200804630957, 92.93384219183082))
2026-04-12 16:04:26,114 [INFO]    1    9         5.0        0.0463           9        0.1329    0.0133/ 0.0601    0.0255/ 0.1365    0.0847/ 0.0631    0.2310/ 0.1654            45/  63    16.75s  MAX(MUL(KDJ_K(56, 60), 4), BOLL_LOWER(18.855200804630957, 92.93384219183082))
2026-04-12 16:04:29,380 [INFO]    1   10         5.5        0.0392           9        0.1329    0.0095/ 0.0573    0.0157/ 0.1282    0.0847/ 0.0631    0.2310/ 0.1654            45/  63    14.20s  MAX(MUL(KDJ_K(56, 60), 4), BOLL_LOWER(18.855200804630957, 92.93384219183082))
2026-04-12 16:04:33,599 [INFO]    1   11         6.0        0.0443           9        0.1591    0.0110/ 0.0601    0.0199/ 0.1384    0.1003/ 0.0763    0.2689/ 0.2008            45/  63    11.86s  MAX(MUL(KDJ_K(2.783620795012272, 60), 4), BOLL_LOWER(18.855200804630957, 92.93384219183082))
2026-04-12 16:04:38,238 [INFO]    1   12         5.9        0.0275           9        0.1591    0.0078/ 0.0464    0.0138/ 0.1071    0.1003/ 0.0763    0.2689/ 0.2008            45/  63     9.31s  MAX(MUL(KDJ_K(2.783620795012272, 60), 4), BOLL_LOWER(18.855200804630957, 92.93384219183082))
2026-04-12 16:04:41,584 [INFO]    1   13         5.8        0.0295           9        0.1591    0.0199/ 0.0408    0.0458/ 0.0909    0.1003/ 0.0763    0.2689/ 0.2008            45/  63     6.25s  MAX(MUL(KDJ_K(2.783620795012272, 60), 4), BOLL_LOWER(18.855200804630957, 92.93384219183082))
2026-04-12 16:04:45,102 [INFO]    1   14         5.1        0.0378           9        0.1591    0.0105/ 0.0564    0.0155/ 0.1298    0.1003/ 0.0763    0.2689/ 0.2008            45/  63     3.15s  MAX(MUL(KDJ_K(2.783620795012272, 60), 4), BOLL_LOWER(18.855200804630957, 92.93384219183082))
2026-04-12 16:04:48,512 [INFO]    1   15         5.9        0.0592           9        0.1591    0.0168/ 0.0699    0.0319/ 0.1614    0.1003/ 0.0763    0.2689/ 0.2008            45/  63     0.00s  MAX(MUL(KDJ_K(2.783620795012272, 60), 4), BOLL_LOWER(18.855200804630957, 92.93384219183082))
2026-04-12 16:04:48,513 [INFO] --------------------------------------------------------------------------------------------------------------------------------------------------------------------------------------------------------------
2026-04-12 16:04:48,523 [INFO] 进化完成，共发现 1 个候选因子，开始最终评估...
2026-04-12 16:04:48,557 [INFO] 最终筛选完成，选择了 1 个最优因子
2026-04-12 16:04:48,557 [INFO] 
最优因子表达式及其绩效:
2026-04-12 16:04:48,557 [INFO] ====================================================================================================
2026-04-12 16:04:48,557 [INFO] 遗传编程训练完成，耗时: 47.57 秒
2026-04-12 16:04:48,588 [INFO] 因子 1:
2026-04-12 16:04:48,588 [INFO]   表达式: MAX(MUL(KDJ_K(2.783620795012272, 60), 4), BOLL_LOWER(18.855200804630957, 92.93384219183082))
2026-04-12 16:04:48,588 [INFO]   适应度: 0.159063 | 训练IC: 0.100316 | 训练IR: 0.268942 | 测试IC: 0.076321 | 测试IR: 0.200776
2026-04-12 16:04:48,588 [INFO]   复杂度: 深度=4, 节点数=9, 有效时间点=45/63
2026-04-12 16:04:48,589 [INFO]   因子树形结构:
2026-04-12 16:04:48,589 [INFO]   MAX
2026-04-12 16:04:48,589 [INFO]   ├─ MUL
2026-04-12 16:04:48,589 [INFO]   │  ├─ KDJ_K
2026-04-12 16:04:48,589 [INFO]   │  │  ├─ 2.783620795012272
2026-04-12 16:04:48,589 [INFO]   │  │  └─ 60
2026-04-12 16:04:48,589 [INFO]   │  └─ 4
2026-04-12 16:04:48,589 [INFO]   └─ BOLL_LOWER
2026-04-12 16:04:48,589 [INFO]      ├─ 18.855200804630957
2026-04-12 16:04:48,589 [INFO]      └─ 92.93384219183082
2026-04-12 16:04:48,589 [INFO] ----------------------------------------------------------------------------------------------------
2026-04-12 16:04:48,596 [INFO] [Mining][get_futures_data] caller=prepare_data_mining symbol=wr888 symbol_cycle='1天' mapped_cycle='1D' used_default_cycle=False
