2026-04-11 22:54:04,099 [INFO] 当前使用的合约列表（共 9 个合约）：
2026-04-11 22:54:04,100 [INFO] ['ao888', 'ni888', 'pb888', 'sn888', 'ss888', 'zn888', 'al888', 'cu888', 'bc888']
2026-04-11 22:54:04,100 [INFO] 开始获取数据...
2026-04-11 22:54:04,100 [INFO] 数据获取完成！
2026-04-11 22:54:04,100 [INFO] 警告：qmf_data 不可用，ao888 无法获取数据
2026-04-11 22:54:04,102 [INFO] 警告：qmf_data 不可用，ao888 无法获取数据
2026-04-11 22:54:04,103 [INFO] 警告：qmf_data 不可用，ni888 无法获取数据
2026-04-11 22:54:04,104 [INFO] 警告：qmf_data 不可用，ni888 无法获取数据
2026-04-11 22:54:04,115 [INFO] 警告：qmf_data 不可用，pb888 无法获取数据
2026-04-11 22:54:04,116 [INFO] 警告：qmf_data 不可用，pb888 无法获取数据
2026-04-11 22:54:04,117 [INFO] 警告：qmf_data 不可用，sn888 无法获取数据
2026-04-11 22:54:04,117 [INFO] 警告：qmf_data 不可用，sn888 无法获取数据
2026-04-11 22:54:04,117 [INFO] 警告：qmf_data 不可用，ss888 无法获取数据
2026-04-11 22:54:04,118 [INFO] 警告：qmf_data 不可用，ss888 无法获取数据
2026-04-11 22:54:04,118 [INFO] 警告：qmf_data 不可用，zn888 无法获取数据
2026-04-11 22:54:04,119 [INFO] 警告：qmf_data 不可用，zn888 无法获取数据
2026-04-11 22:54:04,119 [INFO] 警告：qmf_data 不可用，al888 无法获取数据
2026-04-11 22:54:04,119 [INFO] 警告：qmf_data 不可用，al888 无法获取数据
2026-04-11 22:54:04,120 [INFO] 警告：qmf_data 不可用，cu888 无法获取数据
2026-04-11 22:54:04,120 [INFO] 警告：qmf_data 不可用，cu888 无法获取数据
2026-04-11 22:54:04,120 [INFO] 警告：qmf_data 不可用，bc888 无法获取数据
2026-04-11 22:54:04,121 [INFO] 警告：qmf_data 不可用，bc888 无法获取数据
2026-04-11 22:54:04,121 [INFO] 警告：qmf_data 不可用，将使用空数据集继续
2026-04-11 22:54:04,122 [INFO] 警告：qmf_data 不可用，将使用空数据集继续
2026-04-11 22:54:04,124 [INFO] 训练集数据预处理完成，共 0 条记录
2026-04-11 22:54:04,124 [INFO] 测试集数据预处理完成，共 0 条记录
2026-04-11 22:54:04,124 [INFO] 计算训练集目标变量...
2026-04-11 22:54:04,126 [INFO] 计算测试集目标变量...
2026-04-11 22:54:04,130 [INFO] 原始数据行数: 0
2026-04-11 22:54:04,131 [INFO] 
构造训练数据...
2026-04-11 22:54:04,133 [INFO] 特征 open 转换成功，形状: (0, 0)
2026-04-11 22:54:04,134 [INFO] 特征 close 转换成功，形状: (0, 0)
2026-04-11 22:54:04,135 [INFO] 特征 high 转换成功，形状: (0, 0)
2026-04-11 22:54:04,136 [INFO] 特征 low 转换成功，形状: (0, 0)
2026-04-11 22:54:04,136 [INFO] 特征 volume 转换成功，形状: (0, 0)
2026-04-11 22:54:04,137 [INFO] 特征 open_interest 转换成功，形状: (0, 0)
2026-04-11 22:54:04,137 [INFO] 特征 future_return 转换成功，形状: (0, 0)
2026-04-11 22:54:04,137 [INFO] 
构造测试数据...
2026-04-11 22:54:04,138 [INFO] 特征 open 转换成功，形状: (0, 0)
2026-04-11 22:54:04,138 [INFO] 特征 close 转换成功，形状: (0, 0)
2026-04-11 22:54:04,139 [INFO] 特征 high 转换成功，形状: (0, 0)
2026-04-11 22:54:04,139 [INFO] 特征 low 转换成功，形状: (0, 0)
2026-04-11 22:54:04,140 [INFO] 特征 volume 转换成功，形状: (0, 0)
2026-04-11 22:54:04,141 [INFO] 特征 open_interest 转换成功，形状: (0, 0)
2026-04-11 22:54:04,141 [INFO] 特征 future_return 转换成功，形状: (0, 0)
2026-04-11 22:54:04,141 [INFO] 
训练数据准备完成:
2026-04-11 22:54:04,141 [INFO] 时间点数量: 0
2026-04-11 22:54:04,141 [INFO] 合约数量: 0
2026-04-11 22:54:04,141 [INFO] 特征数量: 6
2026-04-11 22:54:04,141 [INFO] 特征列表: ['open', 'close', 'high', 'low', 'volume', 'open_interest']
2026-04-11 22:54:04,141 [INFO] 
测试数据准备完成:
2026-04-11 22:54:04,141 [INFO] 时间点数量: 0
2026-04-11 22:54:04,141 [INFO] 合约数量: 0
2026-04-11 22:54:04,141 [INFO] 特征数量: 6
2026-04-11 22:54:04,141 [INFO] 特征列表: ['open', 'close', 'high', 'low', 'volume', 'open_interest']
2026-04-11 22:54:04,141 [INFO] 
数据质量检查:
2026-04-11 22:54:04,141 [INFO] y中NaN比例: nan%
2026-04-11 22:54:04,141 [INFO] y中有效值数量: 0
2026-04-11 22:54:04,141 [INFO]   open: NaN比例=nan%
2026-04-11 22:54:04,141 [INFO]   close: NaN比例=nan%
2026-04-11 22:54:04,141 [INFO]   high: NaN比例=nan%
2026-04-11 22:54:04,141 [INFO]   low: NaN比例=nan%
2026-04-11 22:54:04,141 [INFO]   volume: NaN比例=nan%
2026-04-11 22:54:04,141 [INFO] 
测试集数据质量检查:
2026-04-11 22:54:04,141 [INFO] y_test中NaN比例: nan%
2026-04-11 22:54:04,143 [INFO] y_test中有效值数量: 0
2026-04-11 22:54:04,143 [INFO]   open: NaN比例=nan%
2026-04-11 22:54:04,143 [INFO]   close: NaN比例=nan%
2026-04-11 22:54:04,143 [INFO]   high: NaN比例=nan%
2026-04-11 22:54:04,143 [INFO]   low: NaN比例=nan%
2026-04-11 22:54:04,143 [INFO]   volume: NaN比例=nan%
2026-04-11 22:54:04,143 [INFO] 本次使用的随机数种子为: 3559897569
2026-04-11 22:54:04,143 [INFO] 训练前关键配置检查：
2026-04-11 22:54:04,143 [INFO]   SYMBOLS数量: 9
2026-04-11 22:54:04,143 [INFO]   训练集shape: (0, 0)
2026-04-11 22:54:04,143 [INFO]   测试集shape: (0, 0)
2026-04-11 22:54:04,143 [INFO]   IC_PERIOD: 1
2026-04-11 22:54:04,143 [INFO]   FITNESS_W_TRAIN: 0.4
2026-04-11 22:54:04,143 [INFO]   FITNESS_W_TEST: 0.6
2026-04-11 22:54:04,150 [INFO] 开始遗传规划因子挖掘...
2026-04-11 22:54:04,150 [INFO] ==============================================================================================================================================================================================================
2026-04-11 22:54:04,150 [INFO] |       种群信息       |               最优个体               |                 因子质量                 |
2026-04-11 22:54:04,150 [INFO] 
--------------------------------------------------------------------------------------------------------------------------------------------------------------------------------------------------------------
2026-04-11 22:54:04,150 [INFO] 轮次  代数    平均长度    平均适应度    最优长度    最优适应度      平均IC(训/测)       平均IR(训/测)       最优IC(训/测)       最优IR(训/测)   最优有效时点(训/测)   剩余时间  最优表达式
2026-04-11 22:54:04,150 [INFO] 
--------------------------------------------------------------------------------------------------------------------------------------------------------------------------------------------------------------
2026-04-11 22:54:04,150 [INFO]    1    1         4.6          -inf           2          -inf       nan/    nan       nan/    nan       nan/    nan       nan/    nan             0/   0         ?  ATR(118)
2026-04-11 22:54:04,161 [INFO]    1    2         4.6          -inf           5          -inf       nan/    nan       nan/    nan       nan/    nan       nan/    nan             0/   0     0.11s  DMA(BOLL_LOWER(92, 0.45134531177846765), 0.5759586375225852)
2026-04-11 22:54:04,171 [INFO]    1    3         4.3          -inf           2          -inf       nan/    nan       nan/    nan       nan/    nan       nan/    nan             0/   0     0.11s  MFI(65)
2026-04-11 22:54:04,182 [INFO]    1    4         4.4          -inf           2          -inf       nan/    nan       nan/    nan       nan/    nan       nan/    nan             0/   0     0.10s  EMV(5)
2026-04-11 22:54:04,194 [INFO]    1    5         4.3          -inf           9          -inf       nan/    nan       nan/    nan       nan/    nan       nan/    nan             0/   0     0.10s  TS_ZSCORE(TR(), ADD(MASS(97, 79), BOLL_UPPER(62, 4.305956504308463)))
2026-04-11 22:54:04,203 [INFO]    1    6         3.9          -inf           2          -inf       nan/    nan       nan/    nan       nan/    nan       nan/    nan             0/   0     0.09s  TRIX(94)
2026-04-11 22:54:04,213 [INFO] 检测到适应度停滞 (代数: 7)，当前最优适应度: -inf
2026-04-11 22:54:04,213 [INFO] 开始第 1 次自动重启...
2026-04-11 22:54:04,213 [INFO] 检测到适应度长期停滞，准备重新初始化种群...
2026-04-11 22:54:04,222 [INFO] 重启完成，继续主循环...
2026-04-11 22:54:04,222 [INFO] 
================================================================================================ 第 1 轮重启 ==================================================================================================
2026-04-11 22:54:04,222 [INFO] 开始遗传规划因子挖掘...
2026-04-11 22:54:04,222 [INFO] ==============================================================================================================================================================================================================
2026-04-11 22:54:04,222 [INFO] |       种群信息       |               最优个体               |                 因子质量                 |
2026-04-11 22:54:04,222 [INFO] 
--------------------------------------------------------------------------------------------------------------------------------------------------------------------------------------------------------------
2026-04-11 22:54:04,222 [INFO] 轮次  代数    平均长度    平均适应度    最优长度    最优适应度      平均IC(训/测)       平均IR(训/测)       最优IC(训/测)       最优IR(训/测)   最优有效时点(训/测)   剩余时间  最优表达式
2026-04-11 22:54:04,222 [INFO] 
--------------------------------------------------------------------------------------------------------------------------------------------------------------------------------------------------------------
2026-04-11 22:54:04,222 [INFO]    2    1         4.3          -inf           2          -inf       nan/    nan       nan/    nan       nan/    nan       nan/    nan             0/   0         ?  BRAR_BR(7)
2026-04-11 22:54:04,233 [INFO]    2    2         5.1          -inf          10          -inf       nan/    nan       nan/    nan       nan/    nan       nan/    nan             0/   0     0.57s  HHVBARS(TS_ZSCORE(HHV(open, 11), KDJ_J(85, 46, 35)), 8)
2026-04-11 22:54:04,243 [INFO]    2    3         4.3          -inf           4          -inf       nan/    nan       nan/    nan       nan/    nan       nan/    nan             0/   0     0.39s  MACD_MACD(32.08844763781631, 108, 55)
2026-04-11 22:54:04,252 [INFO]    2    4         4.3          -inf           3          -inf       nan/    nan       nan/    nan       nan/    nan       nan/    nan             0/   0     0.30s  KDJ_K(9, 119)
2026-04-11 22:54:04,263 [INFO]    2    5         5.1          -inf           3          -inf       nan/    nan       nan/    nan       nan/    nan       nan/    nan             0/   0     0.24s  BOLL_LOWER(119, 6)
2026-04-11 22:54:04,277 [INFO]    2    6         4.4          -inf           2          -inf       nan/    nan       nan/    nan       nan/    nan       nan/    nan             0/   0     0.20s  BIAS(67)
2026-04-11 22:54:04,288 [INFO]    2    7         4.2          -inf           2          -inf       nan/    nan       nan/    nan       nan/    nan       nan/    nan             0/   0     0.16s  LN(open_interest)
2026-04-11 22:54:04,298 [INFO] 检测到适应度停滞 (代数: 8)，当前最优适应度: -inf
2026-04-11 22:54:04,298 [INFO] 开始第 2 次自动重启...
2026-04-11 22:54:04,298 [INFO] 检测到适应度长期停滞，准备重新初始化种群...
2026-04-11 22:54:04,305 [INFO] 重启完成，继续主循环...
2026-04-11 22:54:04,306 [INFO] 
================================================================================================ 第 2 轮重启 ==================================================================================================
2026-04-11 22:54:04,306 [INFO] 开始遗传规划因子挖掘...
2026-04-11 22:54:04,306 [INFO] ==============================================================================================================================================================================================================
2026-04-11 22:54:04,306 [INFO] |       种群信息       |               最优个体               |                 因子质量                 |
2026-04-11 22:54:04,306 [INFO] 
--------------------------------------------------------------------------------------------------------------------------------------------------------------------------------------------------------------
2026-04-11 22:54:04,306 [INFO] 轮次  代数    平均长度    平均适应度    最优长度    最优适应度      平均IC(训/测)       平均IR(训/测)       最优IC(训/测)       最优IR(训/测)   最优有效时点(训/测)   剩余时间  最优表达式
2026-04-11 22:54:04,306 [INFO] 
--------------------------------------------------------------------------------------------------------------------------------------------------------------------------------------------------------------
2026-04-11 22:54:04,306 [INFO]    3    1         4.1          -inf           6          -inf       nan/    nan       nan/    nan       nan/    nan       nan/    nan             0/   0         ?  SMA(SIN(SIGMOID(close)), 16, 1.0)
2026-04-11 22:54:04,319 [INFO]    3    2         5.1          -inf           2          -inf       nan/    nan       nan/    nan       nan/    nan       nan/    nan             0/   0     1.13s  WR(27)
2026-04-11 22:54:04,332 [INFO]    3    3         4.4          -inf          29          -inf       nan/    nan       nan/    nan       nan/    nan       nan/    nan             0/   0     0.75s  REF(SCALE(TR(), SUB(COVA(WR(18), HV(TS_ZSCORE(ROC(4), LV(OBV(), 18)), 12), DIV(TS_ZSCORE(MACD_DEA(85, 13, 80), MTM(113)), MASS(29, 85))), RSI(94))), 20)
2026-04-11 22:54:04,343 [INFO]    3    4         4.1          -inf          12          -inf       nan/    nan       nan/    nan       nan/    nan       nan/    nan             0/   0     0.54s  RANK_SUB(BBI(113.64919918360293, 115, 109, 31), KDJ_J(68, 12, 37), EMV(22))
2026-04-11 22:54:04,354 [INFO]    3    5         4.6          -inf           2          -inf       nan/    nan       nan/    nan       nan/    nan       nan/    nan             0/   0     0.42s  MFI(22.70116151169758)
2026-04-11 22:54:04,365 [INFO]    3    6         4.6          -inf           2          -inf       nan/    nan       nan/    nan       nan/    nan       nan/    nan             0/   0     0.33s  CR(24)
2026-04-11 22:54:04,377 [INFO]    3    7         4.7          -inf           4          -inf       nan/    nan       nan/    nan       nan/    nan       nan/    nan             0/   0     0.26s  KDJ_J(110, 80.80509975374504, 98.20059902668244)
2026-04-11 22:54:04,388 [INFO] 检测到适应度停滞 (代数: 8)，当前最优适应度: -inf
2026-04-11 22:54:04,388 [INFO] 开始第 3 次自动重启...
2026-04-11 22:54:04,388 [INFO] 检测到适应度长期停滞，准备重新初始化种群...
2026-04-11 22:54:04,396 [INFO] 重启完成，继续主循环...
2026-04-11 22:54:04,396 [INFO] 
================================================================================================ 第 3 轮重启 ==================================================================================================
2026-04-11 22:54:04,396 [INFO] 开始遗传规划因子挖掘...
2026-04-11 22:54:04,396 [INFO] ==============================================================================================================================================================================================================
2026-04-11 22:54:04,396 [INFO] |       种群信息       |               最优个体               |                 因子质量                 |
2026-04-11 22:54:04,396 [INFO] 
--------------------------------------------------------------------------------------------------------------------------------------------------------------------------------------------------------------
2026-04-11 22:54:04,396 [INFO] 轮次  代数    平均长度    平均适应度    最优长度    最优适应度      平均IC(训/测)       平均IR(训/测)       最优IC(训/测)       最优IR(训/测)   最优有效时点(训/测)   剩余时间  最优表达式
2026-04-11 22:54:04,396 [INFO] 
--------------------------------------------------------------------------------------------------------------------------------------------------------------------------------------------------------------
2026-04-11 22:54:04,396 [INFO]    4    1         5.0          -inf           2          -inf       nan/    nan       nan/    nan       nan/    nan       nan/    nan             0/   0         ?  ATR(57)
2026-04-11 22:54:04,396 [INFO] --------------------------------------------------------------------------------------------------------------------------------------------------------------------------------------------------------------
2026-04-11 22:54:04,408 [INFO]    4    2         5.4          -inf           8          -inf       nan/    nan       nan/    nan       nan/    nan       nan/    nan             0/   0     1.71s  CORR(BRAR_BR(78), MASS(74, 12), CR(18))
2026-04-11 22:54:04,409 [INFO] --------------------------------------------------------------------------------------------------------------------------------------------------------------------------------------------------------------
2026-04-11 22:54:04,422 [INFO]    4    3         5.8          -inf          40          -inf       nan/    nan       nan/    nan       nan/    nan       nan/    nan             0/   0     1.11s  WMA(RANK(BIAS(39.219561999678305), LN(COVA(RANK_DIV(ATR(8), INV(BBI(2.6604091069160294, 27, 71, 85.88160033923265)), MACD_MACD(14, 36, 55)), RSI(57), COS(SCALE(REF(MFI(37), 6), MACD_MACD(89.62799737827373, 93, 50)))))), LV(MAX(DPO(10.860921306291008, 2), BOLL_LOWER(30, 3.1195527076247163)), 13))
2026-04-11 22:54:04,422 [INFO] --------------------------------------------------------------------------------------------------------------------------------------------------------------------------------------------------------------
2026-04-11 22:54:04,436 [INFO]    4    4         5.5          -inf          11          -inf       nan/    nan       nan/    nan       nan/    nan       nan/    nan             0/   0     0.80s  SCALE(TS_ZSCORE(KDJ_K(86.70124541490173, 73), 58), HV(DPO(19.569067449348264, 16), 116.09887281976272))
2026-04-11 22:54:04,436 [INFO] --------------------------------------------------------------------------------------------------------------------------------------------------------------------------------------------------------------
2026-04-11 22:54:04,450 [INFO]    4    5         4.7          -inf           2          -inf       nan/    nan       nan/    nan       nan/    nan       nan/    nan             0/   0     0.61s  BRAR_AR(8)
2026-04-11 22:54:04,450 [INFO] --------------------------------------------------------------------------------------------------------------------------------------------------------------------------------------------------------------
2026-04-11 22:54:04,460 [INFO]    4    6         4.0          -inf           7          -inf       nan/    nan       nan/    nan       nan/    nan       nan/    nan             0/   0     0.47s  RANK(MACD_MACD(117.02430024104979, 61.2668027790434, 81), CCI(42))
2026-04-11 22:54:04,460 [INFO] --------------------------------------------------------------------------------------------------------------------------------------------------------------------------------------------------------------
2026-04-11 22:54:04,472 [INFO]    4    7         3.6          -inf          10          -inf       nan/    nan       nan/    nan       nan/    nan       nan/    nan             0/   0     0.37s  SCALE(HHV(DIFMA(8, 89, 12), FORCAST(open_interest, high)), high)
2026-04-11 22:54:04,472 [INFO] --------------------------------------------------------------------------------------------------------------------------------------------------------------------------------------------------------------
2026-04-11 22:54:04,484 [INFO] 检测到适应度停滞 (代数: 8)，当前最优适应度: -inf
2026-04-11 22:54:04,485 [INFO] 已达到最大重启次数，停止重启
2026-04-11 22:54:04,485 [INFO] 进化完成，共发现 0 个候选因子，开始最终评估...
2026-04-11 22:54:04,485 [INFO] 最终筛选完成，选择了 0 个最优因子
2026-04-11 22:54:04,485 [INFO] 
最优因子表达式及其绩效:
2026-04-11 22:54:04,485 [INFO] ====================================================================================================
2026-04-11 22:54:04,485 [INFO] 遗传编程训练完成，耗时: 0.34 秒
