2026-04-12 12:08:35,329 [INFO] 当前使用的合约列表（共 9 个合约）：
2026-04-12 12:08:35,329 [INFO] ['ao888', 'ni888', 'pb888', 'sn888', 'ss888', 'zn888', 'al888', 'cu888', 'bc888']
2026-04-12 12:08:35,330 [INFO] 开始获取数据...
2026-04-12 12:08:35,330 [INFO] 数据获取完成！
2026-04-12 12:08:35,401 [INFO] 训练集数据预处理完成，共 576 条记录
2026-04-12 12:08:35,401 [INFO] 测试集数据预处理完成，共 738 条记录
2026-04-12 12:08:35,401 [INFO] 计算训练集目标变量...
2026-04-12 12:08:35,403 [INFO] 计算测试集目标变量...
2026-04-12 12:08:35,409 [INFO] 原始数据行数: 567
2026-04-12 12:08:35,410 [INFO] 
构造训练数据...
2026-04-12 12:08:35,414 [INFO] 特征 open 转换成功，形状: (63, 9)
2026-04-12 12:08:35,416 [INFO] 特征 close 转换成功，形状: (63, 9)
2026-04-12 12:08:35,417 [INFO] 特征 high 转换成功，形状: (63, 9)
2026-04-12 12:08:35,419 [INFO] 特征 low 转换成功，形状: (63, 9)
2026-04-12 12:08:35,420 [INFO] 特征 volume 转换成功，形状: (63, 9)
2026-04-12 12:08:35,421 [INFO] 特征 open_interest 转换成功，形状: (63, 9)
2026-04-12 12:08:35,423 [INFO] 特征 future_return 转换成功，形状: (63, 9)
2026-04-12 12:08:35,423 [INFO] 
构造测试数据...
2026-04-12 12:08:35,424 [INFO] 特征 open 转换成功，形状: (81, 9)
2026-04-12 12:08:35,426 [INFO] 特征 close 转换成功，形状: (81, 9)
2026-04-12 12:08:35,427 [INFO] 特征 high 转换成功，形状: (81, 9)
2026-04-12 12:08:35,428 [INFO] 特征 low 转换成功，形状: (81, 9)
2026-04-12 12:08:35,429 [INFO] 特征 volume 转换成功，形状: (81, 9)
2026-04-12 12:08:35,431 [INFO] 特征 open_interest 转换成功，形状: (81, 9)
2026-04-12 12:08:35,433 [INFO] 特征 future_return 转换成功，形状: (81, 9)
2026-04-12 12:08:35,433 [INFO] 
训练数据准备完成:
2026-04-12 12:08:35,433 [INFO] 时间点数量: 63
2026-04-12 12:08:35,433 [INFO] 合约数量: 9
2026-04-12 12:08:35,433 [INFO] 特征数量: 6
2026-04-12 12:08:35,433 [INFO] 特征列表: ['open', 'close', 'high', 'low', 'volume', 'open_interest']
2026-04-12 12:08:35,434 [INFO] 
测试数据准备完成:
2026-04-12 12:08:35,434 [INFO] 时间点数量: 81
2026-04-12 12:08:35,434 [INFO] 合约数量: 9
2026-04-12 12:08:35,434 [INFO] 特征数量: 6
2026-04-12 12:08:35,434 [INFO] 特征列表: ['open', 'close', 'high', 'low', 'volume', 'open_interest']
2026-04-12 12:08:35,434 [INFO] 
数据质量检查:
2026-04-12 12:08:35,434 [INFO] y中NaN比例: 0.00%
2026-04-12 12:08:35,434 [INFO] y中有效值数量: 567
2026-04-12 12:08:35,434 [INFO] 训练集最小时间: 2025-06-03 00:00:00, 最大时间: 2025-08-28 00:00:00
2026-04-12 12:08:35,434 [INFO]   open: NaN比例=0.00%
2026-04-12 12:08:35,435 [INFO]   close: NaN比例=0.00%
2026-04-12 12:08:35,435 [INFO]   high: NaN比例=0.00%
2026-04-12 12:08:35,435 [INFO]   low: NaN比例=0.00%
2026-04-12 12:08:35,435 [INFO]   volume: NaN比例=0.00%
2026-04-12 12:08:35,435 [INFO] 
测试集数据质量检查:
2026-04-12 12:08:35,435 [INFO] y_test中NaN比例: 0.00%
2026-04-12 12:08:35,435 [INFO] y_test中有效值数量: 729
2026-04-12 12:08:35,435 [INFO] 测试集最小时间: 2025-09-01 00:00:00, 最大时间: 2025-12-30 00:00:00
2026-04-12 12:08:35,435 [INFO]   open: NaN比例=0.00%
2026-04-12 12:08:35,435 [INFO]   close: NaN比例=0.00%
2026-04-12 12:08:35,435 [INFO]   high: NaN比例=0.00%
2026-04-12 12:08:35,435 [INFO]   low: NaN比例=0.00%
2026-04-12 12:08:35,435 [INFO]   volume: NaN比例=0.00%
2026-04-12 12:08:35,436 [INFO] 本次使用的随机数种子为: 2575024633
2026-04-12 12:08:35,436 [INFO] 训练前关键配置检查：
2026-04-12 12:08:35,436 [INFO]   SYMBOLS数量: 9
2026-04-12 12:08:35,436 [INFO]   训练集shape: (63, 9)
2026-04-12 12:08:35,436 [INFO]   测试集shape: (81, 9)
2026-04-12 12:08:35,436 [INFO]   IC_PERIOD: 1
2026-04-12 12:08:35,436 [INFO]   FITNESS_W_TRAIN: 0.4
2026-04-12 12:08:35,436 [INFO]   FITNESS_W_TEST: 0.6
2026-04-12 12:08:39,091 [INFO] 开始遗传规划因子挖掘...
2026-04-12 12:08:39,091 [INFO] ==============================================================================================================================================================================================================
2026-04-12 12:08:39,091 [INFO] |       种群信息       |               最优个体               |                 因子质量                 |
2026-04-12 12:08:39,091 [INFO] 
--------------------------------------------------------------------------------------------------------------------------------------------------------------------------------------------------------------
2026-04-12 12:08:39,091 [INFO] 轮次  代数    平均长度    平均适应度    最优长度    最优适应度      平均IC(训/测)       平均IR(训/测)       最优IC(训/测)       最优IR(训/测)   最优有效时点(训/测)   剩余时间  最优表达式
2026-04-12 12:08:39,091 [INFO] 
--------------------------------------------------------------------------------------------------------------------------------------------------------------------------------------------------------------
2026-04-12 12:08:39,092 [INFO]    1    1         4.6       -0.0409           3        0.0819   -0.0216/ 0.0156   -0.0630/ 0.0318    0.0161/ 0.0964    0.0358/ 0.2190            46/  64         ?  BOLL_LOWER(18, 3.02815139759169)
2026-04-12 12:08:42,154 [INFO]    1    2         3.8       -0.0266           4        0.0923   -0.0208/ 0.0269   -0.0629/ 0.0560    0.0215/ 0.0993    0.0483/ 0.2283            49/  67    43.65s  SAR(15, 114.66344511494039, 97)
2026-04-12 12:08:46,473 [INFO]    1    3         3.5       -0.0006           4        0.0923   -0.0063/ 0.0387   -0.0217/ 0.0851    0.0215/ 0.0993    0.0483/ 0.2283            49/  67    44.14s  SAR(15, 114.66344511494039, 97)
2026-04-12 12:08:50,726 [INFO]    1    4         4.0        0.0207           4        0.0923    0.0027/ 0.0494    0.0022/ 0.1098    0.0215/ 0.0993    0.0483/ 0.2283            49/  67    42.04s  SAR(15, 12.864973775168936, 97)
2026-04-12 12:08:54,077 [INFO]    1    5         4.0        0.0234           4        0.0923    0.0081/ 0.0458    0.0140/ 0.1046    0.0215/ 0.0993    0.0483/ 0.2283            49/  67    37.28s  SAR(15, 12.864973775168936, 22)
2026-04-12 12:08:59,147 [INFO]    1    6         4.2        0.0209          10        0.1089    0.0063/ 0.0471    0.0080/ 0.1060    0.1264/ 0.0358    0.3968/ 0.0878            40/  58    35.56s  TS_ZSCORE(LLV(RANK_SUB(ATR(14), ASI(91), 16), 5), 9)
2026-04-12 12:09:02,557 [INFO]    1    7         4.0        0.0503          10        0.1089    0.0087/ 0.0699    0.0173/ 0.1601    0.1264/ 0.0358    0.3968/ 0.0878            40/  58    30.99s  TS_ZSCORE(LLV(RANK_SUB(ATR(14), ASI(91), 16), 5), 9)
2026-04-12 12:09:07,025 [INFO]    1    8         4.4        0.0340          10        0.1089    0.0029/ 0.0585   -0.0000/ 0.1329    0.1264/ 0.0358    0.3968/ 0.0878            40/  58    27.64s  TS_ZSCORE(LLV(RANK_SUB(ATR(14), ASI(91), 16), 5), 9)
2026-04-12 12:09:10,115 [INFO]    1    9         4.1        0.0515          10        0.1089    0.0179/ 0.0655    0.0395/ 0.1507    0.1264/ 0.0358    0.3968/ 0.0878            40/  58    23.12s  TS_ZSCORE(LLV(RANK_SUB(ATR(14), ASI(91), 16), 5), 9)
2026-04-12 12:09:14,332 [INFO]    1   10         4.0        0.0365          10        0.1089    0.0076/ 0.0585    0.0136/ 0.1379    0.1264/ 0.0358    0.3968/ 0.0878            40/  58    19.45s  TS_ZSCORE(LLV(RANK_SUB(ATR(14), ASI(91), 16), 5), 9)
2026-04-12 12:09:17,880 [INFO]    1   11         4.1        0.0532          10        0.1089    0.0161/ 0.0681    0.0350/ 0.1604    0.1264/ 0.0358    0.3968/ 0.0878            40/  58    15.43s  TS_ZSCORE(LLV(RANK_SUB(ATR(14), ASI(91), 16), 5), 9)
2026-04-12 12:09:20,526 [INFO]    1   12         3.8        0.0569           3        0.1326    0.0179/ 0.0670    0.0393/ 0.1556    0.0467/ 0.1218    0.1110/ 0.2739            41/  59    11.27s  BOLL_LOWER(22.64937195370073, 56.50901380838486)
2026-04-12 12:09:22,247 [INFO]    1   13         4.0        0.0524           3        0.1326    0.0178/ 0.0610    0.0388/ 0.1396    0.0467/ 0.1218    0.1110/ 0.2739            41/  59     7.20s  BOLL_LOWER(22.64937195370073, 56.50901380838486)
2026-04-12 12:09:24,119 [INFO]    1   14         3.9        0.0588           3        0.1326    0.0144/ 0.0713    0.0276/ 0.1622    0.0467/ 0.1218    0.1110/ 0.2739            41/  59     3.48s  BOLL_LOWER(22.64937195370073, 56.50901380838486)
2026-04-12 12:09:26,391 [INFO]    1   15         4.5        0.0549           3        0.1326    0.0222/ 0.0576    0.0482/ 0.1312    0.0467/ 0.1218    0.1110/ 0.2739            41/  59     0.00s  BOLL_LOWER(22.64937195370073, 56.50901380838486)
2026-04-12 12:09:26,393 [INFO] --------------------------------------------------------------------------------------------------------------------------------------------------------------------------------------------------------------
2026-04-12 12:09:26,398 [INFO] 进化完成，共发现 1 个候选因子，开始最终评估...
2026-04-12 12:09:26,415 [INFO] 最终筛选完成，选择了 1 个最优因子
2026-04-12 12:09:26,415 [INFO] 
最优因子表达式及其绩效:
2026-04-12 12:09:26,415 [INFO] ====================================================================================================
2026-04-12 12:09:26,416 [INFO] 遗传编程训练完成，耗时: 50.98 秒
2026-04-12 12:09:26,431 [INFO] 因子 1:
2026-04-12 12:09:26,431 [INFO]   表达式: BOLL_LOWER(22.64937195370073, 56.50901380838486)
2026-04-12 12:09:26,431 [INFO]   适应度: 0.134626 | 训练IC: 0.046705 | 训练IR: 0.110969 | 测试IC: 0.121789 | 测试IR: 0.273922
2026-04-12 12:09:26,431 [INFO]   复杂度: 深度=2, 节点数=3, 有效时间点=41/63
2026-04-12 12:09:26,431 [INFO]   因子树形结构:
2026-04-12 12:09:26,431 [INFO]   BOLL_LOWER
2026-04-12 12:09:26,431 [INFO]   ├─ 22.64937195370073
2026-04-12 12:09:26,431 [INFO]   └─ 56.50901380838486
2026-04-12 12:09:26,431 [INFO] ----------------------------------------------------------------------------------------------------
