2026-04-10 23:38:18,912 [INFO] 当前使用的合约列表（共 9 个合约）：
2026-04-10 23:38:18,912 [INFO] ['ao888', 'ni888', 'pb888', 'sn888', 'ss888', 'zn888', 'al888', 'cu888', 'bc888']
2026-04-10 23:38:18,912 [INFO] 开始获取数据...
2026-04-10 23:38:18,912 [INFO] 数据获取完成！
2026-04-10 23:38:19,502 [INFO] 训练集数据预处理完成，共 17865 条记录
2026-04-10 23:38:19,502 [INFO] 测试集数据预处理完成，共 22419 条记录
2026-04-10 23:38:19,502 [INFO] 计算训练集目标变量...
2026-04-10 23:38:19,507 [INFO] 计算测试集目标变量...
2026-04-10 23:38:19,520 [INFO] 原始数据行数: 17847
2026-04-10 23:38:19,523 [INFO] 
构造训练数据...
2026-04-10 23:38:19,530 [INFO] 特征 open 转换成功，形状: (1983, 9)
2026-04-10 23:38:19,535 [INFO] 特征 close 转换成功，形状: (1983, 9)
2026-04-10 23:38:19,539 [INFO] 特征 high 转换成功，形状: (1983, 9)
2026-04-10 23:38:19,543 [INFO] 特征 low 转换成功，形状: (1983, 9)
2026-04-10 23:38:19,548 [INFO] 特征 volume 转换成功，形状: (1983, 9)
2026-04-10 23:38:19,552 [INFO] 特征 open_interest 转换成功，形状: (1983, 9)
2026-04-10 23:38:19,556 [INFO] 特征 future_return 转换成功，形状: (1983, 9)
2026-04-10 23:38:19,557 [INFO] 
构造测试数据...
2026-04-10 23:38:19,560 [INFO] 特征 open 转换成功，形状: (2489, 9)
2026-04-10 23:38:19,564 [INFO] 特征 close 转换成功，形状: (2489, 9)
2026-04-10 23:38:19,569 [INFO] 特征 high 转换成功，形状: (2489, 9)
2026-04-10 23:38:19,574 [INFO] 特征 low 转换成功，形状: (2489, 9)
2026-04-10 23:38:19,580 [INFO] 特征 volume 转换成功，形状: (2489, 9)
2026-04-10 23:38:19,585 [INFO] 特征 open_interest 转换成功，形状: (2489, 9)
2026-04-10 23:38:19,592 [INFO] 特征 future_return 转换成功，形状: (2489, 9)
2026-04-10 23:38:19,592 [INFO] 
训练数据准备完成:
2026-04-10 23:38:19,592 [INFO] 时间点数量: 1983
2026-04-10 23:38:19,592 [INFO] 合约数量: 9
2026-04-10 23:38:19,592 [INFO] 特征数量: 6
2026-04-10 23:38:19,592 [INFO] 特征列表: ['open', 'close', 'high', 'low', 'volume', 'open_interest']
2026-04-10 23:38:19,592 [INFO] 
测试数据准备完成:
2026-04-10 23:38:19,594 [INFO] 时间点数量: 2489
2026-04-10 23:38:19,594 [INFO] 合约数量: 9
2026-04-10 23:38:19,594 [INFO] 特征数量: 6
2026-04-10 23:38:19,594 [INFO] 特征列表: ['open', 'close', 'high', 'low', 'volume', 'open_interest']
2026-04-10 23:38:19,594 [INFO] 
数据质量检查:
2026-04-10 23:38:19,594 [INFO] y中NaN比例: 0.00%
2026-04-10 23:38:19,594 [INFO] y中有效值数量: 17847
2026-04-10 23:38:19,595 [INFO] 训练集最小时间: 2025-06-03 09:00:00, 最大时间: 2025-08-30 00:30:00
2026-04-10 23:38:19,595 [INFO]   open: NaN比例=0.00%
2026-04-10 23:38:19,595 [INFO]   close: NaN比例=0.00%
2026-04-10 23:38:19,595 [INFO]   high: NaN比例=0.00%
2026-04-10 23:38:19,595 [INFO]   low: NaN比例=0.00%
2026-04-10 23:38:19,596 [INFO]   volume: NaN比例=0.00%
2026-04-10 23:38:19,596 [INFO] 
测试集数据质量检查:
2026-04-10 23:38:19,596 [INFO] y_test中NaN比例: 0.00%
2026-04-10 23:38:19,596 [INFO] y_test中有效值数量: 22401
2026-04-10 23:38:19,596 [INFO] 测试集最小时间: 2025-09-01 09:00:00, 最大时间: 2025-12-30 23:30:00
2026-04-10 23:38:19,596 [INFO]   open: NaN比例=0.00%
2026-04-10 23:38:19,597 [INFO]   close: NaN比例=0.00%
2026-04-10 23:38:19,597 [INFO]   high: NaN比例=0.00%
2026-04-10 23:38:19,597 [INFO]   low: NaN比例=0.00%
2026-04-10 23:38:19,597 [INFO]   volume: NaN比例=0.00%
2026-04-10 23:38:19,598 [INFO] 本次使用的随机数种子为: 3741839183
2026-04-10 23:38:19,598 [INFO] 训练前关键配置检查：
2026-04-10 23:38:19,598 [INFO]   SYMBOLS数量: 9
2026-04-10 23:38:19,598 [INFO]   训练集shape: (1983, 9)
2026-04-10 23:38:19,599 [INFO]   测试集shape: (2489, 9)
2026-04-10 23:38:19,599 [INFO]   IC_PERIOD: 1
2026-04-10 23:38:19,599 [INFO]   FITNESS_W_TRAIN: 0.4
2026-04-10 23:38:19,599 [INFO]   FITNESS_W_TEST: 0.6
