2026-04-12 11:53:39,140 [INFO] 当前使用的合约列表（共 9 个合约）：
2026-04-12 11:53:39,140 [INFO] ['ao888', 'ni888', 'pb888', 'sn888', 'ss888', 'zn888', 'al888', 'cu888', 'bc888']
2026-04-12 11:53:39,141 [INFO] 开始获取数据...
2026-04-12 11:53:39,141 [INFO] 数据获取完成！
2026-04-12 11:53:39,214 [INFO] 训练集数据预处理完成，共 576 条记录
2026-04-12 11:53:39,214 [INFO] 测试集数据预处理完成，共 738 条记录
2026-04-12 11:53:39,216 [INFO] 计算训练集目标变量...
2026-04-12 11:53:39,217 [INFO] 计算测试集目标变量...
2026-04-12 11:53:39,235 [INFO] 原始数据行数: 567
2026-04-12 11:53:39,236 [INFO] 
构造训练数据...
2026-04-12 11:53:39,242 [INFO] 特征 open 转换成功，形状: (63, 9)
2026-04-12 11:53:39,244 [INFO] 特征 close 转换成功，形状: (63, 9)
2026-04-12 11:53:39,247 [INFO] 特征 high 转换成功，形状: (63, 9)
2026-04-12 11:53:39,248 [INFO] 特征 low 转换成功，形状: (63, 9)
2026-04-12 11:53:39,250 [INFO] 特征 volume 转换成功，形状: (63, 9)
2026-04-12 11:53:39,251 [INFO] 特征 open_interest 转换成功，形状: (63, 9)
2026-04-12 11:53:39,254 [INFO] 特征 future_return 转换成功，形状: (63, 9)
2026-04-12 11:53:39,254 [INFO] 
构造测试数据...
2026-04-12 11:53:39,256 [INFO] 特征 open 转换成功，形状: (81, 9)
2026-04-12 11:53:39,258 [INFO] 特征 close 转换成功，形状: (81, 9)
2026-04-12 11:53:39,260 [INFO] 特征 high 转换成功，形状: (81, 9)
2026-04-12 11:53:39,263 [INFO] 特征 low 转换成功，形状: (81, 9)
2026-04-12 11:53:39,265 [INFO] 特征 volume 转换成功，形状: (81, 9)
2026-04-12 11:53:39,266 [INFO] 特征 open_interest 转换成功，形状: (81, 9)
2026-04-12 11:53:39,268 [INFO] 特征 future_return 转换成功，形状: (81, 9)
2026-04-12 11:53:39,268 [INFO] 
训练数据准备完成:
2026-04-12 11:53:39,268 [INFO] 时间点数量: 63
2026-04-12 11:53:39,268 [INFO] 合约数量: 9
2026-04-12 11:53:39,269 [INFO] 特征数量: 6
2026-04-12 11:53:39,269 [INFO] 特征列表: ['open', 'close', 'high', 'low', 'volume', 'open_interest']
2026-04-12 11:53:39,269 [INFO] 
测试数据准备完成:
2026-04-12 11:53:39,269 [INFO] 时间点数量: 81
2026-04-12 11:53:39,269 [INFO] 合约数量: 9
2026-04-12 11:53:39,269 [INFO] 特征数量: 6
2026-04-12 11:53:39,269 [INFO] 特征列表: ['open', 'close', 'high', 'low', 'volume', 'open_interest']
2026-04-12 11:53:39,269 [INFO] 
数据质量检查:
2026-04-12 11:53:39,270 [INFO] y中NaN比例: 0.00%
2026-04-12 11:53:39,270 [INFO] y中有效值数量: 567
2026-04-12 11:53:39,270 [INFO] 训练集最小时间: 2025-06-03 00:00:00, 最大时间: 2025-08-28 00:00:00
2026-04-12 11:53:39,270 [INFO]   open: NaN比例=0.00%
2026-04-12 11:53:39,271 [INFO]   close: NaN比例=0.00%
2026-04-12 11:53:39,271 [INFO]   high: NaN比例=0.00%
2026-04-12 11:53:39,271 [INFO]   low: NaN比例=0.00%
2026-04-12 11:53:39,271 [INFO]   volume: NaN比例=0.00%
2026-04-12 11:53:39,271 [INFO] 
测试集数据质量检查:
2026-04-12 11:53:39,272 [INFO] y_test中NaN比例: 0.00%
2026-04-12 11:53:39,272 [INFO] y_test中有效值数量: 729
2026-04-12 11:53:39,272 [INFO] 测试集最小时间: 2025-09-01 00:00:00, 最大时间: 2025-12-30 00:00:00
2026-04-12 11:53:39,272 [INFO]   open: NaN比例=0.00%
2026-04-12 11:53:39,272 [INFO]   close: NaN比例=0.00%
2026-04-12 11:53:39,273 [INFO]   high: NaN比例=0.00%
2026-04-12 11:53:39,273 [INFO]   low: NaN比例=0.00%
2026-04-12 11:53:39,273 [INFO]   volume: NaN比例=0.00%
2026-04-12 11:53:39,273 [INFO] 本次使用的随机数种子为: 3674681630
2026-04-12 11:53:39,273 [INFO] 训练前关键配置检查：
2026-04-12 11:53:39,274 [INFO]   SYMBOLS数量: 9
2026-04-12 11:53:39,274 [INFO]   训练集shape: (63, 9)
2026-04-12 11:53:39,274 [INFO]   测试集shape: (81, 9)
2026-04-12 11:53:39,274 [INFO]   IC_PERIOD: 1
2026-04-12 11:53:39,274 [INFO]   FITNESS_W_TRAIN: 0.4
2026-04-12 11:53:39,274 [INFO]   FITNESS_W_TEST: 0.6
2026-04-12 11:53:43,390 [INFO] 开始遗传规划因子挖掘...
2026-04-12 11:53:43,391 [INFO] ==============================================================================================================================================================================================================
2026-04-12 11:53:43,391 [INFO] |       种群信息       |               最优个体               |                 因子质量                 |
2026-04-12 11:53:43,391 [INFO] 
--------------------------------------------------------------------------------------------------------------------------------------------------------------------------------------------------------------
2026-04-12 11:53:43,391 [INFO] 轮次  代数    平均长度    平均适应度    最优长度    最优适应度      平均IC(训/测)       平均IR(训/测)       最优IC(训/测)       最优IR(训/测)   最优有效时点(训/测)   剩余时间  最优表达式
2026-04-12 11:53:43,391 [INFO] 
--------------------------------------------------------------------------------------------------------------------------------------------------------------------------------------------------------------
2026-04-12 11:53:43,391 [INFO]    1    1         4.9       -0.0457           4        0.1019   -0.0343/ 0.0189   -0.0936/ 0.0390    0.0476/ 0.0740    0.1076/ 0.1685            39/  57         ?  SAR(25, 37.27969664640667, 14)
2026-04-12 11:53:48,038 [INFO]    1    2         4.3       -0.0191           4        0.1019   -0.0146/ 0.0265   -0.0435/ 0.0550    0.0476/ 0.0740    0.1076/ 0.1685            39/  57    56.94s  SAR(25, 37.27969664640667, 14)
2026-04-12 11:53:51,247 [INFO]    1    3         4.3        0.0032          10        0.1698   -0.0041/ 0.0384   -0.0151/ 0.0845    0.1004/ 0.0921    0.2509/ 0.2175            54/  51    47.87s  RANK_DIV(MACD_DIF(70, 106), MFI(7), KDJ_D(115, 79, 79))
2026-04-12 11:53:53,821 [INFO]    1    4         4.7        0.0030          10        0.1698    0.0014/ 0.0351   -0.0024/ 0.0780    0.1004/ 0.0921    0.2509/ 0.2175            54/  51    39.99s  RANK_DIV(MACD_DIF(70, 106), MFI(7), KDJ_D(115, 79, 79))
2026-04-12 11:53:56,653 [INFO]    1    5         4.8        0.0318          10        0.1735    0.0128/ 0.0447    0.0289/ 0.1011    0.1004/ 0.0946    0.2509/ 0.2238            54/  51    34.75s  RANK_DIV(MACD_DIF(76.62762646133456, 91.5590520404366), MFI(7), KDJ_D(115, 79, 5.569701090365866))
2026-04-12 11:53:59,703 [INFO]    1    6         5.6        0.0386           9        0.2359    0.0160/ 0.0517    0.0336/ 0.1170    0.1419/ 0.1297    0.3917/ 0.2965            59/  51    30.63s  RANK_DIV(MACD_DIF(70, 110), high, KDJ_D(115, 83.77268849319702, 79))
2026-04-12 11:54:03,541 [INFO]    1    7         6.6        0.0466           9        0.2359    0.0287/ 0.0470    0.0690/ 0.1051    0.1419/ 0.1297    0.3917/ 0.2965            59/  51    27.73s  RANK_DIV(MACD_DIF(70, 110), high, KDJ_D(115, 83.77268849319702, 79))
2026-04-12 11:54:06,998 [INFO]    1    8         6.9        0.0698           9        0.2359    0.0339/ 0.0669    0.0869/ 0.1517    0.1419/ 0.1297    0.3917/ 0.2965            59/  51    24.25s  RANK_DIV(MACD_DIF(70, 110), high, KDJ_D(115, 83.77268849319702, 79))
2026-04-12 11:54:10,492 [INFO]    1    9         7.2        0.0492           9        0.2431    0.0408/ 0.0488    0.1089/ 0.1103    0.1419/ 0.1372    0.3917/ 0.3075            59/  51    20.81s  RANK_DIV(MACD_DIF(70, 70.9292000596181), high, KDJ_D(115, 108.86439687931022, 21.59571039685212))
2026-04-12 11:54:13,925 [INFO]    1   10         7.0        0.0401           9        0.2431    0.0406/ 0.0421    0.1084/ 0.0941    0.1419/ 0.1372    0.3917/ 0.3075            59/  51    17.32s  RANK_DIV(MACD_DIF(70, 70.9292000596181), high, KDJ_D(115, 108.86439687931022, 21.59571039685212))
2026-04-12 11:54:17,267 [INFO]    1   11         6.8        0.0559           9        0.2444    0.0363/ 0.0584    0.0984/ 0.1334    0.1419/ 0.1385    0.3917/ 0.3095            59/  51    13.81s  RANK_DIV(MACD_DIF(64.55536532560902, 76.26692848419663), high, KDJ_D(47.952397460001485, 48, 79))
2026-04-12 11:54:21,079 [INFO]    1   12         7.0        0.0358           9        0.2444    0.0379/ 0.0496    0.1011/ 0.1136    0.1419/ 0.1385    0.3917/ 0.3095            59/  51    10.45s  RANK_DIV(MACD_DIF(64.55536532560902, 76.26692848419663), high, KDJ_D(47.952397460001485, 48, 79))
2026-04-12 11:54:24,281 [INFO]    1   13         7.2        0.0420           9        0.2444    0.0356/ 0.0457    0.0946/ 0.1017    0.1419/ 0.1385    0.3917/ 0.3095            59/  51     6.92s  RANK_DIV(MACD_DIF(64.55536532560902, 76.26692848419663), high, KDJ_D(47.952397460001485, 48, 79))
2026-04-12 11:54:27,583 [INFO]    1   14         6.9        0.0713           9        0.2444    0.0501/ 0.0617    0.1346/ 0.1399    0.1419/ 0.1385    0.3917/ 0.3095            59/  51     3.45s  RANK_DIV(MACD_DIF(64.55536532560902, 76.26692848419663), high, KDJ_D(29.445030143566132, 95.68653477379097, 96))
2026-04-12 11:54:31,113 [INFO]    1   15         7.3        0.0485           9        0.2444    0.0514/ 0.0423    0.1375/ 0.0941    0.1419/ 0.1385    0.3917/ 0.3095            59/  51     0.00s  RANK_DIV(MACD_DIF(64.55536532560902, 76.26692848419663), high, KDJ_D(47.952397460001485, 48, 79))
2026-04-12 11:54:31,113 [INFO] --------------------------------------------------------------------------------------------------------------------------------------------------------------------------------------------------------------
2026-04-12 11:54:31,120 [INFO] 进化完成，共发现 1 个候选因子，开始最终评估...
2026-04-12 11:54:31,147 [INFO] 最终筛选完成，选择了 1 个最优因子
2026-04-12 11:54:31,147 [INFO] 
最优因子表达式及其绩效:
2026-04-12 11:54:31,148 [INFO] ====================================================================================================
2026-04-12 11:54:31,148 [INFO] 遗传编程训练完成，耗时: 51.88 秒
2026-04-12 11:54:31,179 [INFO] 因子 1:
2026-04-12 11:54:31,179 [INFO]   表达式: RANK_DIV(MACD_DIF(64.55536532560902, 76.26692848419663), high, KDJ_D(47.952397460001485, 48, 79))
2026-04-12 11:54:31,179 [INFO]   适应度: 0.244422 | 训练IC: 0.141896 | 训练IR: 0.391686 | 测试IC: 0.138523 | 测试IR: 0.309532
2026-04-12 11:54:31,179 [INFO]   复杂度: 深度=3, 节点数=9, 有效时间点=59/63
2026-04-12 11:54:31,179 [INFO]   因子树形结构:
2026-04-12 11:54:31,179 [INFO]   RANK_DIV
2026-04-12 11:54:31,179 [INFO]   ├─ MACD_DIF
2026-04-12 11:54:31,179 [INFO]   │  ├─ 64.55536532560902
2026-04-12 11:54:31,179 [INFO]   │  └─ 76.26692848419663
2026-04-12 11:54:31,179 [INFO]   ├─ high
2026-04-12 11:54:31,180 [INFO]   └─ KDJ_D
2026-04-12 11:54:31,180 [INFO]      ├─ 47.952397460001485
2026-04-12 11:54:31,180 [INFO]      ├─ 48
2026-04-12 11:54:31,180 [INFO]      └─ 79
2026-04-12 11:54:31,180 [INFO] ----------------------------------------------------------------------------------------------------
