2026-04-12 11:44:48,308 [INFO] 当前使用的合约列表（共 9 个合约）：
2026-04-12 11:44:48,308 [INFO] ['ao888', 'ni888', 'pb888', 'sn888', 'ss888', 'zn888', 'al888', 'cu888', 'bc888']
2026-04-12 11:44:48,309 [INFO] 开始获取数据...
2026-04-12 11:44:48,309 [INFO] 数据获取完成！
2026-04-12 11:44:48,372 [INFO] 训练集数据预处理完成，共 576 条记录
2026-04-12 11:44:48,372 [INFO] 测试集数据预处理完成，共 738 条记录
2026-04-12 11:44:48,372 [INFO] 计算训练集目标变量...
2026-04-12 11:44:48,375 [INFO] 计算测试集目标变量...
2026-04-12 11:44:48,381 [INFO] 原始数据行数: 567
2026-04-12 11:44:48,382 [INFO] 
构造训练数据...
2026-04-12 11:44:48,384 [INFO] 特征 open 转换成功，形状: (63, 9)
2026-04-12 11:44:48,386 [INFO] 特征 close 转换成功，形状: (63, 9)
2026-04-12 11:44:48,387 [INFO] 特征 high 转换成功，形状: (63, 9)
2026-04-12 11:44:48,389 [INFO] 特征 low 转换成功，形状: (63, 9)
2026-04-12 11:44:48,389 [INFO] 特征 volume 转换成功，形状: (63, 9)
2026-04-12 11:44:48,391 [INFO] 特征 open_interest 转换成功，形状: (63, 9)
2026-04-12 11:44:48,393 [INFO] 特征 future_return 转换成功，形状: (63, 9)
2026-04-12 11:44:48,393 [INFO] 
构造测试数据...
2026-04-12 11:44:48,394 [INFO] 特征 open 转换成功，形状: (81, 9)
2026-04-12 11:44:48,395 [INFO] 特征 close 转换成功，形状: (81, 9)
2026-04-12 11:44:48,396 [INFO] 特征 high 转换成功，形状: (81, 9)
2026-04-12 11:44:48,398 [INFO] 特征 low 转换成功，形状: (81, 9)
2026-04-12 11:44:48,399 [INFO] 特征 volume 转换成功，形状: (81, 9)
2026-04-12 11:44:48,400 [INFO] 特征 open_interest 转换成功，形状: (81, 9)
2026-04-12 11:44:48,401 [INFO] 特征 future_return 转换成功，形状: (81, 9)
2026-04-12 11:44:48,402 [INFO] 
训练数据准备完成:
2026-04-12 11:44:48,402 [INFO] 时间点数量: 63
2026-04-12 11:44:48,402 [INFO] 合约数量: 9
2026-04-12 11:44:48,402 [INFO] 特征数量: 6
2026-04-12 11:44:48,402 [INFO] 特征列表: ['open', 'close', 'high', 'low', 'volume', 'open_interest']
2026-04-12 11:44:48,403 [INFO] 
测试数据准备完成:
2026-04-12 11:44:48,403 [INFO] 时间点数量: 81
2026-04-12 11:44:48,403 [INFO] 合约数量: 9
2026-04-12 11:44:48,403 [INFO] 特征数量: 6
2026-04-12 11:44:48,403 [INFO] 特征列表: ['open', 'close', 'high', 'low', 'volume', 'open_interest']
2026-04-12 11:44:48,403 [INFO] 
数据质量检查:
2026-04-12 11:44:48,403 [INFO] y中NaN比例: 0.00%
2026-04-12 11:44:48,403 [INFO] y中有效值数量: 567
2026-04-12 11:44:48,404 [INFO] 训练集最小时间: 2025-06-03 00:00:00, 最大时间: 2025-08-28 00:00:00
2026-04-12 11:44:48,404 [INFO]   open: NaN比例=0.00%
2026-04-12 11:44:48,404 [INFO]   close: NaN比例=0.00%
2026-04-12 11:44:48,404 [INFO]   high: NaN比例=0.00%
2026-04-12 11:44:48,405 [INFO]   low: NaN比例=0.00%
2026-04-12 11:44:48,405 [INFO]   volume: NaN比例=0.00%
2026-04-12 11:44:48,405 [INFO] 
测试集数据质量检查:
2026-04-12 11:44:48,405 [INFO] y_test中NaN比例: 0.00%
2026-04-12 11:44:48,405 [INFO] y_test中有效值数量: 729
2026-04-12 11:44:48,405 [INFO] 测试集最小时间: 2025-09-01 00:00:00, 最大时间: 2025-12-30 00:00:00
2026-04-12 11:44:48,406 [INFO]   open: NaN比例=0.00%
2026-04-12 11:44:48,406 [INFO]   close: NaN比例=0.00%
2026-04-12 11:44:48,406 [INFO]   high: NaN比例=0.00%
2026-04-12 11:44:48,406 [INFO]   low: NaN比例=0.00%
2026-04-12 11:44:48,407 [INFO]   volume: NaN比例=0.00%
2026-04-12 11:44:48,407 [INFO] 本次使用的随机数种子为: 1222375389
2026-04-12 11:44:48,407 [INFO] 训练前关键配置检查：
2026-04-12 11:44:48,408 [INFO]   SYMBOLS数量: 9
2026-04-12 11:44:48,408 [INFO]   训练集shape: (63, 9)
2026-04-12 11:44:48,408 [INFO]   测试集shape: (81, 9)
2026-04-12 11:44:48,408 [INFO]   IC_PERIOD: 1
2026-04-12 11:44:48,408 [INFO]   FITNESS_W_TRAIN: 0.4
2026-04-12 11:44:48,409 [INFO]   FITNESS_W_TEST: 0.6
2026-04-12 11:44:51,227 [INFO] 开始遗传规划因子挖掘...
2026-04-12 11:44:51,227 [INFO] ==============================================================================================================================================================================================================
2026-04-12 11:44:51,227 [INFO] |       种群信息       |               最优个体               |                 因子质量                 |
2026-04-12 11:44:51,227 [INFO] 
--------------------------------------------------------------------------------------------------------------------------------------------------------------------------------------------------------------
2026-04-12 11:44:51,227 [INFO] 轮次  代数    平均长度    平均适应度    最优长度    最优适应度      平均IC(训/测)       平均IR(训/测)       最优IC(训/测)       最优IR(训/测)   最优有效时点(训/测)   剩余时间  最优表达式
2026-04-12 11:44:51,227 [INFO] 
--------------------------------------------------------------------------------------------------------------------------------------------------------------------------------------------------------------
2026-04-12 11:44:51,227 [INFO]    1    1         3.9       -0.0346           4        0.1019   -0.0265/ 0.0266   -0.0769/ 0.0578    0.0476/ 0.0740    0.1076/ 0.1685            39/  57         ?  SAR(25, 55.15758427745952, 41)
2026-04-12 11:44:54,703 [INFO]    1    2         3.5       -0.0109           4        0.1019   -0.0160/ 0.0375   -0.0496/ 0.0833    0.0476/ 0.0740    0.1076/ 0.1685            39/  57    40.90s  SAR(25, 55.15758427745952, 41)
2026-04-12 11:44:56,903 [INFO]    1    3         4.0        0.0138           4        0.1019   -0.0025/ 0.0437   -0.0127/ 0.0949    0.0476/ 0.0740    0.1076/ 0.1685            39/  57    33.97s  SAR(25, 55.15758427745952, 41)
2026-04-12 11:44:59,678 [INFO]    1    4         3.9        0.0276           4        0.1019    0.0128/ 0.0472    0.0250/ 0.1059    0.0476/ 0.0740    0.1076/ 0.1685            39/  57    30.98s  SAR(25, 55.15758427745952, 41)
2026-04-12 11:45:01,552 [INFO]    1    5         3.6        0.0513           4        0.1019    0.0241/ 0.0554    0.0544/ 0.1253    0.0476/ 0.0740    0.1076/ 0.1685            39/  57    26.28s  SAR(25, 22.338737359421863, 41)
2026-04-12 11:45:03,848 [INFO]    1    6         3.8        0.0474           4        0.1019    0.0125/ 0.0613    0.0211/ 0.1388    0.0476/ 0.0740    0.1076/ 0.1685            39/  57    23.15s  SAR(25, 15.207877760071842, 41)
2026-04-12 11:45:05,672 [INFO] 检测到适应度停滞 (代数: 7)，当前最优适应度: 0.101921
2026-04-12 11:45:05,672 [INFO] 开始第 1 次自动重启...
2026-04-12 11:45:05,672 [INFO] 检测到适应度长期停滞，准备重新初始化种群...
2026-04-12 11:45:09,378 [INFO] 重启完成，继续主循环...
2026-04-12 11:45:09,378 [INFO] 
================================================================================================ 第 1 轮重启 ==================================================================================================
2026-04-12 11:45:09,378 [INFO] 开始遗传规划因子挖掘...
2026-04-12 11:45:09,378 [INFO] ==============================================================================================================================================================================================================
2026-04-12 11:45:09,379 [INFO] |       种群信息       |               最优个体               |                 因子质量                 |
2026-04-12 11:45:09,379 [INFO] 
--------------------------------------------------------------------------------------------------------------------------------------------------------------------------------------------------------------
2026-04-12 11:45:09,379 [INFO] 轮次  代数    平均长度    平均适应度    最优长度    最优适应度      平均IC(训/测)       平均IR(训/测)       最优IC(训/测)       最优IR(训/测)   最优有效时点(训/测)   剩余时间  最优表达式
2026-04-12 11:45:09,379 [INFO] 
--------------------------------------------------------------------------------------------------------------------------------------------------------------------------------------------------------------
2026-04-12 11:45:09,379 [INFO]    2    1         4.0        0.0518           3        0.2120   -0.0350/ 0.0236   -0.0976/ 0.0514    0.1350/ 0.1099    0.3574/ 0.2708            57/  74         ?  HHVBARS(TR(), 6)
2026-04-12 11:45:13,916 [INFO]    2    2         4.1       -0.0127           3        0.2120   -0.0129/ 0.0313   -0.0397/ 0.0682    0.1350/ 0.1099    0.3574/ 0.2708            57/  74     2.76m  HHVBARS(TR(), 6)
2026-04-12 11:45:16,434 [INFO]    2    3         3.9        0.0242           3        0.2120    0.0038/ 0.0517    0.0057/ 0.1160    0.1350/ 0.1099    0.3574/ 0.2708            57/  74     1.87m  HHVBARS(TR(), 6)
2026-04-12 11:45:19,052 [INFO]    2    4         3.7        0.0451           3        0.2120    0.0109/ 0.0651    0.0215/ 0.1479    0.1350/ 0.1099    0.3574/ 0.2708            57/  74     1.40m  HHVBARS(TR(), 6)
2026-04-12 11:45:21,140 [INFO]    2    5         3.6        0.0525           3        0.2120    0.0201/ 0.0630    0.0465/ 0.1433    0.1350/ 0.1099    0.3574/ 0.2708            57/  74     1.09m  HHVBARS(TR(), 6)
2026-04-12 11:45:23,869 [INFO]    2    6         3.8        0.0587           3        0.2120    0.0278/ 0.0632    0.0671/ 0.1444    0.1350/ 0.1099    0.3574/ 0.2708            57/  74    53.19s  HHVBARS(TR(), 6)
2026-04-12 11:45:26,089 [INFO]    2    7         3.8        0.0582           3        0.2120    0.0280/ 0.0601    0.0686/ 0.1381    0.1350/ 0.1099    0.3574/ 0.2708            57/  74    43.06s  HHVBARS(TR(), 6)
2026-04-12 11:45:28,116 [INFO] 检测到适应度停滞 (代数: 8)，当前最优适应度: 0.212050
2026-04-12 11:45:28,116 [INFO] 开始第 2 次自动重启...
2026-04-12 11:45:28,116 [INFO] 检测到适应度长期停滞，准备重新初始化种群...
2026-04-12 11:45:30,592 [INFO] 重启完成，继续主循环...
2026-04-12 11:45:30,593 [INFO] 
================================================================================================ 第 2 轮重启 ==================================================================================================
2026-04-12 11:45:30,593 [INFO] 开始遗传规划因子挖掘...
2026-04-12 11:45:30,593 [INFO] ==============================================================================================================================================================================================================
2026-04-12 11:45:30,593 [INFO] |       种群信息       |               最优个体               |                 因子质量                 |
2026-04-12 11:45:30,593 [INFO] 
--------------------------------------------------------------------------------------------------------------------------------------------------------------------------------------------------------------
2026-04-12 11:45:30,593 [INFO] 轮次  代数    平均长度    平均适应度    最优长度    最优适应度      平均IC(训/测)       平均IR(训/测)       最优IC(训/测)       最优IR(训/测)   最优有效时点(训/测)   剩余时间  最优表达式
2026-04-12 11:45:30,593 [INFO] 
--------------------------------------------------------------------------------------------------------------------------------------------------------------------------------------------------------------
2026-04-12 11:45:30,593 [INFO]    3    1         3.9        0.0614           4        0.0742   -0.0398/ 0.0279   -0.1081/ 0.0602    0.0073/ 0.0967    0.0162/ 0.2163            62/  80         ?  MACD_DEA(57, 83, 119)
2026-04-12 11:45:34,205 [INFO]    3    2         4.0       -0.0307           5        0.0992   -0.0297/ 0.0308   -0.0806/ 0.0679    0.0173/ 0.1136    0.0453/ 0.2579            39/  57     4.96m  TS_ZSCORE(KDJ_K(74, 80), 25)
2026-04-12 11:45:38,057 [INFO]    3    3         4.6       -0.0050           5        0.1320   -0.0151/ 0.0393   -0.0439/ 0.0896    0.0420/ 0.1172    0.1185/ 0.2584            46/  64     3.31m  TS_ZSCORE(KDJ_K(74, 80), 18)
2026-04-12 11:45:41,944 [INFO]    3    4         4.8        0.0095           5        0.1320   -0.0161/ 0.0573   -0.0466/ 0.1284    0.0420/ 0.1172    0.1185/ 0.2584            46/  64     2.45m  TS_ZSCORE(KDJ_K(74, 80), 18)
2026-04-12 11:45:45,608 [INFO]    3    5         5.0        0.0232           5        0.1320   -0.0037/ 0.0567   -0.0122/ 0.1263    0.0420/ 0.1172    0.1185/ 0.2584            46/  64     1.91m  TS_ZSCORE(KDJ_K(74, 80), 18)
2026-04-12 11:45:49,434 [INFO]    3    6         4.8        0.0325           5        0.1320    0.0000/ 0.0600   -0.0027/ 0.1353    0.0420/ 0.1172    0.1185/ 0.2584            46/  64     1.53m  TS_ZSCORE(KDJ_K(74, 80), 18)
2026-04-12 11:45:53,552 [INFO]    3    7         5.1        0.0332          13        0.1396   -0.0015/ 0.0663   -0.0059/ 0.1477    0.0594/ 0.0988    0.1581/ 0.2249            39/  57     1.24m  HV(COS(WMA(DIV(SCALE(TS_ZSCORE(close, 7), 16), PSY(70.34040278353167)), 9)), 80.28600285960404)
2026-04-12 11:45:57,573 [INFO]    3    8         4.8        0.0371          13        0.1396   -0.0028/ 0.0691   -0.0095/ 0.1534    0.0594/ 0.0988    0.1581/ 0.2249            39/  57     1.01m  HV(COS(WMA(DIV(SCALE(TS_ZSCORE(close, 7), 16), PSY(70.34040278353167)), 9)), 80.28600285960404)
2026-04-12 11:46:03,437 [INFO]    3    9         5.8        0.0226           5        0.1443   -0.0096/ 0.0608   -0.0301/ 0.1364    0.0462/ 0.1194    0.1492/ 0.2587            45/  63    50.02s  TS_ZSCORE(KDJ_K(85, 19), 19)
2026-04-12 11:46:09,530 [INFO]    3   10         5.9        0.0356           5        0.1531   -0.0010/ 0.0648   -0.0060/ 0.1451    0.0516/ 0.1231    0.1661/ 0.2632            45/  63    40.56s  TS_ZSCORE(KDJ_K(71, 21.093980976273357), 19)
2026-04-12 11:46:16,064 [INFO]    3   11         5.4        0.0142           5        0.1531   -0.0134/ 0.0549   -0.0395/ 0.1222    0.0516/ 0.1231    0.1661/ 0.2632            45/  63    31.87s  TS_ZSCORE(KDJ_K(71, 21.093980976273357), 19)
2026-04-12 11:46:21,093 [INFO]    3   12         4.8        0.0151           5        0.1531   -0.0075/ 0.0506   -0.0227/ 0.1119    0.0516/ 0.1231    0.1661/ 0.2632            45/  63    23.17s  TS_ZSCORE(KDJ_K(71, 21.093980976273357), 19)
2026-04-12 11:46:27,183 [INFO]    3   13         5.5        0.0186           5        0.1531   -0.0152/ 0.0605   -0.0432/ 0.1364    0.0516/ 0.1231    0.1661/ 0.2632            45/  63    15.20s  TS_ZSCORE(KDJ_K(71, 21.093980976273357), 19)
2026-04-12 11:46:32,484 [INFO]    3   14         5.1        0.0290           5        0.1531   -0.0037/ 0.0593   -0.0112/ 0.1313    0.0516/ 0.1231    0.1661/ 0.2632            45/  63     7.43s  TS_ZSCORE(KDJ_K(71, 21.093980976273357), 19)
2026-04-12 11:46:36,009 [INFO]    3   15         4.7        0.0372           5        0.1531   -0.0050/ 0.0693   -0.0114/ 0.1538    0.0516/ 0.1231    0.1661/ 0.2632            45/  63     0.00s  TS_ZSCORE(KDJ_K(71, 21.093980976273357), 19)
2026-04-12 11:46:36,009 [INFO] --------------------------------------------------------------------------------------------------------------------------------------------------------------------------------------------------------------
2026-04-12 11:46:36,015 [INFO] 进化完成，共发现 3 个候选因子，开始最终评估...
2026-04-12 11:46:36,077 [INFO] 最终筛选完成，选择了 3 个最优因子
2026-04-12 11:46:36,077 [INFO] 
最优因子表达式及其绩效:
2026-04-12 11:46:36,077 [INFO] ====================================================================================================
2026-04-12 11:46:36,077 [INFO] 遗传编程训练完成，耗时: 107.67 秒
2026-04-12 11:46:36,091 [INFO] 因子 1:
2026-04-12 11:46:36,091 [INFO]   表达式: SAR(25, 55.15758427745952, 41)
2026-04-12 11:46:36,091 [INFO]   适应度: 0.101921 | 训练IC: 0.047570 | 训练IR: 0.107646 | 测试IC: 0.073995 | 测试IR: 0.168499
2026-04-12 11:46:36,091 [INFO]   复杂度: 深度=2, 节点数=4, 有效时间点=39/63
2026-04-12 11:46:36,091 [INFO]   因子树形结构:
2026-04-12 11:46:36,091 [INFO]   SAR
2026-04-12 11:46:36,091 [INFO]   ├─ 25
2026-04-12 11:46:36,092 [INFO]   ├─ 55.15758427745952
2026-04-12 11:46:36,092 [INFO]   └─ 41
2026-04-12 11:46:36,092 [INFO] ----------------------------------------------------------------------------------------------------
2026-04-12 11:46:36,117 [INFO] 因子 2:
2026-04-12 11:46:36,117 [INFO]   表达式: HHVBARS(TR(), 6)
2026-04-12 11:46:36,117 [INFO]   适应度: 0.214050 | 训练IC: 0.135023 | 训练IR: 0.357394 | 测试IC: 0.109942 | 测试IR: 0.270843
2026-04-12 11:46:36,117 [INFO]   复杂度: 深度=2, 节点数=3, 有效时间点=57/63
2026-04-12 11:46:36,117 [INFO]   因子树形结构:
2026-04-12 11:46:36,118 [INFO]   HHVBARS
2026-04-12 11:46:36,118 [INFO]   ├─ TR
2026-04-12 11:46:36,118 [INFO]   └─ 6
2026-04-12 11:46:36,118 [INFO] ----------------------------------------------------------------------------------------------------
2026-04-12 11:46:36,142 [INFO] 因子 3:
2026-04-12 11:46:36,142 [INFO]   表达式: HHVBARS(TR(), 6)
2026-04-12 11:46:36,142 [INFO]   适应度: 0.214050 | 训练IC: 0.135023 | 训练IR: 0.357394 | 测试IC: 0.109942 | 测试IR: 0.270843
2026-04-12 11:46:36,142 [INFO]   复杂度: 深度=2, 节点数=3, 有效时间点=57/63
2026-04-12 11:46:36,142 [INFO]   因子树形结构:
2026-04-12 11:46:36,142 [INFO]   HHVBARS
2026-04-12 11:46:36,142 [INFO]   ├─ TR
2026-04-12 11:46:36,142 [INFO]   └─ 6
2026-04-12 11:46:36,142 [INFO] ----------------------------------------------------------------------------------------------------
