2026-04-11 22:53:41,671 [INFO] 当前使用的合约列表（共 9 个合约）：
2026-04-11 22:53:41,671 [INFO] ['ao888', 'ni888', 'pb888', 'sn888', 'ss888', 'zn888', 'al888', 'cu888', 'bc888']
2026-04-11 22:53:41,671 [INFO] 开始获取数据...
2026-04-11 22:53:41,671 [INFO] 数据获取完成！
2026-04-11 22:53:41,671 [INFO] 警告：qmf_data 不可用，ao888 无法获取数据
2026-04-11 22:53:41,673 [INFO] 警告：qmf_data 不可用，ao888 无法获取数据
2026-04-11 22:53:41,673 [INFO] 警告：qmf_data 不可用，ni888 无法获取数据
2026-04-11 22:53:41,674 [INFO] 警告：qmf_data 不可用，ni888 无法获取数据
2026-04-11 22:53:41,675 [INFO] 警告：qmf_data 不可用，pb888 无法获取数据
2026-04-11 22:53:41,675 [INFO] 警告：qmf_data 不可用，pb888 无法获取数据
2026-04-11 22:53:41,675 [INFO] 警告：qmf_data 不可用，sn888 无法获取数据
2026-04-11 22:53:41,676 [INFO] 警告：qmf_data 不可用，sn888 无法获取数据
2026-04-11 22:53:41,676 [INFO] 警告：qmf_data 不可用，ss888 无法获取数据
2026-04-11 22:53:41,676 [INFO] 警告：qmf_data 不可用，ss888 无法获取数据
2026-04-11 22:53:41,677 [INFO] 警告：qmf_data 不可用，zn888 无法获取数据
2026-04-11 22:53:41,677 [INFO] 警告：qmf_data 不可用，zn888 无法获取数据
2026-04-11 22:53:41,677 [INFO] 警告：qmf_data 不可用，al888 无法获取数据
2026-04-11 22:53:41,678 [INFO] 警告：qmf_data 不可用，al888 无法获取数据
2026-04-11 22:53:41,678 [INFO] 警告：qmf_data 不可用，cu888 无法获取数据
2026-04-11 22:53:41,678 [INFO] 警告：qmf_data 不可用，cu888 无法获取数据
2026-04-11 22:53:41,679 [INFO] 警告：qmf_data 不可用，bc888 无法获取数据
2026-04-11 22:53:41,679 [INFO] 警告：qmf_data 不可用，bc888 无法获取数据
2026-04-11 22:53:41,679 [INFO] 警告：qmf_data 不可用，将使用空数据集继续
2026-04-11 22:53:41,679 [INFO] 警告：qmf_data 不可用，将使用空数据集继续
2026-04-11 22:53:41,682 [INFO] 训练集数据预处理完成，共 0 条记录
2026-04-11 22:53:41,682 [INFO] 测试集数据预处理完成，共 0 条记录
2026-04-11 22:53:41,682 [INFO] 计算训练集目标变量...
2026-04-11 22:53:41,684 [INFO] 计算测试集目标变量...
2026-04-11 22:53:41,686 [INFO] 原始数据行数: 0
2026-04-11 22:53:41,687 [INFO] 
构造训练数据...
2026-04-11 22:53:41,690 [INFO] 特征 open 转换成功，形状: (0, 0)
2026-04-11 22:53:41,690 [INFO] 特征 close 转换成功，形状: (0, 0)
2026-04-11 22:53:41,691 [INFO] 特征 high 转换成功，形状: (0, 0)
2026-04-11 22:53:41,692 [INFO] 特征 low 转换成功，形状: (0, 0)
2026-04-11 22:53:41,692 [INFO] 特征 volume 转换成功，形状: (0, 0)
2026-04-11 22:53:41,694 [INFO] 特征 open_interest 转换成功，形状: (0, 0)
2026-04-11 22:53:41,694 [INFO] 特征 future_return 转换成功，形状: (0, 0)
2026-04-11 22:53:41,694 [INFO] 
构造测试数据...
2026-04-11 22:53:41,695 [INFO] 特征 open 转换成功，形状: (0, 0)
2026-04-11 22:53:41,696 [INFO] 特征 close 转换成功，形状: (0, 0)
2026-04-11 22:53:41,696 [INFO] 特征 high 转换成功，形状: (0, 0)
2026-04-11 22:53:41,697 [INFO] 特征 low 转换成功，形状: (0, 0)
2026-04-11 22:53:41,697 [INFO] 特征 volume 转换成功，形状: (0, 0)
2026-04-11 22:53:41,698 [INFO] 特征 open_interest 转换成功，形状: (0, 0)
2026-04-11 22:53:41,698 [INFO] 特征 future_return 转换成功，形状: (0, 0)
2026-04-11 22:53:41,698 [INFO] 
训练数据准备完成:
2026-04-11 22:53:41,698 [INFO] 时间点数量: 0
2026-04-11 22:53:41,698 [INFO] 合约数量: 0
2026-04-11 22:53:41,698 [INFO] 特征数量: 6
2026-04-11 22:53:41,698 [INFO] 特征列表: ['open', 'close', 'high', 'low', 'volume', 'open_interest']
2026-04-11 22:53:41,698 [INFO] 
测试数据准备完成:
2026-04-11 22:53:41,698 [INFO] 时间点数量: 0
2026-04-11 22:53:41,698 [INFO] 合约数量: 0
2026-04-11 22:53:41,698 [INFO] 特征数量: 6
2026-04-11 22:53:41,698 [INFO] 特征列表: ['open', 'close', 'high', 'low', 'volume', 'open_interest']
2026-04-11 22:53:41,698 [INFO] 
数据质量检查:
2026-04-11 22:53:41,698 [INFO] y中NaN比例: nan%
2026-04-11 22:53:41,699 [INFO] y中有效值数量: 0
2026-04-11 22:53:41,699 [INFO]   open: NaN比例=nan%
2026-04-11 22:53:41,699 [INFO]   close: NaN比例=nan%
2026-04-11 22:53:41,699 [INFO]   high: NaN比例=nan%
2026-04-11 22:53:41,699 [INFO]   low: NaN比例=nan%
2026-04-11 22:53:41,699 [INFO]   volume: NaN比例=nan%
2026-04-11 22:53:41,699 [INFO] 
测试集数据质量检查:
2026-04-11 22:53:41,699 [INFO] y_test中NaN比例: nan%
2026-04-11 22:53:41,699 [INFO] y_test中有效值数量: 0
2026-04-11 22:53:41,699 [INFO]   open: NaN比例=nan%
2026-04-11 22:53:41,699 [INFO]   close: NaN比例=nan%
2026-04-11 22:53:41,699 [INFO]   high: NaN比例=nan%
2026-04-11 22:53:41,699 [INFO]   low: NaN比例=nan%
2026-04-11 22:53:41,699 [INFO]   volume: NaN比例=nan%
2026-04-11 22:53:41,699 [INFO] 本次使用的随机数种子为: 3988324451
2026-04-11 22:53:41,699 [INFO] 训练前关键配置检查：
2026-04-11 22:53:41,699 [INFO]   SYMBOLS数量: 9
2026-04-11 22:53:41,699 [INFO]   训练集shape: (0, 0)
2026-04-11 22:53:41,699 [INFO]   测试集shape: (0, 0)
2026-04-11 22:53:41,699 [INFO]   IC_PERIOD: 1
2026-04-11 22:53:41,699 [INFO]   FITNESS_W_TRAIN: 0.4
2026-04-11 22:53:41,699 [INFO]   FITNESS_W_TEST: 0.6
2026-04-11 22:53:41,708 [INFO] 开始遗传规划因子挖掘...
2026-04-11 22:53:41,709 [INFO] ==============================================================================================================================================================================================================
2026-04-11 22:53:41,709 [INFO] |       种群信息       |               最优个体               |                 因子质量                 |
2026-04-11 22:53:41,709 [INFO] 
--------------------------------------------------------------------------------------------------------------------------------------------------------------------------------------------------------------
2026-04-11 22:53:41,709 [INFO] 轮次  代数    平均长度    平均适应度    最优长度    最优适应度      平均IC(训/测)       平均IR(训/测)       最优IC(训/测)       最优IR(训/测)   最优有效时点(训/测)   剩余时间  最优表达式
2026-04-11 22:53:41,709 [INFO] 
--------------------------------------------------------------------------------------------------------------------------------------------------------------------------------------------------------------
2026-04-11 22:53:41,709 [INFO]    1    1         5.8          -inf           3          -inf       nan/    nan       nan/    nan       nan/    nan       nan/    nan             0/   0         ?  BOLL_LOWER(44, 3.8362345081594373)
2026-04-11 22:53:41,719 [INFO]    1    2         4.4          -inf           4          -inf       nan/    nan       nan/    nan       nan/    nan       nan/    nan             0/   0     0.11s  KDJ_D(88, 35, 68)
2026-04-11 22:53:41,729 [INFO]    1    3         4.7          -inf           4          -inf       nan/    nan       nan/    nan       nan/    nan       nan/    nan             0/   0     0.11s  KDJ_J(85, 28, 25)
2026-04-11 22:53:41,739 [INFO]    1    4         4.5          -inf           4          -inf       nan/    nan       nan/    nan       nan/    nan       nan/    nan             0/   0     0.10s  SCALE(RSI(72), 47.98901406673435)
2026-04-11 22:53:41,752 [INFO]    1    5         4.5          -inf           2          -inf       nan/    nan       nan/    nan       nan/    nan       nan/    nan             0/   0     0.10s  CR(102)
2026-04-11 22:53:41,765 [INFO]    1    6         4.8          -inf           7          -inf       nan/    nan       nan/    nan       nan/    nan       nan/    nan             0/   0     0.09s  LLV(COS(ADX(3, 88)), BIAS(39))
2026-04-11 22:53:41,775 [INFO] 检测到适应度停滞 (代数: 7)，当前最优适应度: -inf
2026-04-11 22:53:41,775 [INFO] 开始第 1 次自动重启...
2026-04-11 22:53:41,775 [INFO] 检测到适应度长期停滞，准备重新初始化种群...
2026-04-11 22:53:41,783 [INFO] 重启完成，继续主循环...
2026-04-11 22:53:41,784 [INFO] 
================================================================================================ 第 1 轮重启 ==================================================================================================
2026-04-11 22:53:41,784 [INFO] 开始遗传规划因子挖掘...
2026-04-11 22:53:41,784 [INFO] ==============================================================================================================================================================================================================
2026-04-11 22:53:41,784 [INFO] |       种群信息       |               最优个体               |                 因子质量                 |
2026-04-11 22:53:41,784 [INFO] 
--------------------------------------------------------------------------------------------------------------------------------------------------------------------------------------------------------------
2026-04-11 22:53:41,784 [INFO] 轮次  代数    平均长度    平均适应度    最优长度    最优适应度      平均IC(训/测)       平均IR(训/测)       最优IC(训/测)       最优IR(训/测)   最优有效时点(训/测)   剩余时间  最优表达式
2026-04-11 22:53:41,784 [INFO] 
--------------------------------------------------------------------------------------------------------------------------------------------------------------------------------------------------------------
2026-04-11 22:53:41,784 [INFO]    2    1         4.8          -inf           2          -inf       nan/    nan       nan/    nan       nan/    nan       nan/    nan             0/   0         ?  VR(82)
2026-04-11 22:53:41,795 [INFO]    2    2         5.3          -inf           2          -inf       nan/    nan       nan/    nan       nan/    nan       nan/    nan             0/   0     0.61s  BRAR_BR(99)
2026-04-11 22:53:41,806 [INFO]    2    3         4.8          -inf           4          -inf       nan/    nan       nan/    nan       nan/    nan       nan/    nan             0/   0     0.42s  SIGMOID(KDJ_K(51, 84))
2026-04-11 22:53:41,818 [INFO]    2    4         4.4          -inf           3          -inf       nan/    nan       nan/    nan       nan/    nan       nan/    nan             0/   0     0.32s  BOLL_LOWER(50, 4.668506812307084)
2026-04-11 22:53:41,829 [INFO]    2    5         4.8          -inf           5          -inf       nan/    nan       nan/    nan       nan/    nan       nan/    nan             0/   0     0.26s  MA(TOPRANGE(volume), EMV(29))
2026-04-11 22:53:41,842 [INFO]    2    6         5.0          -inf           2          -inf       nan/    nan       nan/    nan       nan/    nan       nan/    nan             0/   0     0.21s  TRIX(49)
2026-04-11 22:53:41,857 [INFO]    2    7         5.2          -inf          17          -inf       nan/    nan       nan/    nan       nan/    nan       nan/    nan             0/   0     0.18s  SCALE(DIFF(MFI(95), 9.77922131227432), ADD(KDJ_J(53, 60.51985200439236, 71), SCALE(ADX(5, 43), FORCAST(low, 100))))
2026-04-11 22:53:41,867 [INFO] 检测到适应度停滞 (代数: 8)，当前最优适应度: -inf
2026-04-11 22:53:41,867 [INFO] 开始第 2 次自动重启...
2026-04-11 22:53:41,867 [INFO] 检测到适应度长期停滞，准备重新初始化种群...
2026-04-11 22:53:41,875 [INFO] 重启完成，继续主循环...
2026-04-11 22:53:41,875 [INFO] 
================================================================================================ 第 2 轮重启 ==================================================================================================
2026-04-11 22:53:41,875 [INFO] 开始遗传规划因子挖掘...
2026-04-11 22:53:41,875 [INFO] ==============================================================================================================================================================================================================
2026-04-11 22:53:41,875 [INFO] |       种群信息       |               最优个体               |                 因子质量                 |
2026-04-11 22:53:41,876 [INFO] 
--------------------------------------------------------------------------------------------------------------------------------------------------------------------------------------------------------------
2026-04-11 22:53:41,876 [INFO] 轮次  代数    平均长度    平均适应度    最优长度    最优适应度      平均IC(训/测)       平均IR(训/测)       最优IC(训/测)       最优IR(训/测)   最优有效时点(训/测)   剩余时间  最优表达式
2026-04-11 22:53:41,876 [INFO] 
--------------------------------------------------------------------------------------------------------------------------------------------------------------------------------------------------------------
2026-04-11 22:53:41,876 [INFO]    3    1         4.7          -inf           3          -inf       nan/    nan       nan/    nan       nan/    nan       nan/    nan             0/   0         ?  DPO(2, 46)
2026-04-11 22:53:41,889 [INFO]    3    2         4.8          -inf           4          -inf       nan/    nan       nan/    nan       nan/    nan       nan/    nan             0/   0     1.22s  MACD_DEA(12, 6, 9)
2026-04-11 22:53:41,900 [INFO]    3    3         4.3          -inf           7          -inf       nan/    nan       nan/    nan       nan/    nan       nan/    nan             0/   0     0.80s  RANK(KDJ_J(100, 64, 20), PSY(65))
2026-04-11 22:53:41,911 [INFO]    3    4         4.2          -inf           6          -inf       nan/    nan       nan/    nan       nan/    nan       nan/    nan             0/   0     0.58s  WMA(RANK(BIAS(38), 10), 1)
2026-04-11 22:53:41,923 [INFO]    3    5         4.3          -inf           4          -inf       nan/    nan       nan/    nan       nan/    nan       nan/    nan             0/   0     0.44s  MACD_MACD(36, 56.52090797446905, 117)
2026-04-11 22:53:41,936 [INFO]    3    6         4.7          -inf           2          -inf       nan/    nan       nan/    nan       nan/    nan       nan/    nan             0/   0     0.35s  ATR(3.70664438284017)
2026-04-11 22:53:41,950 [INFO]    3    7         4.5          -inf           4          -inf       nan/    nan       nan/    nan       nan/    nan       nan/    nan             0/   0     0.28s  KDJ_J(16.571768469270598, 15.596254929507506, 87.29634459628276)
2026-04-11 22:53:41,962 [INFO] 检测到适应度停滞 (代数: 8)，当前最优适应度: -inf
2026-04-11 22:53:41,962 [INFO] 开始第 3 次自动重启...
2026-04-11 22:53:41,962 [INFO] 检测到适应度长期停滞，准备重新初始化种群...
2026-04-11 22:53:41,971 [INFO] 重启完成，继续主循环...
2026-04-11 22:53:41,971 [INFO] 
================================================================================================ 第 3 轮重启 ==================================================================================================
2026-04-11 22:53:41,971 [INFO] 开始遗传规划因子挖掘...
2026-04-11 22:53:41,971 [INFO] ==============================================================================================================================================================================================================
2026-04-11 22:53:41,971 [INFO] |       种群信息       |               最优个体               |                 因子质量                 |
2026-04-11 22:53:41,971 [INFO] 
--------------------------------------------------------------------------------------------------------------------------------------------------------------------------------------------------------------
2026-04-11 22:53:41,971 [INFO] 轮次  代数    平均长度    平均适应度    最优长度    最优适应度      平均IC(训/测)       平均IR(训/测)       最优IC(训/测)       最优IR(训/测)   最优有效时点(训/测)   剩余时间  最优表达式
2026-04-11 22:53:41,971 [INFO] 
--------------------------------------------------------------------------------------------------------------------------------------------------------------------------------------------------------------
2026-04-11 22:53:41,971 [INFO]    4    1         4.0          -inf           6          -inf       nan/    nan       nan/    nan       nan/    nan       nan/    nan             0/   0         ?  SLOPE(EMA(RSI(117), 1), 2)
2026-04-11 22:53:41,971 [INFO] --------------------------------------------------------------------------------------------------------------------------------------------------------------------------------------------------------------
2026-04-11 22:53:41,983 [INFO]    4    2         4.6          -inf           3          -inf       nan/    nan       nan/    nan       nan/    nan       nan/    nan             0/   0     1.83s  MA(OBV(), 4)
2026-04-11 22:53:41,983 [INFO] --------------------------------------------------------------------------------------------------------------------------------------------------------------------------------------------------------------
2026-04-11 22:53:41,994 [INFO]    4    3         3.9          -inf          10          -inf       nan/    nan       nan/    nan       nan/    nan       nan/    nan             0/   0     1.17s  SCALE(TAN(BOLL_UPPER(50, 85)), RANK(VR(68.26124080892816), MFI(38)))
2026-04-11 22:53:41,994 [INFO] --------------------------------------------------------------------------------------------------------------------------------------------------------------------------------------------------------------
2026-04-11 22:53:42,007 [INFO]    4    4         4.3          -inf           3          -inf       nan/    nan       nan/    nan       nan/    nan       nan/    nan             0/   0     0.84s  ADX(28, 96)
2026-04-11 22:53:42,007 [INFO] --------------------------------------------------------------------------------------------------------------------------------------------------------------------------------------------------------------
2026-04-11 22:53:42,018 [INFO]    4    5         4.2          -inf          23          -inf       nan/    nan       nan/    nan       nan/    nan       nan/    nan             0/   0     0.63s  SCALE(SUB(RANK(TS_ZSCORE(low, 87.78603229230276), DIFMA(61, 86.98530123897676, 35.65871277984685)), FORCAST(EMV(75), 89.99320483222729)), TS_RANK(EMV(91.12340931237156), DIV(SCALE(open_interest, volume), TRIX(24.514715014138325))))
2026-04-11 22:53:42,018 [INFO] --------------------------------------------------------------------------------------------------------------------------------------------------------------------------------------------------------------
2026-04-11 22:53:42,031 [INFO]    4    6         4.1          -inf           7          -inf       nan/    nan       nan/    nan       nan/    nan       nan/    nan             0/   0     0.49s  HHV(MACD_MACD(28, 22, 81), WR(2))
2026-04-11 22:53:42,031 [INFO] --------------------------------------------------------------------------------------------------------------------------------------------------------------------------------------------------------------
2026-04-11 22:53:42,043 [INFO]    4    7         3.9          -inf           3          -inf       nan/    nan       nan/    nan       nan/    nan       nan/    nan             0/   0     0.39s  MACD_DIF(10, 68.94209076474176)
2026-04-11 22:53:42,043 [INFO] --------------------------------------------------------------------------------------------------------------------------------------------------------------------------------------------------------------
2026-04-11 22:53:42,053 [INFO] 检测到适应度停滞 (代数: 8)，当前最优适应度: -inf
2026-04-11 22:53:42,054 [INFO] 已达到最大重启次数，停止重启
2026-04-11 22:53:42,054 [INFO] 进化完成，共发现 0 个候选因子，开始最终评估...
2026-04-11 22:53:42,054 [INFO] 最终筛选完成，选择了 0 个最优因子
2026-04-11 22:53:42,054 [INFO] 
最优因子表达式及其绩效:
2026-04-11 22:53:42,054 [INFO] ====================================================================================================
2026-04-11 22:53:42,054 [INFO] 遗传编程训练完成，耗时: 0.36 秒
