2026-04-11 22:56:17,912 [INFO] 当前使用的合约列表（共 9 个合约）：
2026-04-11 22:56:17,912 [INFO] ['ao888', 'ni888', 'pb888', 'sn888', 'ss888', 'zn888', 'al888', 'cu888', 'bc888']
2026-04-11 22:56:17,912 [INFO] 开始获取数据...
2026-04-11 22:56:17,912 [INFO] 数据获取完成！
2026-04-11 22:56:17,912 [INFO] 警告：qmf_data 不可用，ao888 无法获取数据
2026-04-11 22:56:17,913 [INFO] 警告：qmf_data 不可用，ao888 无法获取数据
2026-04-11 22:56:17,914 [INFO] 警告：qmf_data 不可用，ni888 无法获取数据
2026-04-11 22:56:17,914 [INFO] 警告：qmf_data 不可用，ni888 无法获取数据
2026-04-11 22:56:17,915 [INFO] 警告：qmf_data 不可用，pb888 无法获取数据
2026-04-11 22:56:17,915 [INFO] 警告：qmf_data 不可用，pb888 无法获取数据
2026-04-11 22:56:17,915 [INFO] 警告：qmf_data 不可用，sn888 无法获取数据
2026-04-11 22:56:17,916 [INFO] 警告：qmf_data 不可用，sn888 无法获取数据
2026-04-11 22:56:17,916 [INFO] 警告：qmf_data 不可用，ss888 无法获取数据
2026-04-11 22:56:17,916 [INFO] 警告：qmf_data 不可用，ss888 无法获取数据
2026-04-11 22:56:17,917 [INFO] 警告：qmf_data 不可用，zn888 无法获取数据
2026-04-11 22:56:17,917 [INFO] 警告：qmf_data 不可用，zn888 无法获取数据
2026-04-11 22:56:17,917 [INFO] 警告：qmf_data 不可用，al888 无法获取数据
2026-04-11 22:56:17,918 [INFO] 警告：qmf_data 不可用，al888 无法获取数据
2026-04-11 22:56:17,918 [INFO] 警告：qmf_data 不可用，cu888 无法获取数据
2026-04-11 22:56:17,918 [INFO] 警告：qmf_data 不可用，cu888 无法获取数据
2026-04-11 22:56:17,919 [INFO] 警告：qmf_data 不可用，bc888 无法获取数据
2026-04-11 22:56:17,919 [INFO] 警告：qmf_data 不可用，bc888 无法获取数据
2026-04-11 22:56:17,919 [INFO] 警告：qmf_data 不可用，将使用空数据集继续
2026-04-11 22:56:17,919 [INFO] 警告：qmf_data 不可用，将使用空数据集继续
2026-04-11 22:56:17,922 [INFO] 训练集数据预处理完成，共 0 条记录
2026-04-11 22:56:17,922 [INFO] 测试集数据预处理完成，共 0 条记录
2026-04-11 22:56:17,922 [INFO] 计算训练集目标变量...
2026-04-11 22:56:17,924 [INFO] 计算测试集目标变量...
2026-04-11 22:56:17,926 [INFO] 原始数据行数: 0
2026-04-11 22:56:17,927 [INFO] 
构造训练数据...
2026-04-11 22:56:17,929 [INFO] 特征 open 转换成功，形状: (0, 0)
2026-04-11 22:56:17,930 [INFO] 特征 close 转换成功，形状: (0, 0)
2026-04-11 22:56:17,930 [INFO] 特征 high 转换成功，形状: (0, 0)
2026-04-11 22:56:17,931 [INFO] 特征 low 转换成功，形状: (0, 0)
2026-04-11 22:56:17,931 [INFO] 特征 volume 转换成功，形状: (0, 0)
2026-04-11 22:56:17,932 [INFO] 特征 open_interest 转换成功，形状: (0, 0)
2026-04-11 22:56:17,933 [INFO] 特征 future_return 转换成功，形状: (0, 0)
2026-04-11 22:56:17,933 [INFO] 
构造测试数据...
2026-04-11 22:56:17,934 [INFO] 特征 open 转换成功，形状: (0, 0)
2026-04-11 22:56:17,934 [INFO] 特征 close 转换成功，形状: (0, 0)
2026-04-11 22:56:17,935 [INFO] 特征 high 转换成功，形状: (0, 0)
2026-04-11 22:56:17,935 [INFO] 特征 low 转换成功，形状: (0, 0)
2026-04-11 22:56:17,936 [INFO] 特征 volume 转换成功，形状: (0, 0)
2026-04-11 22:56:17,937 [INFO] 特征 open_interest 转换成功，形状: (0, 0)
2026-04-11 22:56:17,937 [INFO] 特征 future_return 转换成功，形状: (0, 0)
2026-04-11 22:56:17,937 [INFO] 
训练数据准备完成:
2026-04-11 22:56:17,937 [INFO] 时间点数量: 0
2026-04-11 22:56:17,937 [INFO] 合约数量: 0
2026-04-11 22:56:17,937 [INFO] 特征数量: 6
2026-04-11 22:56:17,937 [INFO] 特征列表: ['open', 'close', 'high', 'low', 'volume', 'open_interest']
2026-04-11 22:56:17,937 [INFO] 
测试数据准备完成:
2026-04-11 22:56:17,937 [INFO] 时间点数量: 0
2026-04-11 22:56:17,937 [INFO] 合约数量: 0
2026-04-11 22:56:17,937 [INFO] 特征数量: 6
2026-04-11 22:56:17,938 [INFO] 特征列表: ['open', 'close', 'high', 'low', 'volume', 'open_interest']
2026-04-11 22:56:17,938 [INFO] 
数据质量检查:
2026-04-11 22:56:17,938 [INFO] y中NaN比例: nan%
2026-04-11 22:56:17,938 [INFO] y中有效值数量: 0
2026-04-11 22:56:17,938 [INFO]   open: NaN比例=nan%
2026-04-11 22:56:17,938 [INFO]   close: NaN比例=nan%
2026-04-11 22:56:17,938 [INFO]   high: NaN比例=nan%
2026-04-11 22:56:17,938 [INFO]   low: NaN比例=nan%
2026-04-11 22:56:17,938 [INFO]   volume: NaN比例=nan%
2026-04-11 22:56:17,938 [INFO] 
测试集数据质量检查:
2026-04-11 22:56:17,938 [INFO] y_test中NaN比例: nan%
2026-04-11 22:56:17,938 [INFO] y_test中有效值数量: 0
2026-04-11 22:56:17,938 [INFO]   open: NaN比例=nan%
2026-04-11 22:56:17,938 [INFO]   close: NaN比例=nan%
2026-04-11 22:56:17,938 [INFO]   high: NaN比例=nan%
2026-04-11 22:56:17,938 [INFO]   low: NaN比例=nan%
2026-04-11 22:56:17,938 [INFO]   volume: NaN比例=nan%
2026-04-11 22:56:17,938 [INFO] 本次使用的随机数种子为: 3000181327
2026-04-11 22:56:17,938 [INFO] 训练前关键配置检查：
2026-04-11 22:56:17,939 [INFO]   SYMBOLS数量: 9
2026-04-11 22:56:17,939 [INFO]   训练集shape: (0, 0)
2026-04-11 22:56:17,939 [INFO]   测试集shape: (0, 0)
2026-04-11 22:56:17,939 [INFO]   IC_PERIOD: 1
2026-04-11 22:56:17,939 [INFO]   FITNESS_W_TRAIN: 0.4
2026-04-11 22:56:17,939 [INFO]   FITNESS_W_TEST: 0.6
2026-04-11 22:56:17,946 [INFO] 开始遗传规划因子挖掘...
2026-04-11 22:56:17,946 [INFO] ==============================================================================================================================================================================================================
2026-04-11 22:56:17,946 [INFO] |       种群信息       |               最优个体               |                 因子质量                 |
2026-04-11 22:56:17,946 [INFO] 
--------------------------------------------------------------------------------------------------------------------------------------------------------------------------------------------------------------
2026-04-11 22:56:17,948 [INFO] 轮次  代数    平均长度    平均适应度    最优长度    最优适应度      平均IC(训/测)       平均IR(训/测)       最优IC(训/测)       最优IR(训/测)   最优有效时点(训/测)   剩余时间  最优表达式
2026-04-11 22:56:17,948 [INFO] 
--------------------------------------------------------------------------------------------------------------------------------------------------------------------------------------------------------------
2026-04-11 22:56:17,948 [INFO]    1    1         4.7          -inf           4          -inf       nan/    nan       nan/    nan       nan/    nan       nan/    nan             0/   0         ?  SAR(53, 39.03585252053028, 31)
2026-04-11 22:56:17,965 [INFO]    1    2         4.3          -inf           2          -inf       nan/    nan       nan/    nan       nan/    nan       nan/    nan             0/   0     0.16s  ASI(117)
2026-04-11 22:56:17,977 [INFO]    1    3         4.3          -inf           4          -inf       nan/    nan       nan/    nan       nan/    nan       nan/    nan             0/   0     0.15s  DIFMA(79, 28, 16)
2026-04-11 22:56:17,988 [INFO]    1    4         4.3          -inf           3          -inf       nan/    nan       nan/    nan       nan/    nan       nan/    nan             0/   0     0.13s  KDJ_K(41.88831345900049, 32.71045023021408)
2026-04-11 22:56:17,999 [INFO]    1    5         4.5          -inf           4          -inf       nan/    nan       nan/    nan       nan/    nan       nan/    nan             0/   0     0.12s  MACD_MACD(74, 83, 52)
2026-04-11 22:56:18,018 [INFO]    1    6         4.3          -inf           3          -inf       nan/    nan       nan/    nan       nan/    nan       nan/    nan             0/   0     0.12s  KDJ_K(44, 2)
2026-04-11 22:56:18,030 [INFO] 检测到适应度停滞 (代数: 7)，当前最优适应度: -inf
2026-04-11 22:56:18,030 [INFO] 开始第 1 次自动重启...
2026-04-11 22:56:18,030 [INFO] 检测到适应度长期停滞，准备重新初始化种群...
2026-04-11 22:56:18,037 [INFO] 重启完成，继续主循环...
2026-04-11 22:56:18,037 [INFO] 
================================================================================================ 第 1 轮重启 ==================================================================================================
2026-04-11 22:56:18,037 [INFO] 开始遗传规划因子挖掘...
2026-04-11 22:56:18,037 [INFO] ==============================================================================================================================================================================================================
2026-04-11 22:56:18,037 [INFO] |       种群信息       |               最优个体               |                 因子质量                 |
2026-04-11 22:56:18,037 [INFO] 
--------------------------------------------------------------------------------------------------------------------------------------------------------------------------------------------------------------
2026-04-11 22:56:18,037 [INFO] 轮次  代数    平均长度    平均适应度    最优长度    最优适应度      平均IC(训/测)       平均IR(训/测)       最优IC(训/测)       最优IR(训/测)   最优有效时点(训/测)   剩余时间  最优表达式
2026-04-11 22:56:18,037 [INFO] 
--------------------------------------------------------------------------------------------------------------------------------------------------------------------------------------------------------------
2026-04-11 22:56:18,038 [INFO]    2    1         5.1          -inf           2          -inf       nan/    nan       nan/    nan       nan/    nan       nan/    nan             0/   0         ?  ROC(10)
2026-04-11 22:56:18,048 [INFO]    2    2         5.1          -inf           3          -inf       nan/    nan       nan/    nan       nan/    nan       nan/    nan             0/   0     0.70s  BOLL_UPPER(14, 4.014051442949967)
2026-04-11 22:56:18,060 [INFO]    2    3         5.2          -inf           2          -inf       nan/    nan       nan/    nan       nan/    nan       nan/    nan             0/   0     0.48s  CR(114.36107066832005)
2026-04-11 22:56:18,071 [INFO]    2    4         4.7          -inf          31          -inf       nan/    nan       nan/    nan       nan/    nan       nan/    nan             0/   0     0.36s  TOPRANGE(MUL(COVA(SLOPE(MASS(18, 69), 11), SCALE(SLOPE(REF(BBI(111, 44.65214961887428, 85.09526395864792, 2.663462774085281), 7), 3), 20), 9), TS_ZSCORE(LN(HHV(TS_ZSCORE(DIFMA(64, 85, 103.35922947308886), 10), 8)), 16)))
2026-04-11 22:56:18,081 [INFO]    2    5         4.7          -inf           2          -inf       nan/    nan       nan/    nan       nan/    nan       nan/    nan             0/   0     0.28s  MFI(119)
2026-04-11 22:56:18,091 [INFO]    2    6         4.9          -inf           3          -inf       nan/    nan       nan/    nan       nan/    nan       nan/    nan             0/   0     0.23s  MACD_DIF(55, 81)
2026-04-11 22:56:18,104 [INFO]    2    7         5.1          -inf           2          -inf       nan/    nan       nan/    nan       nan/    nan       nan/    nan             0/   0     0.19s  RSI(69)
2026-04-11 22:56:18,115 [INFO] 检测到适应度停滞 (代数: 8)，当前最优适应度: -inf
2026-04-11 22:56:18,115 [INFO] 开始第 2 次自动重启...
2026-04-11 22:56:18,115 [INFO] 检测到适应度长期停滞，准备重新初始化种群...
2026-04-11 22:56:18,121 [INFO] 重启完成，继续主循环...
2026-04-11 22:56:18,122 [INFO] 
================================================================================================ 第 2 轮重启 ==================================================================================================
2026-04-11 22:56:18,122 [INFO] 开始遗传规划因子挖掘...
2026-04-11 22:56:18,122 [INFO] ==============================================================================================================================================================================================================
2026-04-11 22:56:18,122 [INFO] |       种群信息       |               最优个体               |                 因子质量                 |
2026-04-11 22:56:18,122 [INFO] 
--------------------------------------------------------------------------------------------------------------------------------------------------------------------------------------------------------------
2026-04-11 22:56:18,122 [INFO] 轮次  代数    平均长度    平均适应度    最优长度    最优适应度      平均IC(训/测)       平均IR(训/测)       最优IC(训/测)       最优IR(训/测)   最优有效时点(训/测)   剩余时间  最优表达式
2026-04-11 22:56:18,122 [INFO] 
--------------------------------------------------------------------------------------------------------------------------------------------------------------------------------------------------------------
2026-04-11 22:56:18,122 [INFO]    3    1         4.2          -inf           5          -inf       nan/    nan       nan/    nan       nan/    nan       nan/    nan             0/   0         ?  BBI(62, 39, 115, 114)
2026-04-11 22:56:18,133 [INFO]    3    2         3.9          -inf           2          -inf       nan/    nan       nan/    nan       nan/    nan       nan/    nan             0/   0     1.25s  BRAR_AR(117)
2026-04-11 22:56:18,146 [INFO]    3    3         4.0          -inf           3          -inf       nan/    nan       nan/    nan       nan/    nan       nan/    nan             0/   0     0.82s  KDJ_K(108, 10)
2026-04-11 22:56:18,157 [INFO]    3    4         4.1          -inf           4          -inf       nan/    nan       nan/    nan       nan/    nan       nan/    nan             0/   0     0.60s  MACD_MACD(10, 69, 4)
2026-04-11 22:56:18,167 [INFO]    3    5         3.7          -inf           2          -inf       nan/    nan       nan/    nan       nan/    nan       nan/    nan             0/   0     0.45s  ROC(66)
2026-04-11 22:56:18,175 [INFO]    3    6         3.9          -inf           2          -inf       nan/    nan       nan/    nan       nan/    nan       nan/    nan             0/   0     0.35s  RSI(28)
2026-04-11 22:56:18,185 [INFO]    3    7         3.8          -inf           3          -inf       nan/    nan       nan/    nan       nan/    nan       nan/    nan             0/   0     0.28s  BOLL_LOWER(5.2079194841145675, 13.993134514387148)
2026-04-11 22:56:18,194 [INFO] 检测到适应度停滞 (代数: 8)，当前最优适应度: -inf
2026-04-11 22:56:18,194 [INFO] 开始第 3 次自动重启...
2026-04-11 22:56:18,194 [INFO] 检测到适应度长期停滞，准备重新初始化种群...
2026-04-11 22:56:18,203 [INFO] 重启完成，继续主循环...
2026-04-11 22:56:18,203 [INFO] 
================================================================================================ 第 3 轮重启 ==================================================================================================
2026-04-11 22:56:18,203 [INFO] 开始遗传规划因子挖掘...
2026-04-11 22:56:18,203 [INFO] ==============================================================================================================================================================================================================
2026-04-11 22:56:18,203 [INFO] |       种群信息       |               最优个体               |                 因子质量                 |
2026-04-11 22:56:18,203 [INFO] 
--------------------------------------------------------------------------------------------------------------------------------------------------------------------------------------------------------------
2026-04-11 22:56:18,203 [INFO] 轮次  代数    平均长度    平均适应度    最优长度    最优适应度      平均IC(训/测)       平均IR(训/测)       最优IC(训/测)       最优IR(训/测)   最优有效时点(训/测)   剩余时间  最优表达式
2026-04-11 22:56:18,203 [INFO] 
--------------------------------------------------------------------------------------------------------------------------------------------------------------------------------------------------------------
2026-04-11 22:56:18,203 [INFO]    4    1         3.9          -inf           5          -inf       nan/    nan       nan/    nan       nan/    nan       nan/    nan             0/   0         ?  BBI(44, 54, 32, 23)
2026-04-11 22:56:18,203 [INFO] --------------------------------------------------------------------------------------------------------------------------------------------------------------------------------------------------------------
2026-04-11 22:56:18,215 [INFO]    4    2         4.7          -inf           3          -inf       nan/    nan       nan/    nan       nan/    nan       nan/    nan             0/   0     1.79s  SQRT(MFI(92))
2026-04-11 22:56:18,215 [INFO] --------------------------------------------------------------------------------------------------------------------------------------------------------------------------------------------------------------
2026-04-11 22:56:18,227 [INFO]    4    3         4.4          -inf           4          -inf       nan/    nan       nan/    nan       nan/    nan       nan/    nan             0/   0     1.15s  KDJ_J(40, 113, 107)
2026-04-11 22:56:18,227 [INFO] --------------------------------------------------------------------------------------------------------------------------------------------------------------------------------------------------------------
2026-04-11 22:56:18,240 [INFO]    4    4         4.7          -inf           2          -inf       nan/    nan       nan/    nan       nan/    nan       nan/    nan             0/   0     0.82s  RSI(117)
2026-04-11 22:56:18,240 [INFO] --------------------------------------------------------------------------------------------------------------------------------------------------------------------------------------------------------------
2026-04-11 22:56:18,253 [INFO]    4    5         4.6          -inf           4          -inf       nan/    nan       nan/    nan       nan/    nan       nan/    nan             0/   0     0.62s  SAR(2, 104, 58.35497823085158)
2026-04-11 22:56:18,253 [INFO] --------------------------------------------------------------------------------------------------------------------------------------------------------------------------------------------------------------
2026-04-11 22:56:18,264 [INFO]    4    6         4.3          -inf           2          -inf       nan/    nan       nan/    nan       nan/    nan       nan/    nan             0/   0     0.49s  BRAR_BR(20.939993329359318)
2026-04-11 22:56:18,264 [INFO] --------------------------------------------------------------------------------------------------------------------------------------------------------------------------------------------------------------
2026-04-11 22:56:18,276 [INFO]    4    7         4.7          -inf           4          -inf       nan/    nan       nan/    nan       nan/    nan       nan/    nan             0/   0     0.38s  SAR(114, 11.505862294215333, 49)
2026-04-11 22:56:18,276 [INFO] --------------------------------------------------------------------------------------------------------------------------------------------------------------------------------------------------------------
2026-04-11 22:56:18,290 [INFO] 检测到适应度停滞 (代数: 8)，当前最优适应度: -inf
2026-04-11 22:56:18,291 [INFO] 已达到最大重启次数，停止重启
2026-04-11 22:56:18,291 [INFO] 进化完成，共发现 0 个候选因子，开始最终评估...
2026-04-11 22:56:18,291 [INFO] 最终筛选完成，选择了 0 个最优因子
2026-04-11 22:56:18,291 [INFO] 
最优因子表达式及其绩效:
2026-04-11 22:56:18,291 [INFO] ====================================================================================================
2026-04-11 22:56:18,291 [INFO] 遗传编程训练完成，耗时: 0.35 秒
