2026-04-12 12:03:14,471 [INFO] 当前使用的合约列表（共 9 个合约）：
2026-04-12 12:03:14,471 [INFO] ['ao888', 'ni888', 'pb888', 'sn888', 'ss888', 'zn888', 'al888', 'cu888', 'bc888']
2026-04-12 12:03:14,472 [INFO] 开始获取数据...
2026-04-12 12:03:14,472 [INFO] 数据获取完成！
2026-04-12 12:03:14,546 [INFO] 训练集数据预处理完成，共 576 条记录
2026-04-12 12:03:14,546 [INFO] 测试集数据预处理完成，共 738 条记录
2026-04-12 12:03:14,546 [INFO] 计算训练集目标变量...
2026-04-12 12:03:14,549 [INFO] 计算测试集目标变量...
2026-04-12 12:03:14,565 [INFO] 原始数据行数: 567
2026-04-12 12:03:14,566 [INFO] 
构造训练数据...
2026-04-12 12:03:14,570 [INFO] 特征 open 转换成功，形状: (63, 9)
2026-04-12 12:03:14,573 [INFO] 特征 close 转换成功，形状: (63, 9)
2026-04-12 12:03:14,574 [INFO] 特征 high 转换成功，形状: (63, 9)
2026-04-12 12:03:14,574 [INFO] 特征 low 转换成功，形状: (63, 9)
2026-04-12 12:03:14,577 [INFO] 特征 volume 转换成功，形状: (63, 9)
2026-04-12 12:03:14,578 [INFO] 特征 open_interest 转换成功，形状: (63, 9)
2026-04-12 12:03:14,579 [INFO] 特征 future_return 转换成功，形状: (63, 9)
2026-04-12 12:03:14,580 [INFO] 
构造测试数据...
2026-04-12 12:03:14,581 [INFO] 特征 open 转换成功，形状: (81, 9)
2026-04-12 12:03:14,583 [INFO] 特征 close 转换成功，形状: (81, 9)
2026-04-12 12:03:14,584 [INFO] 特征 high 转换成功，形状: (81, 9)
2026-04-12 12:03:14,585 [INFO] 特征 low 转换成功，形状: (81, 9)
2026-04-12 12:03:14,586 [INFO] 特征 volume 转换成功，形状: (81, 9)
2026-04-12 12:03:14,588 [INFO] 特征 open_interest 转换成功，形状: (81, 9)
2026-04-12 12:03:14,591 [INFO] 特征 future_return 转换成功，形状: (81, 9)
2026-04-12 12:03:14,591 [INFO] 
训练数据准备完成:
2026-04-12 12:03:14,592 [INFO] 时间点数量: 63
2026-04-12 12:03:14,592 [INFO] 合约数量: 9
2026-04-12 12:03:14,592 [INFO] 特征数量: 6
2026-04-12 12:03:14,592 [INFO] 特征列表: ['open', 'close', 'high', 'low', 'volume', 'open_interest']
2026-04-12 12:03:14,592 [INFO] 
测试数据准备完成:
2026-04-12 12:03:14,592 [INFO] 时间点数量: 81
2026-04-12 12:03:14,592 [INFO] 合约数量: 9
2026-04-12 12:03:14,592 [INFO] 特征数量: 6
2026-04-12 12:03:14,593 [INFO] 特征列表: ['open', 'close', 'high', 'low', 'volume', 'open_interest']
2026-04-12 12:03:14,593 [INFO] 
数据质量检查:
2026-04-12 12:03:14,593 [INFO] y中NaN比例: 0.00%
2026-04-12 12:03:14,593 [INFO] y中有效值数量: 567
2026-04-12 12:03:14,593 [INFO] 训练集最小时间: 2025-06-03 00:00:00, 最大时间: 2025-08-28 00:00:00
2026-04-12 12:03:14,593 [INFO]   open: NaN比例=0.00%
2026-04-12 12:03:14,594 [INFO]   close: NaN比例=0.00%
2026-04-12 12:03:14,594 [INFO]   high: NaN比例=0.00%
2026-04-12 12:03:14,594 [INFO]   low: NaN比例=0.00%
2026-04-12 12:03:14,594 [INFO]   volume: NaN比例=0.00%
2026-04-12 12:03:14,594 [INFO] 
测试集数据质量检查:
2026-04-12 12:03:14,594 [INFO] y_test中NaN比例: 0.00%
2026-04-12 12:03:14,594 [INFO] y_test中有效值数量: 729
2026-04-12 12:03:14,594 [INFO] 测试集最小时间: 2025-09-01 00:00:00, 最大时间: 2025-12-30 00:00:00
2026-04-12 12:03:14,595 [INFO]   open: NaN比例=0.00%
2026-04-12 12:03:14,595 [INFO]   close: NaN比例=0.00%
2026-04-12 12:03:14,595 [INFO]   high: NaN比例=0.00%
2026-04-12 12:03:14,595 [INFO]   low: NaN比例=0.00%
2026-04-12 12:03:14,595 [INFO]   volume: NaN比例=0.00%
2026-04-12 12:03:14,595 [INFO] 本次使用的随机数种子为: 3408972520
2026-04-12 12:03:14,596 [INFO] 训练前关键配置检查：
2026-04-12 12:03:14,596 [INFO]   SYMBOLS数量: 9
2026-04-12 12:03:14,596 [INFO]   训练集shape: (63, 9)
2026-04-12 12:03:14,596 [INFO]   测试集shape: (81, 9)
2026-04-12 12:03:14,596 [INFO]   IC_PERIOD: 1
2026-04-12 12:03:14,596 [INFO]   FITNESS_W_TRAIN: 0.4
2026-04-12 12:03:14,596 [INFO]   FITNESS_W_TEST: 0.6
2026-04-12 12:03:16,871 [INFO] 开始遗传规划因子挖掘...
2026-04-12 12:03:16,871 [INFO] ==============================================================================================================================================================================================================
2026-04-12 12:03:16,872 [INFO] |       种群信息       |               最优个体               |                 因子质量                 |
2026-04-12 12:03:16,872 [INFO] 
--------------------------------------------------------------------------------------------------------------------------------------------------------------------------------------------------------------
2026-04-12 12:03:16,872 [INFO] 轮次  代数    平均长度    平均适应度    最优长度    最优适应度      平均IC(训/测)       平均IR(训/测)       最优IC(训/测)       最优IR(训/测)   最优有效时点(训/测)   剩余时间  最优表达式
2026-04-12 12:03:16,872 [INFO] 
--------------------------------------------------------------------------------------------------------------------------------------------------------------------------------------------------------------
2026-04-12 12:03:16,872 [INFO]    1    1         4.4       -0.0586           4        0.0744   -0.0403/ 0.0094   -0.1064/ 0.0214    0.0067/ 0.0984    0.0150/ 0.2187            62/  80         ?  MACD_DEA(37, 62, 30)
2026-04-12 12:03:19,636 [INFO]    1    2         3.7       -0.0305           3        0.1584   -0.0264/ 0.0253   -0.0739/ 0.0559    0.1604/ 0.0596    0.4387/ 0.1659            49/  67    32.73s  COS(ROC(14))
2026-04-12 12:03:22,467 [INFO]    1    3         3.6        0.0024           3        0.1584   -0.0045/ 0.0388   -0.0156/ 0.0861    0.1604/ 0.0596    0.4387/ 0.1659            49/  67    31.47s  COS(ROC(14))
2026-04-12 12:03:24,525 [INFO]    1    4         3.9        0.0294           3        0.1584    0.0113/ 0.0499    0.0261/ 0.1137    0.1604/ 0.0596    0.4387/ 0.1659            49/  67    27.29s  COS(ROC(14))
2026-04-12 12:03:27,464 [INFO]    1    5         4.2        0.0260           3        0.1584    0.0109/ 0.0465    0.0253/ 0.1060    0.1604/ 0.0596    0.4387/ 0.1659            49/  67    25.73s  COS(ROC(14))
2026-04-12 12:03:30,295 [INFO]    1    6         4.6        0.0379           3        0.1584    0.0106/ 0.0593    0.0251/ 0.1383    0.1604/ 0.0596    0.4387/ 0.1659            49/  67    23.54s  COS(ROC(14))
2026-04-12 12:03:32,465 [INFO]    1    7         3.8        0.0313           3        0.1584    0.0142/ 0.0490    0.0352/ 0.1148    0.1604/ 0.0596    0.4387/ 0.1659            49/  67    20.42s  COS(ROC(14))
2026-04-12 12:03:35,381 [INFO] 检测到适应度停滞 (代数: 8)，当前最优适应度: 0.158359
2026-04-12 12:03:35,381 [INFO] 开始第 1 次自动重启...
2026-04-12 12:03:35,381 [INFO] 检测到适应度长期停滞，准备重新初始化种群...
2026-04-12 12:03:39,403 [INFO] 重启完成，继续主循环...
2026-04-12 12:03:39,403 [INFO] 
================================================================================================ 第 1 轮重启 ==================================================================================================
2026-04-12 12:03:39,403 [INFO] 开始遗传规划因子挖掘...
2026-04-12 12:03:39,404 [INFO] ==============================================================================================================================================================================================================
2026-04-12 12:03:39,404 [INFO] |       种群信息       |               最优个体               |                 因子质量                 |
2026-04-12 12:03:39,404 [INFO] 
--------------------------------------------------------------------------------------------------------------------------------------------------------------------------------------------------------------
2026-04-12 12:03:39,404 [INFO] 轮次  代数    平均长度    平均适应度    最优长度    最优适应度      平均IC(训/测)       平均IR(训/测)       最优IC(训/测)       最优IR(训/测)   最优有效时点(训/测)   剩余时间  最优表达式
2026-04-12 12:03:39,404 [INFO] 
--------------------------------------------------------------------------------------------------------------------------------------------------------------------------------------------------------------
2026-04-12 12:03:39,404 [INFO]    2    1         4.1        0.0093           4        0.0748   -0.0302/ 0.0233   -0.0894/ 0.0499    0.0089/ 0.0954    0.0199/ 0.2124            62/  80         ?  MACD_DEA(30, 107, 108)
2026-04-12 12:03:44,105 [INFO]    2    2         4.7       -0.0317           4        0.0856   -0.0254/ 0.0305   -0.0778/ 0.0672    0.0314/ 0.0740    0.0717/ 0.1703            62/  80     3.20m  SAR(2, 98.7160639888574, 26)
2026-04-12 12:03:46,964 [INFO]    2    3         4.0        0.0048           8        0.1237    0.0004/ 0.0391   -0.0030/ 0.0854    0.0620/ 0.0748    0.1601/ 0.1670            62/  80     2.16m  AVEDEV(low, DMA(COS(low), ADX(17, 95)))
2026-04-12 12:03:50,389 [INFO]    2    4         4.7        0.0226           8        0.1237    0.0004/ 0.0533   -0.0018/ 0.1187    0.0620/ 0.0748    0.1601/ 0.1670            62/  80     1.64m  AVEDEV(low, DMA(COS(low), ADX(17, 95)))
2026-04-12 12:03:55,211 [INFO]    2    5         4.9        0.0263           8        0.1237   -0.0013/ 0.0556   -0.0085/ 0.1227    0.0620/ 0.0748    0.1601/ 0.1670            62/  80     1.35m  AVEDEV(low, DMA(COS(low), ADX(17, 95)))
2026-04-12 12:04:00,459 [INFO]    2    6         5.4        0.0544           8        0.1237    0.0211/ 0.0576    0.0527/ 0.1275    0.0620/ 0.0748    0.1601/ 0.1670            62/  80     1.15m  AVEDEV(low, DMA(COS(low), ADX(17, 64)))
2026-04-12 12:04:09,785 [INFO]    2    7         6.0        0.0524           8        0.1237    0.0178/ 0.0577    0.0426/ 0.1284    0.0620/ 0.0748    0.1601/ 0.1670            62/  80     1.05m  AVEDEV(low, DMA(COS(low), ADX(17, 64)))
2026-04-12 12:04:19,023 [INFO]    2    8         6.7        0.0553           8        0.1237    0.0213/ 0.0545    0.0529/ 0.1208    0.0620/ 0.0748    0.1601/ 0.1670            62/  80    56.37s  AVEDEV(low, DMA(COS(low), ADX(17, 83)))
2026-04-12 12:04:31,888 [INFO]    2    9         6.7        0.0669           5        0.1278    0.0313/ 0.0563    0.0779/ 0.1248    0.0620/ 0.0836    0.1601/ 0.1786            62/  57    51.53s  AVEDEV(low, ADX(51, 20.46614456012588))
2026-04-12 12:04:40,239 [INFO]    2   10         6.8        0.0689           5        0.1278    0.0295/ 0.0588    0.0742/ 0.1290    0.0620/ 0.0836    0.1601/ 0.1786            62/  57    42.82s  AVEDEV(low, ADX(51, 20.46614456012588))
2026-04-12 12:04:50,363 [INFO]    2   11         7.3        0.0573          11        0.1318    0.0288/ 0.0543    0.0723/ 0.1157    0.0808/ 0.0571    0.2484/ 0.1637            40/  58    34.82s  AVEDEV(SCALE(SCALE(TS_ZSCORE(ABS(TRIX(80)), 3), 15), 20), 5)
2026-04-12 12:04:58,405 [INFO]    2   12         6.5        0.0501          11        0.1318    0.0225/ 0.0517    0.0560/ 0.1093    0.0808/ 0.0571    0.2484/ 0.1637            40/  58    25.95s  AVEDEV(SCALE(SCALE(TS_ZSCORE(ABS(TRIX(80)), 3), 15), 20), 5)
2026-04-12 12:05:05,768 [INFO]    2   13         6.1        0.0522          11        0.1318    0.0261/ 0.0494    0.0657/ 0.1038    0.0808/ 0.0571    0.2484/ 0.1637            40/  58    17.10s  AVEDEV(SCALE(SCALE(TS_ZSCORE(ABS(TRIX(80)), 3), 15), 20), 5)
2026-04-12 12:05:13,861 [INFO]    2   14         6.5        0.0654          11        0.1318    0.0274/ 0.0591    0.0670/ 0.1297    0.0808/ 0.0571    0.2484/ 0.1637            40/  58     8.52s  AVEDEV(SCALE(SCALE(TS_ZSCORE(ABS(TRIX(80)), 3), 15), 20), 5)
2026-04-12 12:05:20,318 [INFO]    2   15         5.3        0.0530          13        0.1778    0.0218/ 0.0565    0.0551/ 0.1222    0.0922/ 0.0780    0.2977/ 0.2350            43/  61     0.00s  AVEDEV(SCALE(SCALE(TS_ZSCORE(ABS(TRIX(80)), 3), 15), 20), ADX(93, 3))
2026-04-12 12:05:20,318 [INFO] --------------------------------------------------------------------------------------------------------------------------------------------------------------------------------------------------------------
2026-04-12 12:05:20,325 [INFO] 进化完成，共发现 2 个候选因子，开始最终评估...
2026-04-12 12:05:20,474 [INFO] 最终筛选完成，选择了 2 个最优因子
2026-04-12 12:05:20,474 [INFO] 
最优因子表达式及其绩效:
2026-04-12 12:05:20,474 [INFO] ====================================================================================================
2026-04-12 12:05:20,474 [INFO] 遗传编程训练完成，耗时: 125.88 秒
2026-04-12 12:05:20,490 [INFO] 因子 1:
2026-04-12 12:05:20,490 [INFO]   表达式: COS(ROC(14))
2026-04-12 12:05:20,490 [INFO]   适应度: 0.160359 | 训练IC: 0.160392 | 训练IR: 0.438722 | 测试IC: 0.059643 | 测试IR: 0.165948
2026-04-12 12:05:20,490 [INFO]   复杂度: 深度=3, 节点数=3, 有效时间点=49/63
2026-04-12 12:05:20,491 [INFO]   因子树形结构:
2026-04-12 12:05:20,491 [INFO]   COS
2026-04-12 12:05:20,491 [INFO]   └─ ROC
2026-04-12 12:05:20,491 [INFO]      └─ 14
2026-04-12 12:05:20,491 [INFO] ----------------------------------------------------------------------------------------------------
2026-04-12 12:05:20,630 [INFO] 因子 2:
2026-04-12 12:05:20,630 [INFO]   表达式: AVEDEV(SCALE(SCALE(TS_ZSCORE(ABS(TRIX(80)), 3), 15), 20), ADX(93, 3))
2026-04-12 12:05:20,630 [INFO]   适应度: 0.177840 | 训练IC: 0.092233 | 训练IR: 0.297729 | 测试IC: 0.078037 | 测试IR: 0.235030
2026-04-12 12:05:20,631 [INFO]   复杂度: 深度=7, 节点数=13, 有效时间点=43/63
2026-04-12 12:05:20,631 [INFO]   因子树形结构:
2026-04-12 12:05:20,631 [INFO]   AVEDEV
2026-04-12 12:05:20,631 [INFO]   ├─ SCALE
2026-04-12 12:05:20,631 [INFO]   │  ├─ SCALE
2026-04-12 12:05:20,631 [INFO]   │  │  ├─ TS_ZSCORE
2026-04-12 12:05:20,631 [INFO]   │  │  │  ├─ ABS
2026-04-12 12:05:20,631 [INFO]   │  │  │  │  └─ TRIX
2026-04-12 12:05:20,631 [INFO]   │  │  │  │     └─ 80
2026-04-12 12:05:20,632 [INFO]   │  │  │  └─ 3
2026-04-12 12:05:20,632 [INFO]   │  │  └─ 15
2026-04-12 12:05:20,632 [INFO]   │  └─ 20
2026-04-12 12:05:20,632 [INFO]   └─ ADX
2026-04-12 12:05:20,632 [INFO]      ├─ 93
2026-04-12 12:05:20,632 [INFO]      └─ 3
2026-04-12 12:05:20,632 [INFO] ----------------------------------------------------------------------------------------------------
