2026-04-11 10:11:02,563 [INFO] 当前使用的合约列表（共 9 个合约）：
2026-04-11 10:11:02,563 [INFO] ['ao888', 'ni888', 'pb888', 'sn888', 'ss888', 'zn888', 'al888', 'cu888', 'bc888']
2026-04-11 10:11:02,563 [INFO] 开始获取数据...
2026-04-11 10:11:02,563 [INFO] 数据获取完成！
2026-04-11 10:11:02,974 [INFO] 训练集数据预处理完成，共 17865 条记录
2026-04-11 10:11:02,974 [INFO] 测试集数据预处理完成，共 22419 条记录
2026-04-11 10:11:02,974 [INFO] 计算训练集目标变量...
2026-04-11 10:11:02,978 [INFO] 计算测试集目标变量...
2026-04-11 10:11:02,999 [INFO] 原始数据行数: 17847
2026-04-11 10:11:03,002 [INFO] 
构造训练数据...
2026-04-11 10:11:03,007 [INFO] 特征 open 转换成功，形状: (1983, 9)
2026-04-11 10:11:03,010 [INFO] 特征 close 转换成功，形状: (1983, 9)
2026-04-11 10:11:03,013 [INFO] 特征 high 转换成功，形状: (1983, 9)
2026-04-11 10:11:03,015 [INFO] 特征 low 转换成功，形状: (1983, 9)
2026-04-11 10:11:03,019 [INFO] 特征 volume 转换成功，形状: (1983, 9)
2026-04-11 10:11:03,023 [INFO] 特征 open_interest 转换成功，形状: (1983, 9)
2026-04-11 10:11:03,025 [INFO] 特征 future_return 转换成功，形状: (1983, 9)
2026-04-11 10:11:03,027 [INFO] 
构造测试数据...
2026-04-11 10:11:03,030 [INFO] 特征 open 转换成功，形状: (2489, 9)
2026-04-11 10:11:03,033 [INFO] 特征 close 转换成功，形状: (2489, 9)
2026-04-11 10:11:03,037 [INFO] 特征 high 转换成功，形状: (2489, 9)
2026-04-11 10:11:03,041 [INFO] 特征 low 转换成功，形状: (2489, 9)
2026-04-11 10:11:03,044 [INFO] 特征 volume 转换成功，形状: (2489, 9)
2026-04-11 10:11:03,047 [INFO] 特征 open_interest 转换成功，形状: (2489, 9)
2026-04-11 10:11:03,051 [INFO] 特征 future_return 转换成功，形状: (2489, 9)
2026-04-11 10:11:03,051 [INFO] 
训练数据准备完成:
2026-04-11 10:11:03,051 [INFO] 时间点数量: 1983
2026-04-11 10:11:03,051 [INFO] 合约数量: 9
2026-04-11 10:11:03,052 [INFO] 特征数量: 6
2026-04-11 10:11:03,052 [INFO] 特征列表: ['open', 'close', 'high', 'low', 'volume', 'open_interest']
2026-04-11 10:11:03,052 [INFO] 
测试数据准备完成:
2026-04-11 10:11:03,052 [INFO] 时间点数量: 2489
2026-04-11 10:11:03,052 [INFO] 合约数量: 9
2026-04-11 10:11:03,052 [INFO] 特征数量: 6
2026-04-11 10:11:03,052 [INFO] 特征列表: ['open', 'close', 'high', 'low', 'volume', 'open_interest']
2026-04-11 10:11:03,052 [INFO] 
数据质量检查:
2026-04-11 10:11:03,052 [INFO] y中NaN比例: 0.00%
2026-04-11 10:11:03,052 [INFO] y中有效值数量: 17847
2026-04-11 10:11:03,053 [INFO] 训练集最小时间: 2025-06-03 09:00:00, 最大时间: 2025-08-30 00:30:00
2026-04-11 10:11:03,053 [INFO]   open: NaN比例=0.00%
2026-04-11 10:11:03,053 [INFO]   close: NaN比例=0.00%
2026-04-11 10:11:03,053 [INFO]   high: NaN比例=0.00%
2026-04-11 10:11:03,054 [INFO]   low: NaN比例=0.00%
2026-04-11 10:11:03,054 [INFO]   volume: NaN比例=0.00%
2026-04-11 10:11:03,054 [INFO] 
测试集数据质量检查:
2026-04-11 10:11:03,054 [INFO] y_test中NaN比例: 0.00%
2026-04-11 10:11:03,054 [INFO] y_test中有效值数量: 22401
2026-04-11 10:11:03,054 [INFO] 测试集最小时间: 2025-09-01 09:00:00, 最大时间: 2025-12-30 23:30:00
2026-04-11 10:11:03,054 [INFO]   open: NaN比例=0.00%
2026-04-11 10:11:03,054 [INFO]   close: NaN比例=0.00%
2026-04-11 10:11:03,054 [INFO]   high: NaN比例=0.00%
2026-04-11 10:11:03,055 [INFO]   low: NaN比例=0.00%
2026-04-11 10:11:03,055 [INFO]   volume: NaN比例=0.00%
2026-04-11 10:11:03,057 [INFO] 本次使用的随机数种子为: 2063605367
2026-04-11 10:11:03,057 [INFO] 训练前关键配置检查：
2026-04-11 10:11:03,057 [INFO]   SYMBOLS数量: 9
2026-04-11 10:11:03,057 [INFO]   训练集shape: (1983, 9)
2026-04-11 10:11:03,057 [INFO]   测试集shape: (2489, 9)
2026-04-11 10:11:03,057 [INFO]   IC_PERIOD: 1
2026-04-11 10:11:03,058 [INFO]   FITNESS_W_TRAIN: 0.4
2026-04-11 10:11:03,058 [INFO]   FITNESS_W_TEST: 0.6
