2026-04-09 12:23:26,371 [INFO] 当前使用的合约列表（共 9 个合约）：
2026-04-09 12:23:26,371 [INFO] ['ao888', 'ni888', 'pb888', 'sn888', 'ss888', 'zn888', 'al888', 'cu888', 'bc888']
2026-04-09 12:23:26,372 [INFO] 开始获取数据...
2026-04-09 12:23:26,372 [INFO] 数据获取完成！
2026-04-09 12:23:26,372 [INFO] 警告：qmf_data 不可用，ao888 无法获取数据
2026-04-09 12:23:26,373 [INFO] 警告：qmf_data 不可用，ao888 无法获取数据
2026-04-09 12:23:26,373 [INFO] 警告：qmf_data 不可用，ni888 无法获取数据
2026-04-09 12:23:26,374 [INFO] 警告：qmf_data 不可用，ni888 无法获取数据
2026-04-09 12:23:26,376 [INFO] 警告：qmf_data 不可用，pb888 无法获取数据
2026-04-09 12:23:26,377 [INFO] 警告：qmf_data 不可用，pb888 无法获取数据
2026-04-09 12:23:26,378 [INFO] 警告：qmf_data 不可用，sn888 无法获取数据
2026-04-09 12:23:26,378 [INFO] 警告：qmf_data 不可用，sn888 无法获取数据
2026-04-09 12:23:26,379 [INFO] 警告：qmf_data 不可用，ss888 无法获取数据
2026-04-09 12:23:26,379 [INFO] 警告：qmf_data 不可用，ss888 无法获取数据
2026-04-09 12:23:26,379 [INFO] 警告：qmf_data 不可用，zn888 无法获取数据
2026-04-09 12:23:26,379 [INFO] 警告：qmf_data 不可用，zn888 无法获取数据
2026-04-09 12:23:26,380 [INFO] 警告：qmf_data 不可用，al888 无法获取数据
2026-04-09 12:23:26,380 [INFO] 警告：qmf_data 不可用，al888 无法获取数据
2026-04-09 12:23:26,380 [INFO] 警告：qmf_data 不可用，cu888 无法获取数据
2026-04-09 12:23:26,382 [INFO] 警告：qmf_data 不可用，cu888 无法获取数据
2026-04-09 12:23:26,382 [INFO] 警告：qmf_data 不可用，bc888 无法获取数据
2026-04-09 12:23:26,383 [INFO] 警告：qmf_data 不可用，bc888 无法获取数据
2026-04-09 12:23:26,383 [INFO] 警告：qmf_data 不可用，将使用空数据集继续
2026-04-09 12:23:26,383 [INFO] 警告：qmf_data 不可用，将使用空数据集继续
2026-04-09 12:23:26,387 [INFO] 训练集数据预处理完成，共 0 条记录
2026-04-09 12:23:26,387 [INFO] 测试集数据预处理完成，共 0 条记录
2026-04-09 12:23:26,387 [INFO] 计算训练集目标变量...
2026-04-09 12:23:26,389 [INFO] 计算测试集目标变量...
2026-04-09 12:23:26,392 [INFO] 原始数据行数: 0
2026-04-09 12:23:26,392 [INFO] 
构造训练数据...
2026-04-09 12:23:26,396 [INFO] 特征 open 转换成功，形状: (0, 0)
2026-04-09 12:23:26,396 [INFO] 特征 close 转换成功，形状: (0, 0)
2026-04-09 12:23:26,398 [INFO] 特征 high 转换成功，形状: (0, 0)
2026-04-09 12:23:26,399 [INFO] 特征 low 转换成功，形状: (0, 0)
2026-04-09 12:23:26,399 [INFO] 特征 volume 转换成功，形状: (0, 0)
2026-04-09 12:23:26,399 [INFO] 特征 open_interest 转换成功，形状: (0, 0)
2026-04-09 12:23:26,400 [INFO] 特征 future_return 转换成功，形状: (0, 0)
2026-04-09 12:23:26,400 [INFO] 
构造测试数据...
2026-04-09 12:23:26,400 [INFO] 特征 open 转换成功，形状: (0, 0)
2026-04-09 12:23:26,402 [INFO] 特征 close 转换成功，形状: (0, 0)
2026-04-09 12:23:26,402 [INFO] 特征 high 转换成功，形状: (0, 0)
2026-04-09 12:23:26,403 [INFO] 特征 low 转换成功，形状: (0, 0)
2026-04-09 12:23:26,403 [INFO] 特征 volume 转换成功，形状: (0, 0)
2026-04-09 12:23:26,403 [INFO] 特征 open_interest 转换成功，形状: (0, 0)
2026-04-09 12:23:26,405 [INFO] 特征 future_return 转换成功，形状: (0, 0)
2026-04-09 12:23:26,405 [INFO] 
训练数据准备完成:
2026-04-09 12:23:26,405 [INFO] 时间点数量: 0
2026-04-09 12:23:26,405 [INFO] 合约数量: 0
2026-04-09 12:23:26,405 [INFO] 特征数量: 6
2026-04-09 12:23:26,405 [INFO] 特征列表: ['open', 'close', 'high', 'low', 'volume', 'open_interest']
2026-04-09 12:23:26,405 [INFO] 
测试数据准备完成:
2026-04-09 12:23:26,405 [INFO] 时间点数量: 0
2026-04-09 12:23:26,405 [INFO] 合约数量: 0
2026-04-09 12:23:26,405 [INFO] 特征数量: 6
2026-04-09 12:23:26,405 [INFO] 特征列表: ['open', 'close', 'high', 'low', 'volume', 'open_interest']
2026-04-09 12:23:26,405 [INFO] 
数据质量检查:
2026-04-09 12:23:26,405 [INFO] y中NaN比例: nan%
2026-04-09 12:23:26,405 [INFO] y中有效值数量: 0
2026-04-09 12:23:26,405 [INFO]   open: NaN比例=nan%
2026-04-09 12:23:26,405 [INFO]   close: NaN比例=nan%
2026-04-09 12:23:26,405 [INFO]   high: NaN比例=nan%
2026-04-09 12:23:26,405 [INFO]   low: NaN比例=nan%
2026-04-09 12:23:26,405 [INFO]   volume: NaN比例=nan%
2026-04-09 12:23:26,405 [INFO] 
测试集数据质量检查:
2026-04-09 12:23:26,405 [INFO] y_test中NaN比例: nan%
2026-04-09 12:23:26,405 [INFO] y_test中有效值数量: 0
2026-04-09 12:23:26,405 [INFO]   open: NaN比例=nan%
2026-04-09 12:23:26,405 [INFO]   close: NaN比例=nan%
2026-04-09 12:23:26,405 [INFO]   high: NaN比例=nan%
2026-04-09 12:23:26,405 [INFO]   low: NaN比例=nan%
2026-04-09 12:23:26,405 [INFO]   volume: NaN比例=nan%
2026-04-09 12:23:26,406 [INFO] 本次使用的随机数种子为: 3985825516
2026-04-09 12:23:26,406 [INFO] 训练前关键配置检查：
2026-04-09 12:23:26,406 [INFO]   SYMBOLS数量: 9
2026-04-09 12:23:26,406 [INFO]   训练集shape: (0, 0)
2026-04-09 12:23:26,406 [INFO]   测试集shape: (0, 0)
2026-04-09 12:23:26,406 [INFO]   IC_PERIOD: 1
2026-04-09 12:23:26,406 [INFO]   FITNESS_W_TRAIN: 0.4
2026-04-09 12:23:26,406 [INFO]   FITNESS_W_TEST: 0.6
2026-04-09 12:23:26,415 [INFO] 开始遗传规划因子挖掘...
2026-04-09 12:23:26,415 [INFO] ==============================================================================================================================================================================================================
2026-04-09 12:23:26,415 [INFO] |       种群信息       |               最优个体               |                 因子质量                 |
2026-04-09 12:23:26,416 [INFO] 
--------------------------------------------------------------------------------------------------------------------------------------------------------------------------------------------------------------
2026-04-09 12:23:26,416 [INFO] 轮次  代数    平均长度    平均适应度    最优长度    最优适应度      平均IC(训/测)       平均IR(训/测)       最优IC(训/测)       最优IR(训/测)   最优有效时点(训/测)   剩余时间  最优表达式
2026-04-09 12:23:26,416 [INFO] 
--------------------------------------------------------------------------------------------------------------------------------------------------------------------------------------------------------------
2026-04-09 12:23:26,416 [INFO]    1    1         5.2          -inf           2          -inf       nan/    nan       nan/    nan       nan/    nan       nan/    nan             0/   0         ?  ATR(54)
2026-04-09 12:23:26,428 [INFO]    1    2         5.0          -inf          16          -inf       nan/    nan       nan/    nan       nan/    nan       nan/    nan             0/   0     0.12s  LN(MAX(WR(70), CORR(TAN(INV(MACD_DEA(51, 83, 20))), KDJ_K(68, 17), CCI(103))))
2026-04-09 12:23:26,438 [INFO]    1    3         5.2          -inf          10          -inf       nan/    nan       nan/    nan       nan/    nan       nan/    nan             0/   0     0.12s  TS_ZSCORE(DIV(OBV(), BRAR_BR(22)), HHV(MUL(open_interest, TR()), 75.61772061936918))
2026-04-09 12:23:26,448 [INFO]    1    4         4.5          -inf          22          -inf       nan/    nan       nan/    nan       nan/    nan       nan/    nan             0/   0     0.11s  RANK(SUB(TR(), REF(FORCAST(LOWRANGE(high), 17), 71.69360313853326)), COS(MIN(TS_ZSCORE(HV(ATR(21), 13.948588536534576), DIFF(high, 16)), BOLL_LOWER(39.45396997076585, 4.901631925796582))))
2026-04-09 12:23:26,458 [INFO]    1    5         4.8          -inf           7          -inf       nan/    nan       nan/    nan       nan/    nan       nan/    nan             0/   0     0.10s  SCALE(KDJ_D(21.146682281245678, 23, 90), BIAS(71))
2026-04-09 12:23:26,469 [INFO]    1    6         5.3          -inf           3          -inf       nan/    nan       nan/    nan       nan/    nan       nan/    nan             0/   0     0.09s  BOLL_UPPER(46, 0.4883156572876105)
2026-04-09 12:23:26,481 [INFO] 检测到适应度停滞 (代数: 7)，当前最优适应度: -inf
2026-04-09 12:23:26,481 [INFO] 开始第 1 次自动重启...
2026-04-09 12:23:26,481 [INFO] 检测到适应度长期停滞，准备重新初始化种群...
2026-04-09 12:23:26,488 [INFO] 重启完成，继续主循环...
2026-04-09 12:23:26,489 [INFO] 
================================================================================================ 第 1 轮重启 ==================================================================================================
2026-04-09 12:23:26,489 [INFO] 开始遗传规划因子挖掘...
2026-04-09 12:23:26,489 [INFO] ==============================================================================================================================================================================================================
2026-04-09 12:23:26,489 [INFO] |       种群信息       |               最优个体               |                 因子质量                 |
2026-04-09 12:23:26,489 [INFO] 
--------------------------------------------------------------------------------------------------------------------------------------------------------------------------------------------------------------
2026-04-09 12:23:26,489 [INFO] 轮次  代数    平均长度    平均适应度    最优长度    最优适应度      平均IC(训/测)       平均IR(训/测)       最优IC(训/测)       最优IR(训/测)   最优有效时点(训/测)   剩余时间  最优表达式
2026-04-09 12:23:26,489 [INFO] 
--------------------------------------------------------------------------------------------------------------------------------------------------------------------------------------------------------------
2026-04-09 12:23:26,489 [INFO]    2    1         4.7          -inf           2          -inf       nan/    nan       nan/    nan       nan/    nan       nan/    nan             0/   0         ?  BRAR_BR(46)
2026-04-09 12:23:26,500 [INFO]    2    2         4.8          -inf           4          -inf       nan/    nan       nan/    nan       nan/    nan       nan/    nan             0/   0     0.59s  KDJ_J(10, 8, 101)
2026-04-09 12:23:26,513 [INFO]    2    3         5.0          -inf           9          -inf       nan/    nan       nan/    nan       nan/    nan       nan/    nan             0/   0     0.41s  TS_ZSCORE(BBI(79, 58, 114, 61), BOLL_LOWER(77.71086095411742, 48.77943596305791))
2026-04-09 12:23:26,525 [INFO]    2    4         4.8          -inf           3          -inf       nan/    nan       nan/    nan       nan/    nan       nan/    nan             0/   0     0.32s  BOLL_LOWER(118, 1.4722734610017865)
2026-04-09 12:23:26,537 [INFO]    2    5         4.8          -inf           3          -inf       nan/    nan       nan/    nan       nan/    nan       nan/    nan             0/   0     0.25s  BOLL_LOWER(26, 2.996820155608334)
2026-04-09 12:23:26,547 [INFO]    2    6         4.6          -inf           7          -inf       nan/    nan       nan/    nan       nan/    nan       nan/    nan             0/   0     0.21s  SIN(DMA(SAR(13, 23.79716770258052, 74), 0.45148461706842424))
2026-04-09 12:23:26,556 [INFO]    2    7         3.9          -inf           5          -inf       nan/    nan       nan/    nan       nan/    nan       nan/    nan             0/   0     0.17s  BBI(79, 97.22160195419872, 99, 57)
2026-04-09 12:23:26,569 [INFO] 检测到适应度停滞 (代数: 8)，当前最优适应度: -inf
2026-04-09 12:23:26,569 [INFO] 开始第 2 次自动重启...
2026-04-09 12:23:26,569 [INFO] 检测到适应度长期停滞，准备重新初始化种群...
2026-04-09 12:23:26,575 [INFO] 重启完成，继续主循环...
2026-04-09 12:23:26,576 [INFO] 
================================================================================================ 第 2 轮重启 ==================================================================================================
2026-04-09 12:23:26,576 [INFO] 开始遗传规划因子挖掘...
2026-04-09 12:23:26,576 [INFO] ==============================================================================================================================================================================================================
2026-04-09 12:23:26,576 [INFO] |       种群信息       |               最优个体               |                 因子质量                 |
2026-04-09 12:23:26,576 [INFO] 
--------------------------------------------------------------------------------------------------------------------------------------------------------------------------------------------------------------
2026-04-09 12:23:26,576 [INFO] 轮次  代数    平均长度    平均适应度    最优长度    最优适应度      平均IC(训/测)       平均IR(训/测)       最优IC(训/测)       最优IR(训/测)   最优有效时点(训/测)   剩余时间  最优表达式
2026-04-09 12:23:26,576 [INFO] 
--------------------------------------------------------------------------------------------------------------------------------------------------------------------------------------------------------------
2026-04-09 12:23:26,576 [INFO]    3    1         4.5          -inf          10          -inf       nan/    nan       nan/    nan       nan/    nan       nan/    nan             0/   0         ?  SLOPE(RANK(VR(76), BBI(102, 71, 92, 70)), 19)
2026-04-09 12:23:26,588 [INFO]    3    2         4.3          -inf          12          -inf       nan/    nan       nan/    nan       nan/    nan       nan/    nan             0/   0     1.16s  RANK(TS_ZSCORE(KDJ_K(89, 43), SQRT(BOLL_LOWER(39, 0.7980694675808973))), ADX(114, 50))
2026-04-09 12:23:26,598 [INFO]    3    3         4.0          -inf           4          -inf       nan/    nan       nan/    nan       nan/    nan       nan/    nan             0/   0     0.75s  DIFMA(79, 73, 118)
2026-04-09 12:23:26,609 [INFO]    3    4         3.8          -inf           4          -inf       nan/    nan       nan/    nan       nan/    nan       nan/    nan             0/   0     0.55s  MACD_DEA(95, 71, 57)
2026-04-09 12:23:26,621 [INFO]    3    5         4.2          -inf           4          -inf       nan/    nan       nan/    nan       nan/    nan       nan/    nan             0/   0     0.42s  TS_ZSCORE(ROC(61.99918204093281), 18)
2026-04-09 12:23:26,633 [INFO]    3    6         5.0          -inf           6          -inf       nan/    nan       nan/    nan       nan/    nan       nan/    nan             0/   0     0.34s  EMA(MACD_MACD(76, 68, 70), 1)
2026-04-09 12:23:26,642 [INFO]    3    7         4.7          -inf           2          -inf       nan/    nan       nan/    nan       nan/    nan       nan/    nan             0/   0     0.27s  ASI(27)
2026-04-09 12:23:26,653 [INFO] 检测到适应度停滞 (代数: 8)，当前最优适应度: -inf
2026-04-09 12:23:26,654 [INFO] 开始第 3 次自动重启...
2026-04-09 12:23:26,654 [INFO] 检测到适应度长期停滞，准备重新初始化种群...
2026-04-09 12:23:26,662 [INFO] 重启完成，继续主循环...
2026-04-09 12:23:26,663 [INFO] 
================================================================================================ 第 3 轮重启 ==================================================================================================
2026-04-09 12:23:26,663 [INFO] 开始遗传规划因子挖掘...
2026-04-09 12:23:26,663 [INFO] ==============================================================================================================================================================================================================
2026-04-09 12:23:26,663 [INFO] |       种群信息       |               最优个体               |                 因子质量                 |
2026-04-09 12:23:26,663 [INFO] 
--------------------------------------------------------------------------------------------------------------------------------------------------------------------------------------------------------------
2026-04-09 12:23:26,663 [INFO] 轮次  代数    平均长度    平均适应度    最优长度    最优适应度      平均IC(训/测)       平均IR(训/测)       最优IC(训/测)       最优IR(训/测)   最优有效时点(训/测)   剩余时间  最优表达式
2026-04-09 12:23:26,663 [INFO] 
--------------------------------------------------------------------------------------------------------------------------------------------------------------------------------------------------------------
2026-04-09 12:23:26,663 [INFO]    4    1         4.5          -inf           9          -inf       nan/    nan       nan/    nan       nan/    nan       nan/    nan             0/   0         ?  TS_ZSCORE(REF(MFI(101), 15), DIFMA(114, 115, 60))
2026-04-09 12:23:26,663 [INFO] --------------------------------------------------------------------------------------------------------------------------------------------------------------------------------------------------------------
2026-04-09 12:23:26,675 [INFO]    4    2         5.5          -inf          12          -inf       nan/    nan       nan/    nan       nan/    nan       nan/    nan             0/   0     1.72s  RANK_SUB(DIV(CR(103), KDJ_K(68, 72)), SIGMOID(BRAR_BR(67)), VR(97))
2026-04-09 12:23:26,675 [INFO] --------------------------------------------------------------------------------------------------------------------------------------------------------------------------------------------------------------
2026-04-09 12:23:26,688 [INFO]    4    3         5.7          -inf           2          -inf       nan/    nan       nan/    nan       nan/    nan       nan/    nan             0/   0     1.11s  VR(67)
2026-04-09 12:23:26,688 [INFO] --------------------------------------------------------------------------------------------------------------------------------------------------------------------------------------------------------------
2026-04-09 12:23:26,700 [INFO]    4    4         4.8          -inf           4          -inf       nan/    nan       nan/    nan       nan/    nan       nan/    nan             0/   0     0.80s  KDJ_D(48, 40, 100)
2026-04-09 12:23:26,700 [INFO] --------------------------------------------------------------------------------------------------------------------------------------------------------------------------------------------------------------
2026-04-09 12:23:26,712 [INFO]    4    5         5.2          -inf           7          -inf       nan/    nan       nan/    nan       nan/    nan       nan/    nan             0/   0     0.61s  TS_ZSCORE(EMV(106), MACD_DEA(76, 76.23551966208339, 111.79217564351208))
2026-04-09 12:23:26,712 [INFO] --------------------------------------------------------------------------------------------------------------------------------------------------------------------------------------------------------------
2026-04-09 12:23:26,722 [INFO]    4    6         4.6          -inf           2          -inf       nan/    nan       nan/    nan       nan/    nan       nan/    nan             0/   0     0.47s  CR(80)
2026-04-09 12:23:26,722 [INFO] --------------------------------------------------------------------------------------------------------------------------------------------------------------------------------------------------------------
2026-04-09 12:23:26,731 [INFO]    4    7         4.3          -inf           2          -inf       nan/    nan       nan/    nan       nan/    nan       nan/    nan             0/   0     0.37s  SIGNEDPOWER(TR())
2026-04-09 12:23:26,733 [INFO] --------------------------------------------------------------------------------------------------------------------------------------------------------------------------------------------------------------
2026-04-09 12:23:26,742 [INFO] 检测到适应度停滞 (代数: 8)，当前最优适应度: -inf
2026-04-09 12:23:26,742 [INFO] 已达到最大重启次数，停止重启
2026-04-09 12:23:26,742 [INFO] 进化完成，共发现 0 个候选因子，开始最终评估...
2026-04-09 12:23:26,742 [INFO] 最终筛选完成，选择了 0 个最优因子
2026-04-09 12:23:26,742 [INFO] 
最优因子表达式及其绩效:
2026-04-09 12:23:26,742 [INFO] ====================================================================================================
2026-04-09 12:23:26,742 [INFO] 遗传编程训练完成，耗时: 0.34 秒
