2026-04-12 15:26:58,031 [INFO] 当前使用的合约列表（共 9 个合约）：
2026-04-12 15:26:58,031 [INFO] ['ao888', 'ni888', 'pb888', 'sn888', 'ss888', 'zn888', 'al888', 'cu888', 'bc888']
2026-04-12 15:26:58,031 [INFO] 开始获取数据...
2026-04-12 15:26:58,032 [INFO] 数据获取完成！
2026-04-12 15:26:58,032 [INFO] [Mining][get_futures_data] symbol=ao888 symbol_cycle='1天' mapped_cycle='1D'
2026-04-12 15:26:58,038 [INFO] [Mining][get_futures_data] symbol=ao888 symbol_cycle='1天' mapped_cycle='1D'
2026-04-12 15:26:58,042 [INFO] [Mining][get_futures_data] symbol=ni888 symbol_cycle='1天' mapped_cycle='1D'
2026-04-12 15:26:58,047 [INFO] [Mining][get_futures_data] symbol=ni888 symbol_cycle='1天' mapped_cycle='1D'
2026-04-12 15:26:58,051 [INFO] [Mining][get_futures_data] symbol=pb888 symbol_cycle='1天' mapped_cycle='1D'
2026-04-12 15:26:58,054 [INFO] [Mining][get_futures_data] symbol=pb888 symbol_cycle='1天' mapped_cycle='1D'
2026-04-12 15:26:58,057 [INFO] [Mining][get_futures_data] symbol=sn888 symbol_cycle='1天' mapped_cycle='1D'
2026-04-12 15:26:58,060 [INFO] [Mining][get_futures_data] symbol=sn888 symbol_cycle='1天' mapped_cycle='1D'
2026-04-12 15:26:58,066 [INFO] [Mining][get_futures_data] symbol=ss888 symbol_cycle='1天' mapped_cycle='1D'
2026-04-12 15:26:58,071 [INFO] [Mining][get_futures_data] symbol=ss888 symbol_cycle='1天' mapped_cycle='1D'
2026-04-12 15:26:58,074 [INFO] [Mining][get_futures_data] symbol=zn888 symbol_cycle='1天' mapped_cycle='1D'
2026-04-12 15:26:58,079 [INFO] [Mining][get_futures_data] symbol=zn888 symbol_cycle='1天' mapped_cycle='1D'
2026-04-12 15:26:58,083 [INFO] [Mining][get_futures_data] symbol=al888 symbol_cycle='1天' mapped_cycle='1D'
2026-04-12 15:26:58,087 [INFO] [Mining][get_futures_data] symbol=al888 symbol_cycle='1天' mapped_cycle='1D'
2026-04-12 15:26:58,090 [INFO] [Mining][get_futures_data] symbol=cu888 symbol_cycle='1天' mapped_cycle='1D'
2026-04-12 15:26:58,094 [INFO] [Mining][get_futures_data] symbol=cu888 symbol_cycle='1天' mapped_cycle='1D'
2026-04-12 15:26:58,097 [INFO] [Mining][get_futures_data] symbol=bc888 symbol_cycle='1天' mapped_cycle='1D'
2026-04-12 15:26:58,101 [INFO] [Mining][get_futures_data] symbol=bc888 symbol_cycle='1天' mapped_cycle='1D'
2026-04-12 15:26:58,109 [INFO] 训练集数据预处理完成，共 576 条记录
2026-04-12 15:26:58,109 [INFO] 测试集数据预处理完成，共 738 条记录
2026-04-12 15:26:58,110 [INFO] 计算训练集目标变量...
2026-04-12 15:26:58,112 [INFO] 计算测试集目标变量...
2026-04-12 15:26:58,115 [INFO] 原始数据行数: 567
2026-04-12 15:26:58,117 [INFO] 
构造训练数据...
2026-04-12 15:26:58,119 [INFO] 特征 open 转换成功，形状: (63, 9)
2026-04-12 15:26:58,121 [INFO] 特征 close 转换成功，形状: (63, 9)
2026-04-12 15:26:58,122 [INFO] 特征 high 转换成功，形状: (63, 9)
2026-04-12 15:26:58,123 [INFO] 特征 low 转换成功，形状: (63, 9)
2026-04-12 15:26:58,124 [INFO] 特征 volume 转换成功，形状: (63, 9)
2026-04-12 15:26:58,125 [INFO] 特征 open_interest 转换成功，形状: (63, 9)
2026-04-12 15:26:58,127 [INFO] 特征 future_return 转换成功，形状: (63, 9)
2026-04-12 15:26:58,127 [INFO] 
构造测试数据...
2026-04-12 15:26:58,128 [INFO] 特征 open 转换成功，形状: (81, 9)
2026-04-12 15:26:58,129 [INFO] 特征 close 转换成功，形状: (81, 9)
2026-04-12 15:26:58,131 [INFO] 特征 high 转换成功，形状: (81, 9)
2026-04-12 15:26:58,133 [INFO] 特征 low 转换成功，形状: (81, 9)
2026-04-12 15:26:58,134 [INFO] 特征 volume 转换成功，形状: (81, 9)
2026-04-12 15:26:58,135 [INFO] 特征 open_interest 转换成功，形状: (81, 9)
2026-04-12 15:26:58,136 [INFO] 特征 future_return 转换成功，形状: (81, 9)
2026-04-12 15:26:58,136 [INFO] 
训练数据准备完成:
2026-04-12 15:26:58,136 [INFO] 时间点数量: 63
2026-04-12 15:26:58,136 [INFO] 合约数量: 9
2026-04-12 15:26:58,136 [INFO] 特征数量: 6
2026-04-12 15:26:58,137 [INFO] 特征列表: ['open', 'close', 'high', 'low', 'volume', 'open_interest']
2026-04-12 15:26:58,137 [INFO] 
测试数据准备完成:
2026-04-12 15:26:58,137 [INFO] 时间点数量: 81
2026-04-12 15:26:58,137 [INFO] 合约数量: 9
2026-04-12 15:26:58,137 [INFO] 特征数量: 6
2026-04-12 15:26:58,137 [INFO] 特征列表: ['open', 'close', 'high', 'low', 'volume', 'open_interest']
2026-04-12 15:26:58,137 [INFO] 
数据质量检查:
2026-04-12 15:26:58,137 [INFO] y中NaN比例: 0.00%
2026-04-12 15:26:58,137 [INFO] y中有效值数量: 567
2026-04-12 15:26:58,137 [INFO] 训练集最小时间: 2025-06-03 00:00:00, 最大时间: 2025-08-28 00:00:00
2026-04-12 15:26:58,137 [INFO]   open: NaN比例=0.00%
2026-04-12 15:26:58,137 [INFO]   close: NaN比例=0.00%
2026-04-12 15:26:58,137 [INFO]   high: NaN比例=0.00%
2026-04-12 15:26:58,138 [INFO]   low: NaN比例=0.00%
2026-04-12 15:26:58,138 [INFO]   volume: NaN比例=0.00%
2026-04-12 15:26:58,138 [INFO] 
测试集数据质量检查:
2026-04-12 15:26:58,138 [INFO] y_test中NaN比例: 0.00%
2026-04-12 15:26:58,138 [INFO] y_test中有效值数量: 729
2026-04-12 15:26:58,138 [INFO] 测试集最小时间: 2025-09-01 00:00:00, 最大时间: 2025-12-30 00:00:00
2026-04-12 15:26:58,138 [INFO]   open: NaN比例=0.00%
2026-04-12 15:26:58,138 [INFO]   close: NaN比例=0.00%
2026-04-12 15:26:58,138 [INFO]   high: NaN比例=0.00%
2026-04-12 15:26:58,138 [INFO]   low: NaN比例=0.00%
2026-04-12 15:26:58,138 [INFO]   volume: NaN比例=0.00%
2026-04-12 15:26:58,138 [INFO] 本次使用的随机数种子为: 3705513980
2026-04-12 15:26:58,139 [INFO] 训练前关键配置检查：
2026-04-12 15:26:58,139 [INFO]   SYMBOLS数量: 9
2026-04-12 15:26:58,139 [INFO]   训练集shape: (63, 9)
2026-04-12 15:26:58,139 [INFO]   测试集shape: (81, 9)
2026-04-12 15:26:58,139 [INFO]   IC_PERIOD: 1
2026-04-12 15:26:58,139 [INFO]   FITNESS_W_TRAIN: 0.4
2026-04-12 15:26:58,139 [INFO]   FITNESS_W_TEST: 0.6
2026-04-12 15:27:00,522 [INFO] 开始遗传规划因子挖掘...
2026-04-12 15:27:00,522 [INFO] ==============================================================================================================================================================================================================
2026-04-12 15:27:00,522 [INFO] |       种群信息       |               最优个体               |                 因子质量                 |
2026-04-12 15:27:00,522 [INFO] 
--------------------------------------------------------------------------------------------------------------------------------------------------------------------------------------------------------------
2026-04-12 15:27:00,523 [INFO] 轮次  代数    平均长度    平均适应度    最优长度    最优适应度      平均IC(训/测)       平均IR(训/测)       最优IC(训/测)       最优IR(训/测)   最优有效时点(训/测)   剩余时间  最优表达式
2026-04-12 15:27:00,523 [INFO] 
--------------------------------------------------------------------------------------------------------------------------------------------------------------------------------------------------------------
2026-04-12 15:27:00,523 [INFO]    1    1         4.7       -0.0450           5        0.1030   -0.0309/ 0.0208   -0.0838/ 0.0455    0.0756/ 0.0487    0.2173/ 0.1165            63/  81         ?  INV(KDJ_J(112, 117, 71))
2026-04-12 15:27:04,039 [INFO]    1    2         4.4       -0.0044           5        0.1030   -0.0086/ 0.0333   -0.0260/ 0.0748    0.0756/ 0.0487    0.2173/ 0.1165            63/  81    38.33s  INV(KDJ_J(112, 117, 71))
2026-04-12 15:27:07,072 [INFO]    1    3         3.8        0.0018           5        0.2075   -0.0054/ 0.0356   -0.0170/ 0.0798    0.1385/ 0.1083    0.3879/ 0.2496            46/  64    35.72s  TS_ZSCORE(HHVBARS(TR(), 6), 12)
2026-04-12 15:27:09,736 [INFO]    1    4         3.8        0.0265           5        0.2075    0.0096/ 0.0463    0.0218/ 0.1051    0.1385/ 0.1083    0.3879/ 0.2496            46/  64    31.89s  TS_ZSCORE(HHVBARS(TR(), 6), 12)
2026-04-12 15:27:12,466 [INFO]    1    5         4.3        0.0525           5        0.2075    0.0243/ 0.0541    0.0640/ 0.1241    0.1385/ 0.1083    0.3879/ 0.2496            46/  64    28.65s  TS_ZSCORE(HHVBARS(TR(), 6), 12)
2026-04-12 15:27:16,982 [INFO]    1    6         4.3        0.0381           9        0.2448    0.0198/ 0.0456    0.0500/ 0.1026    0.1338/ 0.1378    0.3356/ 0.3261            54/  72    28.26s  TS_ZSCORE(HHVBARS(TR(), 6), TS_ZSCORE(BOLL_UPPER(20.773675433395052, 0.0694746612422402), 12))
2026-04-12 15:27:21,033 [INFO]    1    7         4.6        0.0342           9        0.2448    0.0190/ 0.0436    0.0513/ 0.1011    0.1338/ 0.1378    0.3356/ 0.3261            54/  72    26.16s  TS_ZSCORE(HHVBARS(TR(), 6), TS_ZSCORE(BOLL_UPPER(20.773675433395052, 0.0694746612422402), 12))
2026-04-12 15:27:25,745 [INFO]    1    8         4.3        0.0458           9        0.2448    0.0274/ 0.0479    0.0727/ 0.1119    0.1338/ 0.1378    0.3356/ 0.3261            54/  72    24.15s  TS_ZSCORE(HHVBARS(TR(), 6), TS_ZSCORE(BOLL_UPPER(20.773675433395052, 0.0694746612422402), 12))
2026-04-12 15:27:30,498 [INFO]    1    9         4.8        0.0430           9        0.2448    0.0308/ 0.0431    0.0830/ 0.1027    0.1338/ 0.1378    0.3356/ 0.3261            54/  72    21.57s  TS_ZSCORE(HHVBARS(TR(), 6), TS_ZSCORE(BOLL_UPPER(20.773675433395052, 0.0694746612422402), 12))
2026-04-12 15:27:36,175 [INFO]    1   10         5.0        0.0363           9        0.2448    0.0166/ 0.0497    0.0391/ 0.1199    0.1338/ 0.1378    0.3356/ 0.3261            54/  72    19.02s  TS_ZSCORE(HHVBARS(TR(), 6), TS_ZSCORE(BOLL_UPPER(20.773675433395052, 0.0694746612422402), 12))
2026-04-12 15:27:42,428 [INFO]    1   11         5.6        0.0523           9        0.2448    0.0241/ 0.0582    0.0570/ 0.1362    0.1338/ 0.1378    0.3356/ 0.3261            54/  72    16.10s  TS_ZSCORE(HHVBARS(TR(), 6), TS_ZSCORE(BOLL_UPPER(15.527799388971406, 23.359216966807864), 44.821080813291864))
2026-04-12 15:27:48,399 [INFO] 检测到适应度停滞 (代数: 12)，当前最优适应度: 0.244830
2026-04-12 15:27:48,400 [INFO] 开始第 1 次自动重启...
2026-04-12 15:27:48,400 [INFO] 检测到适应度长期停滞，准备重新初始化种群...
2026-04-12 15:27:52,051 [INFO] 重启完成，继续主循环...
2026-04-12 15:27:52,052 [INFO] 
================================================================================================ 第 1 轮重启 ==================================================================================================
2026-04-12 15:27:52,052 [INFO] 开始遗传规划因子挖掘...
2026-04-12 15:27:52,052 [INFO] ==============================================================================================================================================================================================================
2026-04-12 15:27:52,053 [INFO] |       种群信息       |               最优个体               |                 因子质量                 |
2026-04-12 15:27:52,053 [INFO] 
--------------------------------------------------------------------------------------------------------------------------------------------------------------------------------------------------------------
2026-04-12 15:27:52,053 [INFO] 轮次  代数    平均长度    平均适应度    最优长度    最优适应度      平均IC(训/测)       平均IR(训/测)       最优IC(训/测)       最优IR(训/测)   最优有效时点(训/测)   剩余时间  最优表达式
2026-04-12 15:27:52,053 [INFO] 
--------------------------------------------------------------------------------------------------------------------------------------------------------------------------------------------------------------
2026-04-12 15:27:52,053 [INFO]    2    1         6.1        0.0782           3        0.0762   -0.0359/ 0.0210   -0.1026/ 0.0442    0.0123/ 0.0929    0.0275/ 0.2137            48/  66         ?  BOLL_LOWER(16, 2.8726161980908924)
2026-04-12 15:27:57,484 [INFO]    2    2         3.8       -0.0285           4        0.0856   -0.0229/ 0.0291   -0.0675/ 0.0637    0.0314/ 0.0740    0.0717/ 0.1703            62/  80     6.43m  ADD(close, TRIX(86.68368988059747))
2026-04-12 15:28:01,859 [INFO]    2    3         3.5       -0.0134           4        0.1019   -0.0170/ 0.0351   -0.0520/ 0.0773    0.0476/ 0.0740    0.1076/ 0.1685            39/  57     4.25m  SAR(25, 46.19120449248937, 2)
2026-04-12 15:28:06,342 [INFO]    2    4         3.7        0.0096           4        0.1019    0.0023/ 0.0394   -0.0005/ 0.0847    0.0476/ 0.0740    0.1076/ 0.1685            39/  57     3.13m  SAR(25, 46.19120449248937, 2)
2026-04-12 15:28:10,888 [INFO]    2    5         3.8        0.0237           4        0.1019    0.0008/ 0.0502   -0.0035/ 0.1122    0.0476/ 0.0740    0.1076/ 0.1685            39/  57     2.42m  SAR(25, 46.19120449248937, 82)
2026-04-12 15:28:15,553 [INFO]    2    6         4.4        0.0356          12        0.1083    0.0121/ 0.0558    0.0229/ 0.1268    0.0495/ 0.0600    0.1433/ 0.1495            43/  67     1.94m  DIV(RANK(KDJ_J(84, 29, 54), MACD_DEA(26, 89, 78)), CR(14))
2026-04-12 15:28:18,843 [INFO]    2    7         4.4        0.0478          12        0.1083    0.0134/ 0.0564    0.0260/ 0.1275    0.0495/ 0.0600    0.1433/ 0.1495            43/  67     1.54m  DIV(RANK(KDJ_J(84, 29, 54), MACD_DEA(26, 89, 78)), CR(14))
2026-04-12 15:28:23,081 [INFO]    2    8         4.8        0.0451          12        0.1083    0.0142/ 0.0555    0.0292/ 0.1249    0.0495/ 0.0600    0.1433/ 0.1495            43/  67     1.24m  DIV(RANK(KDJ_J(84, 29, 54), MACD_DEA(26, 89, 78)), CR(14))
2026-04-12 15:28:25,979 [INFO]    2    9         4.8        0.0623          12        0.1083    0.0237/ 0.0627    0.0546/ 0.1428    0.0495/ 0.0600    0.1433/ 0.1495            43/  67    58.56s  DIV(RANK(KDJ_J(84, 29, 54), MACD_DEA(26, 89, 78)), CR(14))
2026-04-12 15:28:29,187 [INFO]    2   10         5.7        0.0339          12        0.1083    0.0081/ 0.0537    0.0159/ 0.1241    0.0495/ 0.0600    0.1433/ 0.1495            43/  67    45.52s  DIV(RANK(KDJ_J(84, 29, 54), MACD_DEA(26, 89, 78)), CR(14))
2026-04-12 15:28:33,990 [INFO]    2   11         6.8        0.0473          12        0.1361    0.0127/ 0.0570    0.0303/ 0.1347    0.0962/ 0.0606    0.2738/ 0.1617            56/  74    34.85s  DIV(RANK(MACD_DEA(99.51518142720447, 62.7684355858249, 112.95620276085465), MACD_DEA(7.053088599079853, 89, 23.49803630110153)), MTM(7.264196061285729))
2026-04-12 15:28:38,294 [INFO]    2   12         7.2        0.0405          12        0.1361    0.0164/ 0.0468    0.0400/ 0.1117    0.0962/ 0.0606    0.2738/ 0.1617            56/  74    25.04s  DIV(RANK(MACD_DEA(99.51518142720447, 62.7684355858249, 112.95620276085465), MACD_DEA(7.053088599079853, 89, 23.49803630110153)), MTM(7.264196061285729))
2026-04-12 15:28:42,985 [INFO]    2   13         7.5        0.0374           5        0.1481    0.0113/ 0.0458    0.0259/ 0.1086    0.1165/ 0.0722    0.3089/ 0.1677            45/  63    16.13s  DIV(CR(18), MTM(7.264196061285729))
2026-04-12 15:28:47,325 [INFO]    2   14         7.2        0.0499          12        0.1731    0.0249/ 0.0488    0.0663/ 0.1180    0.0962/ 0.0976    0.2738/ 0.2160            56/  74     7.80s  DIV(RANK(MACD_DEA(99.51518142720447, 86, 112.95620276085465), MACD_DEA(7.053088599079853, 89, 23.49803630110153)), MTM(7.264196061285729))
2026-04-12 15:28:51,371 [INFO]    2   15         7.4        0.0566          12        0.1731    0.0223/ 0.0535    0.0628/ 0.1316    0.0962/ 0.0976    0.2738/ 0.2160            56/  74     0.00s  DIV(RANK(MACD_DEA(99.51518142720447, 86, 112.95620276085465), MACD_DEA(7.053088599079853, 89, 23.49803630110153)), MTM(7.264196061285729))
2026-04-12 15:28:51,371 [INFO] --------------------------------------------------------------------------------------------------------------------------------------------------------------------------------------------------------------
2026-04-12 15:28:51,388 [INFO] 进化完成，共发现 2 个候选因子，开始最终评估...
2026-04-12 15:28:51,608 [INFO] 最终筛选完成，选择了 2 个最优因子
2026-04-12 15:28:51,609 [INFO] 
最优因子表达式及其绩效:
2026-04-12 15:28:51,609 [INFO] ====================================================================================================
2026-04-12 15:28:51,609 [INFO] 遗传编程训练完成，耗时: 113.47 秒
2026-04-12 15:28:51,743 [INFO] 因子 1:
2026-04-12 15:28:51,743 [INFO]   表达式: TS_ZSCORE(HHVBARS(TR(), 6), TS_ZSCORE(BOLL_UPPER(20.773675433395052, 0.0694746612422402), 12))
2026-04-12 15:28:51,743 [INFO]   适应度: 0.244830 | 训练IC: 0.133800 | 训练IR: 0.335558 | 测试IC: 0.137780 | 测试IR: 0.326124
2026-04-12 15:28:51,743 [INFO]   复杂度: 深度=4, 节点数=9, 有效时间点=54/63
2026-04-12 15:28:51,743 [INFO]   因子树形结构:
2026-04-12 15:28:51,743 [INFO]   TS_ZSCORE
2026-04-12 15:28:51,744 [INFO]   ├─ HHVBARS
2026-04-12 15:28:51,744 [INFO]   │  ├─ TR
2026-04-12 15:28:51,744 [INFO]   │  └─ 6
2026-04-12 15:28:51,744 [INFO]   └─ TS_ZSCORE
2026-04-12 15:28:51,744 [INFO]      ├─ BOLL_UPPER
2026-04-12 15:28:51,744 [INFO]      │  ├─ 20.773675433395052
2026-04-12 15:28:51,744 [INFO]      │  └─ 0.0694746612422402
2026-04-12 15:28:51,744 [INFO]      └─ 12
2026-04-12 15:28:51,744 [INFO] ----------------------------------------------------------------------------------------------------
2026-04-12 15:28:51,821 [INFO] 因子 2:
2026-04-12 15:28:51,821 [INFO]   表达式: TS_ZSCORE(HHVBARS(TR(), 6), TS_ZSCORE(BOLL_UPPER(20.773675433395052, 0.0694746612422402), 12))
2026-04-12 15:28:51,821 [INFO]   适应度: 0.244830 | 训练IC: 0.133800 | 训练IR: 0.335558 | 测试IC: 0.137780 | 测试IR: 0.326124
2026-04-12 15:28:51,821 [INFO]   复杂度: 深度=4, 节点数=9, 有效时间点=54/63
2026-04-12 15:28:51,821 [INFO]   因子树形结构:
2026-04-12 15:28:51,821 [INFO]   TS_ZSCORE
2026-04-12 15:28:51,822 [INFO]   ├─ HHVBARS
2026-04-12 15:28:51,822 [INFO]   │  ├─ TR
2026-04-12 15:28:51,822 [INFO]   │  └─ 6
2026-04-12 15:28:51,822 [INFO]   └─ TS_ZSCORE
2026-04-12 15:28:51,822 [INFO]      ├─ BOLL_UPPER
2026-04-12 15:28:51,822 [INFO]      │  ├─ 20.773675433395052
2026-04-12 15:28:51,822 [INFO]      │  └─ 0.0694746612422402
2026-04-12 15:28:51,822 [INFO]      └─ 12
2026-04-12 15:28:51,822 [INFO] ----------------------------------------------------------------------------------------------------
2026-04-12 15:28:51,822 [INFO] [Mining][get_futures_data] symbol=wr888 symbol_cycle='15分钟' mapped_cycle='15min'
2026-04-12 15:28:51,834 [INFO] [Mining][get_futures_data] symbol=AP888 symbol_cycle='15分钟' mapped_cycle='15min'
2026-04-12 15:28:51,844 [INFO] [Mining][get_futures_data] symbol=CJ888 symbol_cycle='15分钟' mapped_cycle='15min'
2026-04-12 15:28:51,854 [INFO] [Mining][get_futures_data] symbol=PK888 symbol_cycle='15分钟' mapped_cycle='15min'
2026-04-12 15:28:51,864 [INFO] [Mining][get_futures_data] symbol=RS888 symbol_cycle='15分钟' mapped_cycle='15min'
2026-04-12 15:28:51,884 [INFO] [Mining][get_futures_data] symbol=UR888 symbol_cycle='15分钟' mapped_cycle='15min'
