2026-04-12 12:29:29,788 [INFO] 当前使用的合约列表（共 9 个合约）：
2026-04-12 12:29:29,789 [INFO] ['ao888', 'ni888', 'pb888', 'sn888', 'ss888', 'zn888', 'al888', 'cu888', 'bc888']
2026-04-12 12:29:29,789 [INFO] 开始获取数据...
2026-04-12 12:29:29,789 [INFO] 数据获取完成！
2026-04-12 12:29:29,873 [INFO] 训练集数据预处理完成，共 576 条记录
2026-04-12 12:29:29,873 [INFO] 测试集数据预处理完成，共 738 条记录
2026-04-12 12:29:29,874 [INFO] 计算训练集目标变量...
2026-04-12 12:29:29,875 [INFO] 计算测试集目标变量...
2026-04-12 12:29:29,892 [INFO] 原始数据行数: 567
2026-04-12 12:29:29,893 [INFO] 
构造训练数据...
2026-04-12 12:29:29,896 [INFO] 特征 open 转换成功，形状: (63, 9)
2026-04-12 12:29:29,898 [INFO] 特征 close 转换成功，形状: (63, 9)
2026-04-12 12:29:29,900 [INFO] 特征 high 转换成功，形状: (63, 9)
2026-04-12 12:29:29,901 [INFO] 特征 low 转换成功，形状: (63, 9)
2026-04-12 12:29:29,903 [INFO] 特征 volume 转换成功，形状: (63, 9)
2026-04-12 12:29:29,904 [INFO] 特征 open_interest 转换成功，形状: (63, 9)
2026-04-12 12:29:29,907 [INFO] 特征 future_return 转换成功，形状: (63, 9)
2026-04-12 12:29:29,907 [INFO] 
构造测试数据...
2026-04-12 12:29:29,908 [INFO] 特征 open 转换成功，形状: (81, 9)
2026-04-12 12:29:29,910 [INFO] 特征 close 转换成功，形状: (81, 9)
2026-04-12 12:29:29,911 [INFO] 特征 high 转换成功，形状: (81, 9)
2026-04-12 12:29:29,913 [INFO] 特征 low 转换成功，形状: (81, 9)
2026-04-12 12:29:29,914 [INFO] 特征 volume 转换成功，形状: (81, 9)
2026-04-12 12:29:29,916 [INFO] 特征 open_interest 转换成功，形状: (81, 9)
2026-04-12 12:29:29,917 [INFO] 特征 future_return 转换成功，形状: (81, 9)
2026-04-12 12:29:29,917 [INFO] 
训练数据准备完成:
2026-04-12 12:29:29,917 [INFO] 时间点数量: 63
2026-04-12 12:29:29,919 [INFO] 合约数量: 9
2026-04-12 12:29:29,919 [INFO] 特征数量: 6
2026-04-12 12:29:29,919 [INFO] 特征列表: ['open', 'close', 'high', 'low', 'volume', 'open_interest']
2026-04-12 12:29:29,919 [INFO] 
测试数据准备完成:
2026-04-12 12:29:29,919 [INFO] 时间点数量: 81
2026-04-12 12:29:29,919 [INFO] 合约数量: 9
2026-04-12 12:29:29,919 [INFO] 特征数量: 6
2026-04-12 12:29:29,919 [INFO] 特征列表: ['open', 'close', 'high', 'low', 'volume', 'open_interest']
2026-04-12 12:29:29,920 [INFO] 
数据质量检查:
2026-04-12 12:29:29,920 [INFO] y中NaN比例: 0.00%
2026-04-12 12:29:29,920 [INFO] y中有效值数量: 567
2026-04-12 12:29:29,920 [INFO] 训练集最小时间: 2025-06-03 00:00:00, 最大时间: 2025-08-28 00:00:00
2026-04-12 12:29:29,920 [INFO]   open: NaN比例=0.00%
2026-04-12 12:29:29,920 [INFO]   close: NaN比例=0.00%
2026-04-12 12:29:29,921 [INFO]   high: NaN比例=0.00%
2026-04-12 12:29:29,921 [INFO]   low: NaN比例=0.00%
2026-04-12 12:29:29,921 [INFO]   volume: NaN比例=0.00%
2026-04-12 12:29:29,921 [INFO] 
测试集数据质量检查:
2026-04-12 12:29:29,921 [INFO] y_test中NaN比例: 0.00%
2026-04-12 12:29:29,921 [INFO] y_test中有效值数量: 729
2026-04-12 12:29:29,921 [INFO] 测试集最小时间: 2025-09-01 00:00:00, 最大时间: 2025-12-30 00:00:00
2026-04-12 12:29:29,921 [INFO]   open: NaN比例=0.00%
2026-04-12 12:29:29,922 [INFO]   close: NaN比例=0.00%
2026-04-12 12:29:29,922 [INFO]   high: NaN比例=0.00%
2026-04-12 12:29:29,922 [INFO]   low: NaN比例=0.00%
2026-04-12 12:29:29,922 [INFO]   volume: NaN比例=0.00%
2026-04-12 12:29:29,922 [INFO] 本次使用的随机数种子为: 1500712012
2026-04-12 12:29:29,922 [INFO] 训练前关键配置检查：
2026-04-12 12:29:29,922 [INFO]   SYMBOLS数量: 9
2026-04-12 12:29:29,923 [INFO]   训练集shape: (63, 9)
2026-04-12 12:29:29,923 [INFO]   测试集shape: (81, 9)
2026-04-12 12:29:29,923 [INFO]   IC_PERIOD: 1
2026-04-12 12:29:29,923 [INFO]   FITNESS_W_TRAIN: 0.4
2026-04-12 12:29:29,923 [INFO]   FITNESS_W_TEST: 0.6
2026-04-12 12:29:33,530 [INFO] 开始遗传规划因子挖掘...
2026-04-12 12:29:33,530 [INFO] ==============================================================================================================================================================================================================
2026-04-12 12:29:33,532 [INFO] |       种群信息       |               最优个体               |                 因子质量                 |
2026-04-12 12:29:33,532 [INFO] 
--------------------------------------------------------------------------------------------------------------------------------------------------------------------------------------------------------------
2026-04-12 12:29:33,532 [INFO] 轮次  代数    平均长度    平均适应度    最优长度    最优适应度      平均IC(训/测)       平均IR(训/测)       最优IC(训/测)       最优IR(训/测)   最优有效时点(训/测)   剩余时间  最优表达式
2026-04-12 12:29:33,532 [INFO] 
--------------------------------------------------------------------------------------------------------------------------------------------------------------------------------------------------------------
2026-04-12 12:29:33,532 [INFO]    1    1         4.8       -0.0385           6        0.1293   -0.0351/ 0.0275   -0.1022/ 0.0583    0.0714/ 0.0658    0.1939/ 0.1672            46/  64         ?  DIFF(KDJ_J(10, 75, 65), 17)
2026-04-12 12:29:37,246 [INFO]    1    2         4.0       -0.0090           6        0.1293   -0.0188/ 0.0379   -0.0582/ 0.0845    0.0714/ 0.0658    0.1939/ 0.1672            46/  64    47.58s  DIFF(KDJ_J(10, 75, 65), 17)
2026-04-12 12:29:39,972 [INFO]    1    3         4.5        0.0080           6        0.1293   -0.0028/ 0.0391   -0.0141/ 0.0859    0.0714/ 0.0658    0.1939/ 0.1672            46/  64    40.19s  DIFF(KDJ_J(10, 75, 96), 17)
2026-04-12 12:29:42,298 [INFO]    1    4         4.2        0.0104           6        0.1293   -0.0022/ 0.0382   -0.0109/ 0.0854    0.0714/ 0.0658    0.1939/ 0.1672            46/  64    34.03s  DIFF(KDJ_J(10, 75, 96), 17)
2026-04-12 12:29:44,918 [INFO]    1    5         5.3        0.0337           6        0.1293    0.0043/ 0.0548    0.0056/ 0.1227    0.0714/ 0.0658    0.1939/ 0.1672            46/  64    29.99s  DIFF(KDJ_J(10, 78, 96), 17)
2026-04-12 12:29:46,925 [INFO]    1    6         4.7        0.0351           6        0.1297    0.0033/ 0.0556    0.0045/ 0.1271    0.0518/ 0.0912    0.1381/ 0.2258            46/  64    25.50s  DIFF(KDJ_J(6, 75, 96), 17)
2026-04-12 12:29:49,635 [INFO] 检测到适应度停滞 (代数: 7)，当前最优适应度: 0.129703
2026-04-12 12:29:49,635 [INFO] 开始第 1 次自动重启...
2026-04-12 12:29:49,635 [INFO] 检测到适应度长期停滞，准备重新初始化种群...
2026-04-12 12:29:52,566 [INFO] 重启完成，继续主循环...
2026-04-12 12:29:52,567 [INFO] 
================================================================================================ 第 1 轮重启 ==================================================================================================
2026-04-12 12:29:52,567 [INFO] 开始遗传规划因子挖掘...
2026-04-12 12:29:52,567 [INFO] ==============================================================================================================================================================================================================
2026-04-12 12:29:52,567 [INFO] |       种群信息       |               最优个体               |                 因子质量                 |
2026-04-12 12:29:52,567 [INFO] 
--------------------------------------------------------------------------------------------------------------------------------------------------------------------------------------------------------------
2026-04-12 12:29:52,567 [INFO] 轮次  代数    平均长度    平均适应度    最优长度    最优适应度      平均IC(训/测)       平均IR(训/测)       最优IC(训/测)       最优IR(训/测)   最优有效时点(训/测)   剩余时间  最优表达式
2026-04-12 12:29:52,567 [INFO] 
--------------------------------------------------------------------------------------------------------------------------------------------------------------------------------------------------------------
2026-04-12 12:29:52,567 [INFO]    2    1         5.1        0.0339           4        0.0923   -0.0360/ 0.0197   -0.1047/ 0.0417    0.0215/ 0.0993    0.0483/ 0.2283            49/  67         ?  SAR(15, 60.293424862438, 50)
2026-04-12 12:29:56,011 [INFO]    2    2         4.6       -0.0241           4        0.0923   -0.0319/ 0.0390   -0.0910/ 0.0876    0.0215/ 0.0993    0.0483/ 0.2283            49/  67     2.83m  SAR(15, 60.293424862438, 50)
2026-04-12 12:30:01,513 [INFO]    2    3         4.9       -0.0025           4        0.0923   -0.0228/ 0.0554   -0.0635/ 0.1229    0.0215/ 0.0993    0.0483/ 0.2283            49/  67     2.11m  SAR(15, 60.293424862438, 50)
2026-04-12 12:30:06,231 [INFO]    2    4         4.1        0.0003           4        0.1086   -0.0206/ 0.0551   -0.0589/ 0.1223    0.0510/ 0.0795    0.1141/ 0.1802            38/  56     1.66m  SAR(26, 60.293424862438, 50)
2026-04-12 12:30:10,796 [INFO]    2    5         4.5        0.0237           4        0.1086   -0.0176/ 0.0734   -0.0513/ 0.1669    0.0510/ 0.0795    0.1141/ 0.1802            38/  56     1.36m  SAR(26, 60.293424862438, 50)
2026-04-12 12:30:15,164 [INFO]    2    6         4.4        0.0240           4        0.1086   -0.0009/ 0.0575   -0.0098/ 0.1313    0.0510/ 0.0795    0.1141/ 0.1802            38/  56     1.13m  SAR(26, 77.28298401059254, 32)
2026-04-12 12:30:19,044 [INFO]    2    7         4.4        0.0441           4        0.1086    0.0069/ 0.0670    0.0077/ 0.1521    0.0510/ 0.0795    0.1141/ 0.1802            38/  56    56.14s  SAR(26, 60.293424862438, 30)
2026-04-12 12:30:21,892 [INFO]    2    8         4.4        0.0505           4        0.1086    0.0084/ 0.0689    0.0090/ 0.1559    0.0510/ 0.0795    0.1141/ 0.1802            38/  56    45.47s  SAR(26, 60.293424862438, 50)
2026-04-12 12:30:25,022 [INFO]    2    9         4.3        0.0582           5        0.1163    0.0148/ 0.0679    0.0265/ 0.1549    0.0630/ 0.0712    0.1427/ 0.1628            39/  57    36.73s  HHV(BOLL_LOWER(25, 65.87875651755749), 2)
2026-04-12 12:30:26,811 [INFO]    2   10         4.5        0.0661           5        0.1163    0.0262/ 0.0654    0.0535/ 0.1490    0.0630/ 0.0712    0.1427/ 0.1628            39/  57    28.44s  HHV(BOLL_LOWER(25, 65.87875651755749), 2)
2026-04-12 12:30:28,325 [INFO]    2   11         4.1        0.0733           5        0.1163    0.0300/ 0.0675    0.0631/ 0.1514    0.0630/ 0.0712    0.1427/ 0.1628            39/  57    21.24s  HHV(BOLL_LOWER(25, 65.87875651755749), 2)
2026-04-12 12:30:31,461 [INFO]    2   12         4.2        0.0584           5        0.1163    0.0229/ 0.0598    0.0443/ 0.1343    0.0630/ 0.0712    0.1427/ 0.1628            39/  57    15.38s  HHV(BOLL_LOWER(25, 65.87875651755749), 2)
2026-04-12 12:30:34,148 [INFO]    2   13         4.1        0.0405           5        0.1163    0.0188/ 0.0493    0.0356/ 0.1096    0.0630/ 0.0712    0.1427/ 0.1628            39/  57     9.88s  HHV(BOLL_LOWER(25, 65.87875651755749), 2)
2026-04-12 12:30:37,551 [INFO]    2   14         4.1        0.0612           8        0.1243    0.0251/ 0.0610    0.0506/ 0.1375    0.0527/ 0.1008    0.1221/ 0.2191            39/  57     4.83s  HHV(BOLL_LOWER(25, 65.87875651755749), SAR(26, 59.72718454019361, 97.37053223258957))
2026-04-12 12:30:41,245 [INFO]    2   15         4.3        0.0581           9        0.1340    0.0218/ 0.0606    0.0417/ 0.1366    0.0630/ 0.1008    0.1427/ 0.2191            39/  57     0.00s  HHV(BOLL_LOWER(25, 65.87875651755749), DMA(DPO(40.421770133689776, 31.153056748623367), 55.76041646262867))
2026-04-12 12:30:41,245 [INFO] --------------------------------------------------------------------------------------------------------------------------------------------------------------------------------------------------------------
2026-04-12 12:30:41,253 [INFO] 进化完成，共发现 2 个候选因子，开始最终评估...
2026-04-12 12:30:41,310 [INFO] 最终筛选完成，选择了 2 个最优因子
2026-04-12 12:30:41,310 [INFO] 
最优因子表达式及其绩效:
2026-04-12 12:30:41,310 [INFO] ====================================================================================================
2026-04-12 12:30:41,310 [INFO] 遗传编程训练完成，耗时: 71.39 秒
2026-04-12 12:30:41,345 [INFO] 因子 1:
2026-04-12 12:30:41,345 [INFO]   表达式: DIFF(KDJ_J(6, 75, 96), 17)
2026-04-12 12:30:41,345 [INFO]   适应度: 0.129703 | 训练IC: 0.051793 | 训练IR: 0.138083 | 测试IC: 0.091173 | 测试IR: 0.225795
2026-04-12 12:30:41,346 [INFO]   复杂度: 深度=3, 节点数=6, 有效时间点=46/63
2026-04-12 12:30:41,346 [INFO]   因子树形结构:
2026-04-12 12:30:41,346 [INFO]   DIFF
2026-04-12 12:30:41,346 [INFO]   ├─ KDJ_J
2026-04-12 12:30:41,346 [INFO]   │  ├─ 6
2026-04-12 12:30:41,346 [INFO]   │  ├─ 75
2026-04-12 12:30:41,346 [INFO]   │  └─ 96
2026-04-12 12:30:41,346 [INFO]   └─ 17
2026-04-12 12:30:41,346 [INFO] ----------------------------------------------------------------------------------------------------
2026-04-12 12:30:41,371 [INFO] 因子 2:
2026-04-12 12:30:41,372 [INFO]   表达式: HHV(BOLL_LOWER(25, 65.87875651755749), DMA(DPO(40.421770133689776, 31.153056748623367), 55.76041646262867))
2026-04-12 12:30:41,372 [INFO]   适应度: 0.134044 | 训练IC: 0.062983 | 训练IR: 0.142718 | 测试IC: 0.100795 | 测试IR: 0.219144
2026-04-12 12:30:41,372 [INFO]   复杂度: 深度=4, 节点数=9, 有效时间点=39/63
2026-04-12 12:30:41,372 [INFO]   因子树形结构:
2026-04-12 12:30:41,372 [INFO]   HHV
2026-04-12 12:30:41,372 [INFO]   ├─ BOLL_LOWER
2026-04-12 12:30:41,372 [INFO]   │  ├─ 25
2026-04-12 12:30:41,372 [INFO]   │  └─ 65.87875651755749
2026-04-12 12:30:41,372 [INFO]   └─ DMA
2026-04-12 12:30:41,372 [INFO]      ├─ DPO
2026-04-12 12:30:41,372 [INFO]      │  ├─ 40.421770133689776
2026-04-12 12:30:41,372 [INFO]      │  └─ 31.153056748623367
2026-04-12 12:30:41,372 [INFO]      └─ 55.76041646262867
2026-04-12 12:30:41,373 [INFO] ----------------------------------------------------------------------------------------------------
