2026-04-11 23:56:27,985 [INFO] 当前使用的合约列表（共 9 个合约）：
2026-04-11 23:56:27,986 [INFO] ['ao888', 'ni888', 'pb888', 'sn888', 'ss888', 'zn888', 'al888', 'cu888', 'bc888']
2026-04-11 23:56:27,986 [INFO] 开始获取数据...
2026-04-11 23:56:27,986 [INFO] 数据获取完成！
2026-04-11 23:56:28,565 [INFO] 训练集数据预处理完成，共 17865 条记录
2026-04-11 23:56:28,565 [INFO] 测试集数据预处理完成，共 22419 条记录
2026-04-11 23:56:28,565 [INFO] 计算训练集目标变量...
2026-04-11 23:56:28,571 [INFO] 计算测试集目标变量...
2026-04-11 23:56:28,586 [INFO] 原始数据行数: 17847
2026-04-11 23:56:28,590 [INFO] 
构造训练数据...
2026-04-11 23:56:28,597 [INFO] 特征 open 转换成功，形状: (1983, 9)
2026-04-11 23:56:28,599 [INFO] 特征 close 转换成功，形状: (1983, 9)
2026-04-11 23:56:28,604 [INFO] 特征 high 转换成功，形状: (1983, 9)
2026-04-11 23:56:28,609 [INFO] 特征 low 转换成功，形状: (1983, 9)
2026-04-11 23:56:28,614 [INFO] 特征 volume 转换成功，形状: (1983, 9)
2026-04-11 23:56:28,617 [INFO] 特征 open_interest 转换成功，形状: (1983, 9)
2026-04-11 23:56:28,621 [INFO] 特征 future_return 转换成功，形状: (1983, 9)
2026-04-11 23:56:28,622 [INFO] 
构造测试数据...
2026-04-11 23:56:28,629 [INFO] 特征 open 转换成功，形状: (2489, 9)
2026-04-11 23:56:28,634 [INFO] 特征 close 转换成功，形状: (2489, 9)
2026-04-11 23:56:28,639 [INFO] 特征 high 转换成功，形状: (2489, 9)
2026-04-11 23:56:28,643 [INFO] 特征 low 转换成功，形状: (2489, 9)
2026-04-11 23:56:28,647 [INFO] 特征 volume 转换成功，形状: (2489, 9)
2026-04-11 23:56:28,651 [INFO] 特征 open_interest 转换成功，形状: (2489, 9)
2026-04-11 23:56:28,656 [INFO] 特征 future_return 转换成功，形状: (2489, 9)
2026-04-11 23:56:28,657 [INFO] 
训练数据准备完成:
2026-04-11 23:56:28,657 [INFO] 时间点数量: 1983
2026-04-11 23:56:28,657 [INFO] 合约数量: 9
2026-04-11 23:56:28,657 [INFO] 特征数量: 6
2026-04-11 23:56:28,658 [INFO] 特征列表: ['open', 'close', 'high', 'low', 'volume', 'open_interest']
2026-04-11 23:56:28,658 [INFO] 
测试数据准备完成:
2026-04-11 23:56:28,658 [INFO] 时间点数量: 2489
2026-04-11 23:56:28,658 [INFO] 合约数量: 9
2026-04-11 23:56:28,658 [INFO] 特征数量: 6
2026-04-11 23:56:28,658 [INFO] 特征列表: ['open', 'close', 'high', 'low', 'volume', 'open_interest']
2026-04-11 23:56:28,658 [INFO] 
数据质量检查:
2026-04-11 23:56:28,658 [INFO] y中NaN比例: 0.00%
2026-04-11 23:56:28,658 [INFO] y中有效值数量: 17847
2026-04-11 23:56:28,659 [INFO] 训练集最小时间: 2025-06-03 09:00:00, 最大时间: 2025-08-30 00:30:00
2026-04-11 23:56:28,659 [INFO]   open: NaN比例=0.00%
2026-04-11 23:56:28,659 [INFO]   close: NaN比例=0.00%
2026-04-11 23:56:28,659 [INFO]   high: NaN比例=0.00%
2026-04-11 23:56:28,659 [INFO]   low: NaN比例=0.00%
2026-04-11 23:56:28,659 [INFO]   volume: NaN比例=0.00%
2026-04-11 23:56:28,661 [INFO] 
测试集数据质量检查:
2026-04-11 23:56:28,661 [INFO] y_test中NaN比例: 0.00%
2026-04-11 23:56:28,661 [INFO] y_test中有效值数量: 22401
2026-04-11 23:56:28,661 [INFO] 测试集最小时间: 2025-09-01 09:00:00, 最大时间: 2025-12-30 23:30:00
2026-04-11 23:56:28,662 [INFO]   open: NaN比例=0.00%
2026-04-11 23:56:28,662 [INFO]   close: NaN比例=0.00%
2026-04-11 23:56:28,663 [INFO]   high: NaN比例=0.00%
2026-04-11 23:56:28,663 [INFO]   low: NaN比例=0.00%
2026-04-11 23:56:28,663 [INFO]   volume: NaN比例=0.00%
2026-04-11 23:56:28,664 [INFO] 本次使用的随机数种子为: 3453863432
2026-04-11 23:56:28,664 [INFO] 训练前关键配置检查：
2026-04-11 23:56:28,664 [INFO]   SYMBOLS数量: 9
2026-04-11 23:56:28,664 [INFO]   训练集shape: (1983, 9)
2026-04-11 23:56:28,664 [INFO]   测试集shape: (2489, 9)
2026-04-11 23:56:28,664 [INFO]   IC_PERIOD: 1
2026-04-11 23:56:28,664 [INFO]   FITNESS_W_TRAIN: 0.4
2026-04-11 23:56:28,664 [INFO]   FITNESS_W_TEST: 0.6
2026-04-12 00:00:44,711 [INFO] 开始遗传规划因子挖掘...
2026-04-12 00:00:44,711 [INFO] ==============================================================================================================================================================================================================
2026-04-12 00:00:44,712 [INFO] |       种群信息       |               最优个体               |                 因子质量                 |
2026-04-12 00:00:44,712 [INFO] 
--------------------------------------------------------------------------------------------------------------------------------------------------------------------------------------------------------------
2026-04-12 00:00:44,712 [INFO] 轮次  代数    平均长度    平均适应度    最优长度    最优适应度      平均IC(训/测)       平均IR(训/测)       最优IC(训/测)       最优IR(训/测)   最优有效时点(训/测)   剩余时间  最优表达式
2026-04-12 00:00:44,712 [INFO] 
--------------------------------------------------------------------------------------------------------------------------------------------------------------------------------------------------------------
2026-04-12 00:00:44,713 [INFO]    1    1         5.2       -0.0333           9        0.0411   -0.0103/-0.0033   -0.0271/-0.0090    0.0231/ 0.0217    0.0615/ 0.0521          1979/2483         ?  MAX(MACD_MACD(34, 7, 72), AVEDEV(PSY(110), 1))
2026-04-12 00:05:01,239 [INFO]    1    2         4.6       -0.0024           3        0.1198   -0.0023/ 0.0078   -0.0061/ 0.0176    0.0657/ 0.0628    0.1754/ 0.1590          1893/2385    55.53m  LOWRANGE(RSI(20))
