2026-04-12 16:24:26,892 [INFO] 警告：qmf_data 不可用，将使用空数据集继续
2026-04-12 16:24:26,893 [INFO] 警告：qmf_data 不可用，将使用空数据集继续
2026-04-12 16:24:26,898 [INFO] 训练集数据预处理完成，共 0 条记录
2026-04-12 16:24:26,898 [INFO] 测试集数据预处理完成，共 0 条记录
2026-04-12 16:24:26,898 [INFO] 计算训练集目标变量...
2026-04-12 16:24:26,900 [INFO] 计算测试集目标变量...
2026-04-12 16:24:26,903 [INFO] 原始数据行数: 0
2026-04-12 16:24:26,904 [INFO] 
构造训练数据...
2026-04-12 16:24:26,907 [INFO] 特征 open 转换成功，形状: (0, 0)
2026-04-12 16:24:26,908 [INFO] 特征 close 转换成功，形状: (0, 0)
2026-04-12 16:24:26,908 [INFO] 特征 high 转换成功，形状: (0, 0)
2026-04-12 16:24:26,909 [INFO] 特征 low 转换成功，形状: (0, 0)
2026-04-12 16:24:26,909 [INFO] 特征 volume 转换成功，形状: (0, 0)
2026-04-12 16:24:26,909 [INFO] 特征 open_interest 转换成功，形状: (0, 0)
2026-04-12 16:24:26,911 [INFO] 特征 future_return 转换成功，形状: (0, 0)
2026-04-12 16:24:26,912 [INFO] 
构造测试数据...
2026-04-12 16:24:26,912 [INFO] 特征 open 转换成功，形状: (0, 0)
2026-04-12 16:24:26,912 [INFO] 特征 close 转换成功，形状: (0, 0)
2026-04-12 16:24:26,913 [INFO] 特征 high 转换成功，形状: (0, 0)
2026-04-12 16:24:26,914 [INFO] 特征 low 转换成功，形状: (0, 0)
2026-04-12 16:24:26,915 [INFO] 特征 volume 转换成功，形状: (0, 0)
2026-04-12 16:24:26,915 [INFO] 特征 open_interest 转换成功，形状: (0, 0)
2026-04-12 16:24:26,916 [INFO] 特征 future_return 转换成功，形状: (0, 0)
2026-04-12 16:24:26,916 [INFO] 
训练数据准备完成:
2026-04-12 16:24:26,916 [INFO] 时间点数量: 0
2026-04-12 16:24:26,916 [INFO] 合约数量: 0
2026-04-12 16:24:26,916 [INFO] 特征数量: 6
2026-04-12 16:24:26,916 [INFO] 特征列表: ['open', 'close', 'high', 'low', 'volume', 'open_interest']
2026-04-12 16:24:26,916 [INFO] 
测试数据准备完成:
2026-04-12 16:24:26,916 [INFO] 时间点数量: 0
2026-04-12 16:24:26,916 [INFO] 合约数量: 0
2026-04-12 16:24:26,916 [INFO] 特征数量: 6
2026-04-12 16:24:26,916 [INFO] 特征列表: ['open', 'close', 'high', 'low', 'volume', 'open_interest']
2026-04-12 16:24:26,916 [INFO] 
数据质量检查:
2026-04-12 16:24:26,916 [INFO] y中NaN比例: nan%
2026-04-12 16:24:26,916 [INFO] y中有效值数量: 0
2026-04-12 16:24:26,916 [INFO]   open: NaN比例=nan%
2026-04-12 16:24:26,916 [INFO]   close: NaN比例=nan%
2026-04-12 16:24:26,916 [INFO]   high: NaN比例=nan%
2026-04-12 16:24:26,916 [INFO]   low: NaN比例=nan%
2026-04-12 16:24:26,916 [INFO]   volume: NaN比例=nan%
2026-04-12 16:24:26,916 [INFO] 
测试集数据质量检查:
2026-04-12 16:24:26,916 [INFO] y_test中NaN比例: nan%
2026-04-12 16:24:26,916 [INFO] y_test中有效值数量: 0
2026-04-12 16:24:26,916 [INFO]   open: NaN比例=nan%
2026-04-12 16:24:26,917 [INFO]   close: NaN比例=nan%
2026-04-12 16:24:26,917 [INFO]   high: NaN比例=nan%
2026-04-12 16:24:26,917 [INFO]   low: NaN比例=nan%
2026-04-12 16:24:26,917 [INFO]   volume: NaN比例=nan%
