2026-04-10 23:44:26,872 [INFO] 当前使用的合约列表（共 9 个合约）：
2026-04-10 23:44:26,873 [INFO] ['ao888', 'ni888', 'pb888', 'sn888', 'ss888', 'zn888', 'al888', 'cu888', 'bc888']
2026-04-10 23:44:26,873 [INFO] 开始获取数据...
2026-04-10 23:44:26,873 [INFO] 数据获取完成！
2026-04-10 23:44:27,418 [INFO] 训练集数据预处理完成，共 17865 条记录
2026-04-10 23:44:27,419 [INFO] 测试集数据预处理完成，共 22419 条记录
2026-04-10 23:44:27,419 [INFO] 计算训练集目标变量...
2026-04-10 23:44:27,422 [INFO] 计算测试集目标变量...
2026-04-10 23:44:27,452 [INFO] 原始数据行数: 17847
2026-04-10 23:44:27,454 [INFO] 
构造训练数据...
2026-04-10 23:44:27,460 [INFO] 特征 open 转换成功，形状: (1983, 9)
2026-04-10 23:44:27,463 [INFO] 特征 close 转换成功，形状: (1983, 9)
2026-04-10 23:44:27,469 [INFO] 特征 high 转换成功，形状: (1983, 9)
2026-04-10 23:44:27,474 [INFO] 特征 low 转换成功，形状: (1983, 9)
2026-04-10 23:44:27,481 [INFO] 特征 volume 转换成功，形状: (1983, 9)
2026-04-10 23:44:27,484 [INFO] 特征 open_interest 转换成功，形状: (1983, 9)
2026-04-10 23:44:27,487 [INFO] 特征 future_return 转换成功，形状: (1983, 9)
2026-04-10 23:44:27,488 [INFO] 
构造测试数据...
2026-04-10 23:44:27,493 [INFO] 特征 open 转换成功，形状: (2489, 9)
2026-04-10 23:44:27,498 [INFO] 特征 close 转换成功，形状: (2489, 9)
2026-04-10 23:44:27,505 [INFO] 特征 high 转换成功，形状: (2489, 9)
2026-04-10 23:44:27,520 [INFO] 特征 low 转换成功，形状: (2489, 9)
2026-04-10 23:44:27,528 [INFO] 特征 volume 转换成功，形状: (2489, 9)
2026-04-10 23:44:27,533 [INFO] 特征 open_interest 转换成功，形状: (2489, 9)
2026-04-10 23:44:27,539 [INFO] 特征 future_return 转换成功，形状: (2489, 9)
2026-04-10 23:44:27,539 [INFO] 
训练数据准备完成:
2026-04-10 23:44:27,540 [INFO] 时间点数量: 1983
2026-04-10 23:44:27,540 [INFO] 合约数量: 9
2026-04-10 23:44:27,540 [INFO] 特征数量: 6
2026-04-10 23:44:27,540 [INFO] 特征列表: ['open', 'close', 'high', 'low', 'volume', 'open_interest']
2026-04-10 23:44:27,541 [INFO] 
测试数据准备完成:
2026-04-10 23:44:27,541 [INFO] 时间点数量: 2489
2026-04-10 23:44:27,541 [INFO] 合约数量: 9
2026-04-10 23:44:27,541 [INFO] 特征数量: 6
2026-04-10 23:44:27,541 [INFO] 特征列表: ['open', 'close', 'high', 'low', 'volume', 'open_interest']
2026-04-10 23:44:27,541 [INFO] 
数据质量检查:
2026-04-10 23:44:27,541 [INFO] y中NaN比例: 0.00%
2026-04-10 23:44:27,543 [INFO] y中有效值数量: 17847
2026-04-10 23:44:27,543 [INFO] 训练集最小时间: 2025-06-03 09:00:00, 最大时间: 2025-08-30 00:30:00
2026-04-10 23:44:27,543 [INFO]   open: NaN比例=0.00%
2026-04-10 23:44:27,543 [INFO]   close: NaN比例=0.00%
2026-04-10 23:44:27,543 [INFO]   high: NaN比例=0.00%
2026-04-10 23:44:27,543 [INFO]   low: NaN比例=0.00%
2026-04-10 23:44:27,543 [INFO]   volume: NaN比例=0.00%
2026-04-10 23:44:27,543 [INFO] 
测试集数据质量检查:
2026-04-10 23:44:27,544 [INFO] y_test中NaN比例: 0.00%
2026-04-10 23:44:27,544 [INFO] y_test中有效值数量: 22401
2026-04-10 23:44:27,544 [INFO] 测试集最小时间: 2025-09-01 09:00:00, 最大时间: 2025-12-30 23:30:00
2026-04-10 23:44:27,544 [INFO]   open: NaN比例=0.00%
2026-04-10 23:44:27,545 [INFO]   close: NaN比例=0.00%
2026-04-10 23:44:27,545 [INFO]   high: NaN比例=0.00%
2026-04-10 23:44:27,545 [INFO]   low: NaN比例=0.00%
2026-04-10 23:44:27,545 [INFO]   volume: NaN比例=0.00%
2026-04-10 23:44:27,546 [INFO] 本次使用的随机数种子为: 536351403
2026-04-10 23:44:27,546 [INFO] 训练前关键配置检查：
2026-04-10 23:44:27,546 [INFO]   SYMBOLS数量: 9
2026-04-10 23:44:27,546 [INFO]   训练集shape: (1983, 9)
2026-04-10 23:44:27,546 [INFO]   测试集shape: (2489, 9)
2026-04-10 23:44:27,547 [INFO]   IC_PERIOD: 1
2026-04-10 23:44:27,547 [INFO]   FITNESS_W_TRAIN: 0.4
2026-04-10 23:44:27,547 [INFO]   FITNESS_W_TEST: 0.6
2026-04-10 23:48:47,594 [INFO] 开始遗传规划因子挖掘...
2026-04-10 23:48:47,594 [INFO] ==============================================================================================================================================================================================================
2026-04-10 23:48:47,594 [INFO] |       种群信息       |               最优个体               |                 因子质量                 |
2026-04-10 23:48:47,594 [INFO] 
--------------------------------------------------------------------------------------------------------------------------------------------------------------------------------------------------------------
2026-04-10 23:48:47,594 [INFO] 轮次  代数    平均长度    平均适应度    最优长度    最优适应度      平均IC(训/测)       平均IR(训/测)       最优IC(训/测)       最优IR(训/测)   最优有效时点(训/测)   剩余时间  最优表达式
2026-04-10 23:48:47,594 [INFO] 
--------------------------------------------------------------------------------------------------------------------------------------------------------------------------------------------------------------
2026-04-10 23:48:47,594 [INFO]    1    1         4.6       -0.0292           5        0.0724   -0.0116/-0.0024   -0.0304/-0.0070    0.0396/ 0.0368    0.1048/ 0.0939          1852/2316         ?  LOWRANGE(KDJ_J(7, 82, 83))
2026-04-10 23:51:27,963 [INFO]    1    2         4.4       -0.0124           5        0.0724   -0.0032/ 0.0069   -0.0085/ 0.0149    0.0396/ 0.0368    0.1048/ 0.0939          1852/2316    45.54m  LOWRANGE(KDJ_J(7, 82, 83))
2026-04-10 23:53:35,135 [INFO]    1    3         4.2        0.0034           5        0.0973    0.0024/ 0.0103    0.0064/ 0.0238    0.0496/ 0.0500    0.1323/ 0.1289          1858/2341    36.51m  LOWRANGE(KDJ_J(7, 102, 2.9073187962044544))
2026-04-10 23:56:24,331 [INFO]    1    4         3.8        0.0129           2        0.1251    0.0083/ 0.0136    0.0219/ 0.0320    0.0824/ 0.0661    0.2225/ 0.1662          1983/2489    32.85m  WR(5)
2026-04-10 23:58:40,811 [INFO]    1    5         3.8        0.0213           2        0.1435    0.0142/ 0.0163    0.0380/ 0.0398    0.1010/ 0.0727    0.2727/ 0.1858          1983/2489    28.44m  WR(3)
2026-04-11 00:01:10,334 [INFO]    1    6         3.7        0.0233           2        0.1435    0.0172/ 0.0172    0.0459/ 0.0423    0.1010/ 0.0727    0.2727/ 0.1858          1983/2489    25.07m  WR(3)
