2026-04-12 10:32:23,316 [INFO] 当前使用的合约列表（共 9 个合约）：
2026-04-12 10:32:23,316 [INFO] ['ao888', 'ni888', 'pb888', 'sn888', 'ss888', 'zn888', 'al888', 'cu888', 'bc888']
2026-04-12 10:32:23,316 [INFO] 开始获取数据...
2026-04-12 10:32:23,316 [INFO] 数据获取完成！
2026-04-12 10:32:23,937 [INFO] 训练集数据预处理完成，共 17865 条记录
2026-04-12 10:32:23,937 [INFO] 测试集数据预处理完成，共 22419 条记录
2026-04-12 10:32:23,937 [INFO] 计算训练集目标变量...
2026-04-12 10:32:23,940 [INFO] 计算测试集目标变量...
2026-04-12 10:32:23,955 [INFO] 原始数据行数: 17847
2026-04-12 10:32:23,958 [INFO] 
构造训练数据...
2026-04-12 10:32:23,964 [INFO] 特征 open 转换成功，形状: (1983, 9)
2026-04-12 10:32:23,967 [INFO] 特征 close 转换成功，形状: (1983, 9)
2026-04-12 10:32:23,973 [INFO] 特征 high 转换成功，形状: (1983, 9)
2026-04-12 10:32:23,977 [INFO] 特征 low 转换成功，形状: (1983, 9)
2026-04-12 10:32:23,980 [INFO] 特征 volume 转换成功，形状: (1983, 9)
2026-04-12 10:32:23,985 [INFO] 特征 open_interest 转换成功，形状: (1983, 9)
2026-04-12 10:32:23,992 [INFO] 特征 future_return 转换成功，形状: (1983, 9)
2026-04-12 10:32:23,992 [INFO] 
构造测试数据...
2026-04-12 10:32:23,996 [INFO] 特征 open 转换成功，形状: (2489, 9)
2026-04-12 10:32:24,001 [INFO] 特征 close 转换成功，形状: (2489, 9)
2026-04-12 10:32:24,004 [INFO] 特征 high 转换成功，形状: (2489, 9)
2026-04-12 10:32:24,010 [INFO] 特征 low 转换成功，形状: (2489, 9)
2026-04-12 10:32:24,015 [INFO] 特征 volume 转换成功，形状: (2489, 9)
2026-04-12 10:32:24,022 [INFO] 特征 open_interest 转换成功，形状: (2489, 9)
2026-04-12 10:32:24,027 [INFO] 特征 future_return 转换成功，形状: (2489, 9)
2026-04-12 10:32:24,027 [INFO] 
训练数据准备完成:
2026-04-12 10:32:24,027 [INFO] 时间点数量: 1983
2026-04-12 10:32:24,027 [INFO] 合约数量: 9
2026-04-12 10:32:24,027 [INFO] 特征数量: 6
2026-04-12 10:32:24,027 [INFO] 特征列表: ['open', 'close', 'high', 'low', 'volume', 'open_interest']
2026-04-12 10:32:24,027 [INFO] 
测试数据准备完成:
2026-04-12 10:32:24,027 [INFO] 时间点数量: 2489
2026-04-12 10:32:24,028 [INFO] 合约数量: 9
2026-04-12 10:32:24,028 [INFO] 特征数量: 6
2026-04-12 10:32:24,028 [INFO] 特征列表: ['open', 'close', 'high', 'low', 'volume', 'open_interest']
2026-04-12 10:32:24,028 [INFO] 
数据质量检查:
2026-04-12 10:32:24,029 [INFO] y中NaN比例: 0.00%
2026-04-12 10:32:24,029 [INFO] y中有效值数量: 17847
2026-04-12 10:32:24,029 [INFO] 训练集最小时间: 2025-06-03 09:00:00, 最大时间: 2025-08-30 00:30:00
2026-04-12 10:32:24,030 [INFO]   open: NaN比例=0.00%
2026-04-12 10:32:24,030 [INFO]   close: NaN比例=0.00%
2026-04-12 10:32:24,030 [INFO]   high: NaN比例=0.00%
2026-04-12 10:32:24,031 [INFO]   low: NaN比例=0.00%
2026-04-12 10:32:24,035 [INFO]   volume: NaN比例=0.00%
2026-04-12 10:32:24,035 [INFO] 
测试集数据质量检查:
2026-04-12 10:32:24,035 [INFO] y_test中NaN比例: 0.00%
2026-04-12 10:32:24,036 [INFO] y_test中有效值数量: 22401
2026-04-12 10:32:24,036 [INFO] 测试集最小时间: 2025-09-01 09:00:00, 最大时间: 2025-12-30 23:30:00
2026-04-12 10:32:24,036 [INFO]   open: NaN比例=0.00%
2026-04-12 10:32:24,036 [INFO]   close: NaN比例=0.00%
2026-04-12 10:32:24,037 [INFO]   high: NaN比例=0.00%
2026-04-12 10:32:24,037 [INFO]   low: NaN比例=0.00%
2026-04-12 10:32:24,037 [INFO]   volume: NaN比例=0.00%
2026-04-12 10:32:24,038 [INFO] 本次使用的随机数种子为: 160082860
2026-04-12 10:32:24,038 [INFO] 训练前关键配置检查：
2026-04-12 10:32:24,039 [INFO]   SYMBOLS数量: 9
2026-04-12 10:32:24,039 [INFO]   训练集shape: (1983, 9)
2026-04-12 10:32:24,039 [INFO]   测试集shape: (2489, 9)
2026-04-12 10:32:24,039 [INFO]   IC_PERIOD: 1
2026-04-12 10:32:24,039 [INFO]   FITNESS_W_TRAIN: 0.4
2026-04-12 10:32:24,039 [INFO]   FITNESS_W_TEST: 0.6
2026-04-12 10:35:20,577 [INFO] 开始遗传规划因子挖掘...
2026-04-12 10:35:20,578 [INFO] ==============================================================================================================================================================================================================
2026-04-12 10:35:20,578 [INFO] |       种群信息       |               最优个体               |                 因子质量                 |
2026-04-12 10:35:20,578 [INFO] 
--------------------------------------------------------------------------------------------------------------------------------------------------------------------------------------------------------------
2026-04-12 10:35:20,578 [INFO] 轮次  代数    平均长度    平均适应度    最优长度    最优适应度      平均IC(训/测)       平均IR(训/测)       最优IC(训/测)       最优IR(训/测)   最优有效时点(训/测)   剩余时间  最优表达式
2026-04-12 10:35:20,578 [INFO] 
--------------------------------------------------------------------------------------------------------------------------------------------------------------------------------------------------------------
2026-04-12 10:35:20,579 [INFO]    1    1         3.9       -0.0236           2        0.0448   -0.0130/-0.0040   -0.0343/-0.0106    0.0466/ 0.0231    0.1197/ 0.0571          1983/2489         ?  WR(59)
2026-04-12 10:36:57,789 [INFO]    1    2         3.9       -0.0091           2        0.0559   -0.0056/ 0.0028   -0.0147/ 0.0051    0.0504/ 0.0294    0.1303/ 0.0729          1983/2489    29.66m  WR(41)
2026-04-12 10:38:59,436 [INFO]    1    3         4.2        0.0024           2        0.0559   -0.0005/ 0.0106   -0.0014/ 0.0235    0.0504/ 0.0294    0.1303/ 0.0729          1983/2489    26.36m  WR(41)
